Archive member included to satisfy reference by file (symbol)

D:/STM32/STM32CubeIDE_1.19.0/STM32CubeIDE/plugins/com.st.stm32cube.ide.mcu.externaltools.gnu-tools-for-stm32.13.3.rel1.win32_1.0.0.202411081344/tools/bin/../lib/gcc/arm-none-eabi/13.3.1/../../../../arm-none-eabi/lib/thumb/v7-m/nofp\libc_nano.a(libc_a-exit.o)
                              D:/STM32/STM32CubeIDE_1.19.0/STM32CubeIDE/plugins/com.st.stm32cube.ide.mcu.externaltools.gnu-tools-for-stm32.13.3.rel1.win32_1.0.0.202411081344/tools/bin/../lib/gcc/arm-none-eabi/13.3.1/../../../../arm-none-eabi/lib/thumb/v7-m/nofp/crt0.o (exit)
D:/STM32/STM32CubeIDE_1.19.0/STM32CubeIDE/plugins/com.st.stm32cube.ide.mcu.externaltools.gnu-tools-for-stm32.13.3.rel1.win32_1.0.0.202411081344/tools/bin/../lib/gcc/arm-none-eabi/13.3.1/../../../../arm-none-eabi/lib/thumb/v7-m/nofp\libc_nano.a(libc_a-findfp.o)
                              D:/STM32/STM32CubeIDE_1.19.0/STM32CubeIDE/plugins/com.st.stm32cube.ide.mcu.externaltools.gnu-tools-for-stm32.13.3.rel1.win32_1.0.0.202411081344/tools/bin/../lib/gcc/arm-none-eabi/13.3.1/../../../../arm-none-eabi/lib/thumb/v7-m/nofp\libc_nano.a(libc_a-exit.o) (__stdio_exit_handler)
D:/STM32/STM32CubeIDE_1.19.0/STM32CubeIDE/plugins/com.st.stm32cube.ide.mcu.externaltools.gnu-tools-for-stm32.13.3.rel1.win32_1.0.0.202411081344/tools/bin/../lib/gcc/arm-none-eabi/13.3.1/../../../../arm-none-eabi/lib/thumb/v7-m/nofp\libc_nano.a(libc_a-fwalk.o)
                              D:/STM32/STM32CubeIDE_1.19.0/STM32CubeIDE/plugins/com.st.stm32cube.ide.mcu.externaltools.gnu-tools-for-stm32.13.3.rel1.win32_1.0.0.202411081344/tools/bin/../lib/gcc/arm-none-eabi/13.3.1/../../../../arm-none-eabi/lib/thumb/v7-m/nofp\libc_nano.a(libc_a-findfp.o) (_fwalk_sglue)
D:/STM32/STM32CubeIDE_1.19.0/STM32CubeIDE/plugins/com.st.stm32cube.ide.mcu.externaltools.gnu-tools-for-stm32.13.3.rel1.win32_1.0.0.202411081344/tools/bin/../lib/gcc/arm-none-eabi/13.3.1/../../../../arm-none-eabi/lib/thumb/v7-m/nofp\libc_nano.a(libc_a-stdio.o)
                              D:/STM32/STM32CubeIDE_1.19.0/STM32CubeIDE/plugins/com.st.stm32cube.ide.mcu.externaltools.gnu-tools-for-stm32.13.3.rel1.win32_1.0.0.202411081344/tools/bin/../lib/gcc/arm-none-eabi/13.3.1/../../../../arm-none-eabi/lib/thumb/v7-m/nofp\libc_nano.a(libc_a-findfp.o) (__sread)
D:/STM32/STM32CubeIDE_1.19.0/STM32CubeIDE/plugins/com.st.stm32cube.ide.mcu.externaltools.gnu-tools-for-stm32.13.3.rel1.win32_1.0.0.202411081344/tools/bin/../lib/gcc/arm-none-eabi/13.3.1/../../../../arm-none-eabi/lib/thumb/v7-m/nofp\libc_nano.a(libc_a-memmove.o)
                              ./Core/Src/UARTComms.o (memmove)
D:/STM32/STM32CubeIDE_1.19.0/STM32CubeIDE/plugins/com.st.stm32cube.ide.mcu.externaltools.gnu-tools-for-stm32.13.3.rel1.win32_1.0.0.202411081344/tools/bin/../lib/gcc/arm-none-eabi/13.3.1/../../../../arm-none-eabi/lib/thumb/v7-m/nofp\libc_nano.a(libc_a-memset.o)
                              D:/STM32/STM32CubeIDE_1.19.0/STM32CubeIDE/plugins/com.st.stm32cube.ide.mcu.externaltools.gnu-tools-for-stm32.13.3.rel1.win32_1.0.0.202411081344/tools/bin/../lib/gcc/arm-none-eabi/13.3.1/../../../../arm-none-eabi/lib/thumb/v7-m/nofp/crt0.o (memset)
D:/STM32/STM32CubeIDE_1.19.0/STM32CubeIDE/plugins/com.st.stm32cube.ide.mcu.externaltools.gnu-tools-for-stm32.13.3.rel1.win32_1.0.0.202411081344/tools/bin/../lib/gcc/arm-none-eabi/13.3.1/../../../../arm-none-eabi/lib/thumb/v7-m/nofp\libc_nano.a(libc_a-closer.o)
                              D:/STM32/STM32CubeIDE_1.19.0/STM32CubeIDE/plugins/com.st.stm32cube.ide.mcu.externaltools.gnu-tools-for-stm32.13.3.rel1.win32_1.0.0.202411081344/tools/bin/../lib/gcc/arm-none-eabi/13.3.1/../../../../arm-none-eabi/lib/thumb/v7-m/nofp\libc_nano.a(libc_a-stdio.o) (_close_r)
D:/STM32/STM32CubeIDE_1.19.0/STM32CubeIDE/plugins/com.st.stm32cube.ide.mcu.externaltools.gnu-tools-for-stm32.13.3.rel1.win32_1.0.0.202411081344/tools/bin/../lib/gcc/arm-none-eabi/13.3.1/../../../../arm-none-eabi/lib/thumb/v7-m/nofp\libc_nano.a(libc_a-reent.o)
                              D:/STM32/STM32CubeIDE_1.19.0/STM32CubeIDE/plugins/com.st.stm32cube.ide.mcu.externaltools.gnu-tools-for-stm32.13.3.rel1.win32_1.0.0.202411081344/tools/bin/../lib/gcc/arm-none-eabi/13.3.1/../../../../arm-none-eabi/lib/thumb/v7-m/nofp\libc_nano.a(libc_a-closer.o) (errno)
D:/STM32/STM32CubeIDE_1.19.0/STM32CubeIDE/plugins/com.st.stm32cube.ide.mcu.externaltools.gnu-tools-for-stm32.13.3.rel1.win32_1.0.0.202411081344/tools/bin/../lib/gcc/arm-none-eabi/13.3.1/../../../../arm-none-eabi/lib/thumb/v7-m/nofp\libc_nano.a(libc_a-impure.o)
                              D:/STM32/STM32CubeIDE_1.19.0/STM32CubeIDE/plugins/com.st.stm32cube.ide.mcu.externaltools.gnu-tools-for-stm32.13.3.rel1.win32_1.0.0.202411081344/tools/bin/../lib/gcc/arm-none-eabi/13.3.1/../../../../arm-none-eabi/lib/thumb/v7-m/nofp\libc_nano.a(libc_a-reent.o) (_impure_ptr)
[...]
Memory Configuration

Name             Origin             Length             Attributes
RAM              0x20000000         0x00005000         xrw
FLASH            0x08000000         0x00010000         xr
*default*        0x00000000         0xffffffff

Linker script and memory map

LOAD D:/STM32/STM32CubeIDE_1.19.0/STM32CubeIDE/plugins/com.st.stm32cube.ide.mcu.externaltools.gnu-tools-for-stm32.13.3.rel1.win32_1.0.0.202411081344/tools/bin/../lib/gcc/arm-none-eabi/13.3.1/thumb/v7-m/nofp/crti.o
LOAD D:/STM32/STM32CubeIDE_1.19.0/STM32CubeIDE/plugins/com.st.stm32cube.ide.mcu.externaltools.gnu-tools-for-stm32.13.3.rel1.win32_1.0.0.202411081344/tools/bin/../lib/gcc/arm-none-eabi/13.3.1/thumb/v7-m/nofp/crtbegin.o
LOAD D:/STM32/STM32CubeIDE_1.19.0/STM32CubeIDE/plugins/com.st.stm32cube.ide.mcu.externaltools.gnu-tools-for-stm32.13.3.rel1.win32_1.0.0.202411081344/tools/bin/../lib/gcc/arm-none-eabi/13.3.1/../../../../arm-none-eabi/lib/thumb/v7-m/nofp/crt0.o
LOAD ./Core/Src/CRCs.o
LOAD ./Core/Src/MG370.o
LOAD ./Core/Src/UARTComms.o
LOAD ./Core/Src/crc.o
LOAD ./Core/Src/dma.o
LOAD ./Core/Src/freertos.o
LOAD ./Core/Src/gpio.o
LOAD ./Core/Src/main.o
LOAD ./Core/Src/stm32f1xx_hal_msp.o
LOAD ./Core/Src/stm32f1xx_hal_timebase_tim.o
LOAD ./Core/Src/stm32f1xx_it.o
LOAD ./Core/Src/syscalls.o
LOAD ./Core/Src/sysmem.o
LOAD ./Core/Src/system_stm32f1xx.o
LOAD ./Core/Src/tim.o
LOAD ./Core/Src/usart.o
LOAD ./Core/Startup/startup_stm32f103c8tx.o
LOAD ./Drivers/STM32F1xx_HAL_Driver/Src/stm32f1xx_hal.o
LOAD ./Drivers/STM32F1xx_HAL_Driver/Src/stm32f1xx_hal_cortex.o
LOAD ./Drivers/STM32F1xx_HAL_Driver/Src/stm32f1xx_hal_crc.o
LOAD ./Drivers/STM32F1xx_HAL_Driver/Src/stm32f1xx_hal_dma.o
LOAD ./Drivers/STM32F1xx_HAL_Driver/Src/stm32f1xx_hal_exti.o
LOAD ./Drivers/STM32F1xx_HAL_Driver/Src/stm32f1xx_hal_flash.o
LOAD ./Drivers/STM32F1xx_HAL_Driver/Src/stm32f1xx_hal_flash_ex.o
LOAD ./Drivers/STM32F1xx_HAL_Driver/Src/stm32f1xx_hal_gpio.o
LOAD ./Drivers/STM32F1xx_HAL_Driver/Src/stm32f1xx_hal_gpio_ex.o
LOAD ./Drivers/STM32F1xx_HAL_Driver/Src/stm32f1xx_hal_pwr.o
LOAD ./Drivers/STM32F1xx_HAL_Driver/Src/stm32f1xx_hal_rcc.o
LOAD ./Drivers/STM32F1xx_HAL_Driver/Src/stm32f1xx_hal_rcc_ex.o
LOAD ./Drivers/STM32F1xx_HAL_Driver/Src/stm32f1xx_hal_tim.o
LOAD ./Drivers/STM32F1xx_HAL_Driver/Src/stm32f1xx_hal_tim_ex.o
LOAD ./Drivers/STM32F1xx_HAL_Driver/Src/stm32f1xx_hal_uart.o
LOAD ./Middlewares/Third_Party/FreeRTOS/Source/CMSIS_RTOS_V2/cmsis_os2.o
LOAD ./Middlewares/Third_Party/FreeRTOS/Source/croutine.o
LOAD ./Middlewares/Third_Party/FreeRTOS/Source/event_groups.o
LOAD ./Middlewares/Third_Party/FreeRTOS/Source/list.o
LOAD ./Middlewares/Third_Party/FreeRTOS/Source/queue.o
LOAD ./Middlewares/Third_Party/FreeRTOS/Source/stream_buffer.o
LOAD ./Middlewares/Third_Party/FreeRTOS/Source/tasks.o
LOAD ./Middlewares/Third_Party/FreeRTOS/Source/timers.o
LOAD ./Middlewares/Third_Party/FreeRTOS/Source/portable/GCC/ARM_CM3/port.o
LOAD ./Middlewares/Third_Party/FreeRTOS/Source/portable/MemMang/heap_4.o
START GROUP
LOAD D:/STM32/STM32CubeIDE_1.19.0/STM32CubeIDE/plugins/com.st.stm32cube.ide.mcu.externaltools.gnu-tools-for-stm32.13.3.rel1.win32_1.0.0.202411081344/tools/bin/../lib/gcc/arm-none-eabi/13.3.1/../../../../arm-none-eabi/lib/thumb/v7-m/nofp\libc_nano.a
LOAD D:/STM32/STM32CubeIDE_1.19.0/STM32CubeIDE/plugins/com.st.stm32cube.ide.mcu.externaltools.gnu-tools-for-stm32.13.3.rel1.win32_1.0.0.202411081344/tools/bin/../lib/gcc/arm-none-eabi/13.3.1/../../../../arm-none-eabi/lib/thumb/v7-m/nofp\libm.a
END GROUP
START GROUP
LOAD D:/STM32/STM32CubeIDE_1.19.0/STM32CubeIDE/plugins/com.st.stm32cube.ide.mcu.externaltools.gnu-tools-for-stm32.13.3.rel1.win32_1.0.0.202411081344/tools/bin/../lib/gcc/arm-none-eabi/13.3.1/thumb/v7-m/nofp\libgcc.a
LOAD D:/STM32/STM32CubeIDE_1.19.0/STM32CubeIDE/plugins/com.st.stm32cube.ide.mcu.externaltools.gnu-tools-for-stm32.13.3.rel1.win32_1.0.0.202411081344/tools/bin/../lib/gcc/arm-none-eabi/13.3.1/../../../../arm-none-eabi/lib/thumb/v7-m/nofp\libc_nano.a
END GROUP
START GROUP
LOAD D:/STM32/STM32CubeIDE_1.19.0/STM32CubeIDE/plugins/com.st.stm32cube.ide.mcu.externaltools.gnu-tools-for-stm32.13.3.rel1.win32_1.0.0.202411081344/tools/bin/../lib/gcc/arm-none-eabi/13.3.1/thumb/v7-m/nofp\libgcc.a
LOAD D:/STM32/STM32CubeIDE_1.19.0/STM32CubeIDE/plugins/com.st.stm32cube.ide.mcu.externaltools.gnu-tools-for-stm32.13.3.rel1.win32_1.0.0.202411081344/tools/bin/../lib/gcc/arm-none-eabi/13.3.1/../../../../arm-none-eabi/lib/thumb/v7-m/nofp\libc_nano.a
LOAD D:/STM32/STM32CubeIDE_1.19.0/STM32CubeIDE/plugins/com.st.stm32cube.ide.mcu.externaltools.gnu-tools-for-stm32.13.3.rel1.win32_1.0.0.202411081344/tools/bin/../lib/gcc/arm-none-eabi/13.3.1/../../../../arm-none-eabi/lib/thumb/v7-m/nofp\libnosys.a
END GROUP
START GROUP
LOAD D:/STM32/STM32CubeIDE_1.19.0/STM32CubeIDE/plugins/com.st.stm32cube.ide.mcu.externaltools.gnu-tools-for-stm32.13.3.rel1.win32_1.0.0.202411081344/tools/bin/../lib/gcc/arm-none-eabi/13.3.1/thumb/v7-m/nofp\libgcc.a
LOAD D:/STM32/STM32CubeIDE_1.19.0/STM32CubeIDE/plugins/com.st.stm32cube.ide.mcu.externaltools.gnu-tools-for-stm32.13.3.rel1.win32_1.0.0.202411081344/tools/bin/../lib/gcc/arm-none-eabi/13.3.1/../../../../arm-none-eabi/lib/thumb/v7-m/nofp\libc_nano.a
LOAD D:/STM32/STM32CubeIDE_1.19.0/STM32CubeIDE/plugins/com.st.stm32cube.ide.mcu.externaltools.gnu-tools-for-stm32.13.3.rel1.win32_1.0.0.202411081344/tools/bin/../lib/gcc/arm-none-eabi/13.3.1/../../../../arm-none-eabi/lib/thumb/v7-m/nofp\libnosys.a
END GROUP
LOAD D:/STM32/STM32CubeIDE_1.19.0/STM32CubeIDE/plugins/com.st.stm32cube.ide.mcu.externaltools.gnu-tools-for-stm32.13.3.rel1.win32_1.0.0.202411081344/tools/bin/../lib/gcc/arm-none-eabi/13.3.1/thumb/v7-m/nofp/crtend.o
LOAD D:/STM32/STM32CubeIDE_1.19.0/STM32CubeIDE/plugins/com.st.stm32cube.ide.mcu.externaltools.gnu-tools-for-stm32.13.3.rel1.win32_1.0.0.202411081344/tools/bin/../lib/gcc/arm-none-eabi/13.3.1/thumb/v7-m/nofp/crtn.o
                0x20005000                        _estack = (ORIGIN (RAM) + LENGTH (RAM))
                0x00000200                        _Min_Heap_Size = 0x200
                0x00000400                        _Min_Stack_Size = 0x400

.isr_vector     0x08000000      0x10c
                0x08000000                        . = ALIGN (0x4)
 *(.isr_vector)
 .isr_vector    0x08000000      0x10c ./Core/Startup/startup_stm32f103c8tx.o
                0x08000000                g_pfnVectors
                0x0800010c                        . = ALIGN (0x4)

.text           0x08000110     0x6788
                0x08000110                        . = ALIGN (0x4)
 *(.text)
 .text          0x08000110       0x40 D:/STM32/STM32CubeIDE_1.19.0/STM32CubeIDE/plugins/com.st.stm32cube.ide.mcu.externaltools.gnu-tools-for-stm32.13.3.rel1.win32_1.0.0.202411081344/tools/bin/../lib/gcc/arm-none-eabi/13.3.1/thumb/v7-m/nofp/crtbegin.o
 *(.text*)
 .text.CRC08_Calculate
                0x08000150       0x40 ./Core/Src/CRCs.o
                0x08000150                CRC08_Calculate
 .text.CRC08_Verify
                0x08000190       0x46 ./Core/Src/CRCs.o
                0x08000190                CRC08_Verify
 .text.StartMotorControll
                0x080001d6       0x12 ./Core/Src/MG370.o
                0x080001d6                StartMotorControll
 .text.UARTComms_Recieve_Data
                0x080001e8       0x70 ./Core/Src/UARTComms.o
                0x080001e8                UARTComms_Recieve_Data
 .text.HAL_UARTEx_RxEventCallback
                0x08000258       0x3c ./Core/Src/UARTComms.o
                0x08000258                HAL_UARTEx_RxEventCallback
 .text.MX_CRC_Init
                0x08000294       0x28 ./Core/Src/crc.o
                0x08000294                MX_CRC_Init
 .text.HAL_CRC_MspInit
                0x080002bc       0x3c ./Core/Src/crc.o
                0x080002bc                HAL_CRC_MspInit
 .text.MX_DMA_Init
                0x080002f8       0x4c ./Core/Src/dma.o
                0x080002f8                MX_DMA_Init
 .text.MX_FREERTOS_Init
                0x08000344       0x40 ./Core/Src/freertos.o
                0x08000344                MX_FREERTOS_Init
 .text.StartCommsTask
                0x08000384       0x10 ./Core/Src/freertos.o
                0x08000384                StartCommsTask
 .text.MX_GPIO_Init
                0x08000394       0x98 ./Core/Src/gpio.o
                0x08000394                MX_GPIO_Init
 .text.main     0x0800042c       0x38 ./Core/Src/main.o
                0x0800042c                main
 .text.SystemClock_Config
                0x08000464       0x8a ./Core/Src/main.o
                0x08000464                SystemClock_Config
 *fill*         0x080004ee        0x2 
 .text.HAL_TIM_PeriodElapsedCallback
                0x080004f0       0x24 ./Core/Src/main.o
                0x080004f0                HAL_TIM_PeriodElapsedCallback
 .text.Error_Handler
                0x08000514        0xc ./Core/Src/main.o
                0x08000514                Error_Handler
 .text.HAL_MspInit
                0x08000520       0x70 ./Core/Src/stm32f1xx_hal_msp.o
                0x08000520                HAL_MspInit
 .text.HAL_InitTick
                0x08000590       0xfc ./Core/Src/stm32f1xx_hal_timebase_tim.o
                0x08000590                HAL_InitTick
 .text.NMI_Handler
                0x0800068c        0x8 ./Core/Src/stm32f1xx_it.o
                0x0800068c                NMI_Handler
 .text.HardFault_Handler
                0x08000694        0x8 ./Core/Src/stm32f1xx_it.o
                0x08000694                HardFault_Handler
 .text.MemManage_Handler
                0x0800069c        0x8 ./Core/Src/stm32f1xx_it.o
                0x0800069c                MemManage_Handler
 .text.BusFault_Handler
                0x080006a4        0x8 ./Core/Src/stm32f1xx_it.o
                0x080006a4                BusFault_Handler
 .text.UsageFault_Handler
                0x080006ac        0x8 ./Core/Src/stm32f1xx_it.o
                0x080006ac                UsageFault_Handler
 .text.DebugMon_Handler
                0x080006b4        0xc ./Core/Src/stm32f1xx_it.o
                0x080006b4                DebugMon_Handler
 .text.DMA1_Channel6_IRQHandler
                0x080006c0       0x14 ./Core/Src/stm32f1xx_it.o
                0x080006c0                DMA1_Channel6_IRQHandler
 .text.DMA1_Channel7_IRQHandler
                0x080006d4       0x14 ./Core/Src/stm32f1xx_it.o
                0x080006d4                DMA1_Channel7_IRQHandler
 .text.TIM4_IRQHandler
                0x080006e8       0x14 ./Core/Src/stm32f1xx_it.o
                0x080006e8                TIM4_IRQHandler
 .text.USART2_IRQHandler
                0x080006fc       0x14 ./Core/Src/stm32f1xx_it.o
                0x080006fc                USART2_IRQHandler
 .text.SystemInit
                0x08000710        0xc ./Core/Src/system_stm32f1xx.o
                0x08000710                SystemInit
 .text.MX_TIM1_Init
                0x0800071c       0xb0 ./Core/Src/tim.o
                0x0800071c                MX_TIM1_Init
 .text.MX_TIM2_Init
                0x080007cc       0xa8 ./Core/Src/tim.o
                0x080007cc                MX_TIM2_Init
 .text.MX_TIM3_Init
                0x08000874      0x100 ./Core/Src/tim.o
                0x08000874                MX_TIM3_Init
 .text.HAL_TIM_Encoder_MspInit
                0x08000974       0xd4 ./Core/Src/tim.o
                0x08000974                HAL_TIM_Encoder_MspInit
 .text.HAL_TIM_Base_MspInit
                0x08000a48       0x3c ./Core/Src/tim.o
                0x08000a48                HAL_TIM_Base_MspInit
 .text.HAL_TIM_MspPostInit
                0x08000a84       0x64 ./Core/Src/tim.o
                0x08000a84                HAL_TIM_MspPostInit
 .text.MX_USART2_UART_Init
                0x08000ae8       0x54 ./Core/Src/usart.o
                0x08000ae8                MX_USART2_UART_Init
 .text.HAL_UART_MspInit
                0x08000b3c      0x150 ./Core/Src/usart.o
                0x08000b3c                HAL_UART_MspInit
 .text.Reset_Handler
                0x08000c8c       0x48 ./Core/Startup/startup_stm32f103c8tx.o
                0x08000c8c                Reset_Handler
 .text.Default_Handler
                0x08000cd4        0x2 ./Core/Startup/startup_stm32f103c8tx.o
                0x08000cd4                RTC_Alarm_IRQHandler
                0x08000cd4                EXTI2_IRQHandler
                0x08000cd4                TIM1_CC_IRQHandler
                0x08000cd4                PVD_IRQHandler
                0x08000cd4                EXTI3_IRQHandler
                0x08000cd4                EXTI0_IRQHandler
                0x08000cd4                I2C2_EV_IRQHandler
                0x08000cd4                ADC1_2_IRQHandler
                0x08000cd4                SPI1_IRQHandler
                0x08000cd4                TAMPER_IRQHandler
                0x08000cd4                DMA1_Channel4_IRQHandler
                0x08000cd4                USART3_IRQHandler
                0x08000cd4                RTC_IRQHandler
                0x08000cd4                CAN1_RX1_IRQHandler
                0x08000cd4                I2C1_EV_IRQHandler
                0x08000cd4                TIM3_IRQHandler
                0x08000cd4                RCC_IRQHandler
                0x08000cd4                TIM1_TRG_COM_IRQHandler
                0x08000cd4                DMA1_Channel1_IRQHandler
                0x08000cd4                Default_Handler
                0x08000cd4                EXTI15_10_IRQHandler
                0x08000cd4                EXTI9_5_IRQHandler
                0x08000cd4                SPI2_IRQHandler
                0x08000cd4                DMA1_Channel5_IRQHandler
                0x08000cd4                EXTI4_IRQHandler
                0x08000cd4                USB_LP_CAN1_RX0_IRQHandler
                0x08000cd4                USB_HP_CAN1_TX_IRQHandler
                0x08000cd4                DMA1_Channel3_IRQHandler
                0x08000cd4                TIM1_UP_IRQHandler
                0x08000cd4                WWDG_IRQHandler
                0x08000cd4                TIM2_IRQHandler
                0x08000cd4                TIM1_BRK_IRQHandler
                0x08000cd4                EXTI1_IRQHandler
                0x08000cd4                I2C2_ER_IRQHandler
                0x08000cd4                DMA1_Channel2_IRQHandler
                0x08000cd4                CAN1_SCE_IRQHandler
                0x08000cd4                FLASH_IRQHandler
                0x08000cd4                USART1_IRQHandler
                0x08000cd4                I2C1_ER_IRQHandler
                0x08000cd4                USBWakeUp_IRQHandler
 *fill*         0x08000cd6        0x2 
 .text.HAL_Init
                0x08000cd8       0x2c ./Drivers/STM32F1xx_HAL_Driver/Src/stm32f1xx_hal.o
                0x08000cd8                HAL_Init
 .text.HAL_IncTick
                0x08000d04       0x24 ./Drivers/STM32F1xx_HAL_Driver/Src/stm32f1xx_hal.o
                0x08000d04                HAL_IncTick
 .text.HAL_GetTick
                0x08000d28       0x14 ./Drivers/STM32F1xx_HAL_Driver/Src/stm32f1xx_hal.o
                0x08000d28                HAL_GetTick
 .text.__NVIC_SetPriorityGrouping
                0x08000d3c       0x48 ./Drivers/STM32F1xx_HAL_Driver/Src/stm32f1xx_hal_cortex.o
 .text.__NVIC_GetPriorityGrouping
                0x08000d84       0x1c ./Drivers/STM32F1xx_HAL_Driver/Src/stm32f1xx_hal_cortex.o
 .text.__NVIC_EnableIRQ
                0x08000da0       0x38 ./Drivers/STM32F1xx_HAL_Driver/Src/stm32f1xx_hal_cortex.o
 .text.__NVIC_SetPriority
                0x08000dd8       0x54 ./Drivers/STM32F1xx_HAL_Driver/Src/stm32f1xx_hal_cortex.o
 .text.NVIC_EncodePriority
                0x08000e2c       0x64 ./Drivers/STM32F1xx_HAL_Driver/Src/stm32f1xx_hal_cortex.o
 .text.HAL_NVIC_SetPriorityGrouping
                0x08000e90       0x16 ./Drivers/STM32F1xx_HAL_Driver/Src/stm32f1xx_hal_cortex.o
                0x08000e90                HAL_NVIC_SetPriorityGrouping
 .text.HAL_NVIC_SetPriority
                0x08000ea6       0x38 ./Drivers/STM32F1xx_HAL_Driver/Src/stm32f1xx_hal_cortex.o
                0x08000ea6                HAL_NVIC_SetPriority
 .text.HAL_NVIC_EnableIRQ
                0x08000ede       0x1c ./Drivers/STM32F1xx_HAL_Driver/Src/stm32f1xx_hal_cortex.o
                0x08000ede                HAL_NVIC_EnableIRQ
 .text.HAL_CRC_Init
                0x08000efa       0x38 ./Drivers/STM32F1xx_HAL_Driver/Src/stm32f1xx_hal_crc.o
                0x08000efa                HAL_CRC_Init
 *fill*         0x08000f32        0x2 
 .text.HAL_DMA_Init
                0x08000f34       0xb4 ./Drivers/STM32F1xx_HAL_Driver/Src/stm32f1xx_hal_dma.o
                0x08000f34                HAL_DMA_Init
 .text.HAL_DMA_Start_IT
                0x08000fe8       0xc0 ./Drivers/STM32F1xx_HAL_Driver/Src/stm32f1xx_hal_dma.o
                0x08000fe8                HAL_DMA_Start_IT
 .text.HAL_DMA_Abort
                0x080010a8       0x76 ./Drivers/STM32F1xx_HAL_Driver/Src/stm32f1xx_hal_dma.o
                0x080010a8                HAL_DMA_Abort
 *fill*         0x0800111e        0x2 
 .text.HAL_DMA_Abort_IT
                0x08001120       0xf0 ./Drivers/STM32F1xx_HAL_Driver/Src/stm32f1xx_hal_dma.o
                0x08001120                HAL_DMA_Abort_IT
 .text.HAL_DMA_IRQHandler
                0x08001210      0x20c ./Drivers/STM32F1xx_HAL_Driver/Src/stm32f1xx_hal_dma.o
                0x08001210                HAL_DMA_IRQHandler
 .text.DMA_SetConfig
                0x0800141c       0x5a ./Drivers/STM32F1xx_HAL_Driver/Src/stm32f1xx_hal_dma.o
 *fill*         0x08001476        0x2 
 .text.HAL_GPIO_Init
                0x08001478      0x308 ./Drivers/STM32F1xx_HAL_Driver/Src/stm32f1xx_hal_gpio.o
                0x08001478                HAL_GPIO_Init
 .text.HAL_GPIO_WritePin
                0x08001780       0x30 ./Drivers/STM32F1xx_HAL_Driver/Src/stm32f1xx_hal_gpio.o
                0x08001780                HAL_GPIO_WritePin
 .text.HAL_RCC_OscConfig
                0x080017b0      0x504 ./Drivers/STM32F1xx_HAL_Driver/Src/stm32f1xx_hal_rcc.o
                0x080017b0                HAL_RCC_OscConfig
 .text.HAL_RCC_ClockConfig
                0x08001cb4      0x1d4 ./Drivers/STM32F1xx_HAL_Driver/Src/stm32f1xx_hal_rcc.o
                0x08001cb4                HAL_RCC_ClockConfig
 .text.HAL_RCC_GetSysClockFreq
                0x08001e88       0xa8 ./Drivers/STM32F1xx_HAL_Driver/Src/stm32f1xx_hal_rcc.o
                0x08001e88                HAL_RCC_GetSysClockFreq
 .text.HAL_RCC_GetHCLKFreq
                0x08001f30       0x14 ./Drivers/STM32F1xx_HAL_Driver/Src/stm32f1xx_hal_rcc.o
                0x08001f30                HAL_RCC_GetHCLKFreq
 .text.HAL_RCC_GetPCLK1Freq
                0x08001f44       0x28 ./Drivers/STM32F1xx_HAL_Driver/Src/stm32f1xx_hal_rcc.o
                0x08001f44                HAL_RCC_GetPCLK1Freq
 .text.HAL_RCC_GetPCLK2Freq
                0x08001f6c       0x28 ./Drivers/STM32F1xx_HAL_Driver/Src/stm32f1xx_hal_rcc.o
                0x08001f6c                HAL_RCC_GetPCLK2Freq
 .text.HAL_RCC_GetClockConfig
                0x08001f94       0x60 ./Drivers/STM32F1xx_HAL_Driver/Src/stm32f1xx_hal_rcc.o
                0x08001f94                HAL_RCC_GetClockConfig
 .text.RCC_Delay
                0x08001ff4       0x3c ./Drivers/STM32F1xx_HAL_Driver/Src/stm32f1xx_hal_rcc.o
 .text.HAL_TIM_Base_Init
                0x08002030       0x9e ./Drivers/STM32F1xx_HAL_Driver/Src/stm32f1xx_hal_tim.o
                0x08002030                HAL_TIM_Base_Init
 *fill*         0x080020ce        0x2 
 .text.HAL_TIM_Base_Start_IT
                0x080020d0       0xa4 ./Drivers/STM32F1xx_HAL_Driver/Src/stm32f1xx_hal_tim.o
                0x080020d0                HAL_TIM_Base_Start_IT
 .text.HAL_TIM_PWM_Init
                0x08002174       0x9e ./Drivers/STM32F1xx_HAL_Driver/Src/stm32f1xx_hal_tim.o
                0x08002174                HAL_TIM_PWM_Init
 .text.HAL_TIM_PWM_MspInit
                0x08002212       0x12 ./Drivers/STM32F1xx_HAL_Driver/Src/stm32f1xx_hal_tim.o
                0x08002212                HAL_TIM_PWM_MspInit
 .text.HAL_TIM_Encoder_Init
                0x08002224      0x144 ./Drivers/STM32F1xx_HAL_Driver/Src/stm32f1xx_hal_tim.o
                0x08002224                HAL_TIM_Encoder_Init
 .text.HAL_TIM_IRQHandler
                0x08002368      0x1e0 ./Drivers/STM32F1xx_HAL_Driver/Src/stm32f1xx_hal_tim.o
                0x08002368                HAL_TIM_IRQHandler
 .text.HAL_TIM_PWM_ConfigChannel
                0x08002548      0x184 ./Drivers/STM32F1xx_HAL_Driver/Src/stm32f1xx_hal_tim.o
                0x08002548                HAL_TIM_PWM_ConfigChannel
 .text.HAL_TIM_ConfigClockSource
                0x080026cc      0x18e ./Drivers/STM32F1xx_HAL_Driver/Src/stm32f1xx_hal_tim.o
                0x080026cc                HAL_TIM_ConfigClockSource
 .text.HAL_TIM_OC_DelayElapsedCallback
                0x0800285a       0x12 ./Drivers/STM32F1xx_HAL_Driver/Src/stm32f1xx_hal_tim.o
                0x0800285a                HAL_TIM_OC_DelayElapsedCallback
 .text.HAL_TIM_IC_CaptureCallback
                0x0800286c       0x12 ./Drivers/STM32F1xx_HAL_Driver/Src/stm32f1xx_hal_tim.o
                0x0800286c                HAL_TIM_IC_CaptureCallback
 .text.HAL_TIM_PWM_PulseFinishedCallback
                0x0800287e       0x12 ./Drivers/STM32F1xx_HAL_Driver/Src/stm32f1xx_hal_tim.o
                0x0800287e                HAL_TIM_PWM_PulseFinishedCallback
 .text.HAL_TIM_TriggerCallback
                0x08002890       0x12 ./Drivers/STM32F1xx_HAL_Driver/Src/stm32f1xx_hal_tim.o
                0x08002890                HAL_TIM_TriggerCallback
 *fill*         0x080028a2        0x2 
 .text.TIM_Base_SetConfig
                0x080028a4       0xdc ./Drivers/STM32F1xx_HAL_Driver/Src/stm32f1xx_hal_tim.o
                0x080028a4                TIM_Base_SetConfig
 .text.TIM_OC1_SetConfig
                0x08002980       0xcc ./Drivers/STM32F1xx_HAL_Driver/Src/stm32f1xx_hal_tim.o
 .text.TIM_OC2_SetConfig
                0x08002a4c       0xd4 ./Drivers/STM32F1xx_HAL_Driver/Src/stm32f1xx_hal_tim.o
                0x08002a4c                TIM_OC2_SetConfig
 .text.TIM_OC3_SetConfig
                0x08002b20       0xd4 ./Drivers/STM32F1xx_HAL_Driver/Src/stm32f1xx_hal_tim.o
 .text.TIM_OC4_SetConfig
                0x08002bf4       0x9c ./Drivers/STM32F1xx_HAL_Driver/Src/stm32f1xx_hal_tim.o
 .text.TIM_TI1_ConfigInputStage
                0x08002c90       0x5c ./Drivers/STM32F1xx_HAL_Driver/Src/stm32f1xx_hal_tim.o
 .text.TIM_TI2_ConfigInputStage
                0x08002cec       0x5e ./Drivers/STM32F1xx_HAL_Driver/Src/stm32f1xx_hal_tim.o
 .text.TIM_ITRx_SetConfig
                0x08002d4a       0x34 ./Drivers/STM32F1xx_HAL_Driver/Src/stm32f1xx_hal_tim.o
 .text.TIM_ETR_SetConfig
                0x08002d7e       0x3e ./Drivers/STM32F1xx_HAL_Driver/Src/stm32f1xx_hal_tim.o
                0x08002d7e                TIM_ETR_SetConfig
 .text.HAL_TIMEx_MasterConfigSynchronization
                0x08002dbc       0xbc ./Drivers/STM32F1xx_HAL_Driver/Src/stm32f1xx_hal_tim_ex.o
                0x08002dbc                HAL_TIMEx_MasterConfigSynchronization
 .text.HAL_TIMEx_CommutCallback
                0x08002e78       0x12 ./Drivers/STM32F1xx_HAL_Driver/Src/stm32f1xx_hal_tim_ex.o
                0x08002e78                HAL_TIMEx_CommutCallback
 .text.HAL_TIMEx_BreakCallback
                0x08002e8a       0x12 ./Drivers/STM32F1xx_HAL_Driver/Src/stm32f1xx_hal_tim_ex.o
                0x08002e8a                HAL_TIMEx_BreakCallback
 .text.HAL_UART_Init
                0x08002e9c       0xa0 ./Drivers/STM32F1xx_HAL_Driver/Src/stm32f1xx_hal_uart.o
                0x08002e9c                HAL_UART_Init
 .text.HAL_UARTEx_ReceiveToIdle_DMA
                0x08002f3c       0xb2 ./Drivers/STM32F1xx_HAL_Driver/Src/stm32f1xx_hal_uart.o
                0x08002f3c                HAL_UARTEx_ReceiveToIdle_DMA
 *fill*         0x08002fee        0x2 
 .text.HAL_UART_IRQHandler
                0x08002ff0      0x524 ./Drivers/STM32F1xx_HAL_Driver/Src/stm32f1xx_hal_uart.o
                0x08002ff0                HAL_UART_IRQHandler
 .text.HAL_UART_TxCpltCallback
                0x08003514       0x12 ./Drivers/STM32F1xx_HAL_Driver/Src/stm32f1xx_hal_uart.o
                0x08003514                HAL_UART_TxCpltCallback
 .text.HAL_UART_RxCpltCallback
                0x08003526       0x12 ./Drivers/STM32F1xx_HAL_Driver/Src/stm32f1xx_hal_uart.o
                0x08003526                HAL_UART_RxCpltCallback
 .text.HAL_UART_RxHalfCpltCallback
                0x08003538       0x12 ./Drivers/STM32F1xx_HAL_Driver/Src/stm32f1xx_hal_uart.o
                0x08003538                HAL_UART_RxHalfCpltCallback
 .text.HAL_UART_ErrorCallback
                0x0800354a       0x12 ./Drivers/STM32F1xx_HAL_Driver/Src/stm32f1xx_hal_uart.o
                0x0800354a                HAL_UART_ErrorCallback
 .text.UART_DMAReceiveCplt
                0x0800355c      0x12c ./Drivers/STM32F1xx_HAL_Driver/Src/stm32f1xx_hal_uart.o
 .text.UART_DMARxHalfCplt
                0x08003688       0x3c ./Drivers/STM32F1xx_HAL_Driver/Src/stm32f1xx_hal_uart.o
 .text.UART_DMAError
                0x080036c4       0x94 ./Drivers/STM32F1xx_HAL_Driver/Src/stm32f1xx_hal_uart.o
 .text.UART_Start_Receive_DMA
                0x08003758      0x134 ./Drivers/STM32F1xx_HAL_Driver/Src/stm32f1xx_hal_uart.o
                0x08003758                UART_Start_Receive_DMA
 .text.UART_EndTxTransfer
                0x0800388c       0x4e ./Drivers/STM32F1xx_HAL_Driver/Src/stm32f1xx_hal_uart.o
 .text.UART_EndRxTransfer
                0x080038da       0xc4 ./Drivers/STM32F1xx_HAL_Driver/Src/stm32f1xx_hal_uart.o
 .text.UART_DMAAbortOnError
                0x0800399e       0x28 ./Drivers/STM32F1xx_HAL_Driver/Src/stm32f1xx_hal_uart.o
 .text.UART_Transmit_IT
                0x080039c6       0x9e ./Drivers/STM32F1xx_HAL_Driver/Src/stm32f1xx_hal_uart.o
 .text.UART_EndTransmit_IT
                0x08003a64       0x30 ./Drivers/STM32F1xx_HAL_Driver/Src/stm32f1xx_hal_uart.o
 .text.UART_Receive_IT
                0x08003a94      0x17c ./Drivers/STM32F1xx_HAL_Driver/Src/stm32f1xx_hal_uart.o
 .text.UART_SetConfig
                0x08003c10      0x11c ./Drivers/STM32F1xx_HAL_Driver/Src/stm32f1xx_hal_uart.o
 .text.__NVIC_SetPriority
                0x08003d2c       0x54 ./Middlewares/Third_Party/FreeRTOS/Source/CMSIS_RTOS_V2/cmsis_os2.o
 .text.SysTick_Handler
                0x08003d80       0x20 ./Middlewares/Third_Party/FreeRTOS/Source/CMSIS_RTOS_V2/cmsis_os2.o
                0x08003d80                SysTick_Handler
 .text.SVC_Setup
                0x08003da0       0x12 ./Middlewares/Third_Party/FreeRTOS/Source/CMSIS_RTOS_V2/cmsis_os2.o
 *fill*         0x08003db2        0x2 
 .text.osKernelInitialize
                0x08003db4       0x44 ./Middlewares/Third_Party/FreeRTOS/Source/CMSIS_RTOS_V2/cmsis_os2.o
                0x08003db4                osKernelInitialize
 .text.osKernelStart
                0x08003df8       0x4c ./Middlewares/Third_Party/FreeRTOS/Source/CMSIS_RTOS_V2/cmsis_os2.o
                0x08003df8                osKernelStart
 .text.osThreadNew
                0x08003e44      0x124 ./Middlewares/Third_Party/FreeRTOS/Source/CMSIS_RTOS_V2/cmsis_os2.o
                0x08003e44                osThreadNew
 .text.osDelay  0x08003f68       0x36 ./Middlewares/Third_Party/FreeRTOS/Source/CMSIS_RTOS_V2/cmsis_os2.o
                0x08003f68                osDelay
 *fill*         0x08003f9e        0x2 
 .text.vApplicationGetIdleTaskMemory
                0x08003fa0       0x30 ./Middlewares/Third_Party/FreeRTOS/Source/CMSIS_RTOS_V2/cmsis_os2.o
                0x08003fa0                vApplicationGetIdleTaskMemory
 .text.vApplicationGetTimerTaskMemory
                0x08003fd0       0x34 ./Middlewares/Third_Party/FreeRTOS/Source/CMSIS_RTOS_V2/cmsis_os2.o
                0x08003fd0                vApplicationGetTimerTaskMemory
 .text.vListInitialise
                0x08004004       0x3e ./Middlewares/Third_Party/FreeRTOS/Source/list.o
                0x08004004                vListInitialise
 .text.vListInitialiseItem
                0x08004042       0x18 ./Middlewares/Third_Party/FreeRTOS/Source/list.o
                0x08004042                vListInitialiseItem
 .text.vListInsertEnd
                0x0800405a       0x46 ./Middlewares/Third_Party/FreeRTOS/Source/list.o
                0x0800405a                vListInsertEnd
 .text.vListInsert
                0x080040a0       0x70 ./Middlewares/Third_Party/FreeRTOS/Source/list.o
                0x080040a0                vListInsert
 .text.uxListRemove
                0x08004110       0x52 ./Middlewares/Third_Party/FreeRTOS/Source/list.o
                0x08004110                uxListRemove
 *fill*         0x08004162        0x2 
 .text.xQueueGenericReset
                0x08004164       0xd4 ./Middlewares/Third_Party/FreeRTOS/Source/queue.o
                0x08004164                xQueueGenericReset
 .text.xQueueGenericCreateStatic
                0x08004238       0xfa ./Middlewares/Third_Party/FreeRTOS/Source/queue.o
                0x08004238                xQueueGenericCreateStatic
 .text.prvInitialiseNewQueue
                0x08004332       0x46 ./Middlewares/Third_Party/FreeRTOS/Source/queue.o
 .text.xQueueGenericSend
                0x08004378      0x204 ./Middlewares/Third_Party/FreeRTOS/Source/queue.o
                0x08004378                xQueueGenericSend
 .text.xQueueGenericSendFromISR
                0x0800457c      0x13c ./Middlewares/Third_Party/FreeRTOS/Source/queue.o
                0x0800457c                xQueueGenericSendFromISR
 .text.xQueueReceive
                0x080046b8      0x1c4 ./Middlewares/Third_Party/FreeRTOS/Source/queue.o
                0x080046b8                xQueueReceive
 .text.prvCopyDataToQueue
                0x0800487c       0xd4 ./Middlewares/Third_Party/FreeRTOS/Source/queue.o
 .text.prvCopyDataFromQueue
                0x08004950       0x4c ./Middlewares/Third_Party/FreeRTOS/Source/queue.o
 .text.prvUnlockQueue
                0x0800499c       0xa4 ./Middlewares/Third_Party/FreeRTOS/Source/queue.o
 .text.prvIsQueueEmpty
                0x08004a40       0x2c ./Middlewares/Third_Party/FreeRTOS/Source/queue.o
 .text.prvIsQueueFull
                0x08004a6c       0x30 ./Middlewares/Third_Party/FreeRTOS/Source/queue.o
 .text.vQueueAddToRegistry
                0x08004a9c       0x50 ./Middlewares/Third_Party/FreeRTOS/Source/queue.o
                0x08004a9c                vQueueAddToRegistry
 .text.vQueueWaitForMessageRestricted
                0x08004aec       0x68 ./Middlewares/Third_Party/FreeRTOS/Source/queue.o
                0x08004aec                vQueueWaitForMessageRestricted
 .text.xTaskCreateStatic
                0x08004b54       0xc0 ./Middlewares/Third_Party/FreeRTOS/Source/tasks.o
                0x08004b54                xTaskCreateStatic
 .text.xTaskCreate
                0x08004c14       0x8a ./Middlewares/Third_Party/FreeRTOS/Source/tasks.o
                0x08004c14                xTaskCreate
 .text.prvInitialiseNewTask
                0x08004c9e      0x120 ./Middlewares/Third_Party/FreeRTOS/Source/tasks.o
 *fill*         0x08004dbe        0x2 
 .text.prvAddNewTaskToReadyList
                0x08004dc0       0xe0 ./Middlewares/Third_Party/FreeRTOS/Source/tasks.o
 .text.vTaskDelay
                0x08004ea0       0x6c ./Middlewares/Third_Party/FreeRTOS/Source/tasks.o
                0x08004ea0                vTaskDelay
 .text.vTaskStartScheduler
                0x08004f0c       0xd0 ./Middlewares/Third_Party/FreeRTOS/Source/tasks.o
                0x08004f0c                vTaskStartScheduler
 .text.vTaskSuspendAll
                0x08004fdc       0x1c ./Middlewares/Third_Party/FreeRTOS/Source/tasks.o
                0x08004fdc                vTaskSuspendAll
 .text.xTaskResumeAll
                0x08004ff8      0x13c ./Middlewares/Third_Party/FreeRTOS/Source/tasks.o
                0x08004ff8                xTaskResumeAll
 .text.xTaskGetTickCount
                0x08005134       0x1c ./Middlewares/Third_Party/FreeRTOS/Source/tasks.o
                0x08005134                xTaskGetTickCount
 .text.xTaskIncrementTick
                0x08005150      0x174 ./Middlewares/Third_Party/FreeRTOS/Source/tasks.o
                0x08005150                xTaskIncrementTick
 .text.vTaskSwitchContext
                0x080052c4       0xbc ./Middlewares/Third_Party/FreeRTOS/Source/tasks.o
                0x080052c4                vTaskSwitchContext
 .text.vTaskPlaceOnEventList
                0x08005380       0x4c ./Middlewares/Third_Party/FreeRTOS/Source/tasks.o
                0x08005380                vTaskPlaceOnEventList
 .text.vTaskPlaceOnEventListRestricted
                0x080053cc       0x58 ./Middlewares/Third_Party/FreeRTOS/Source/tasks.o
                0x080053cc                vTaskPlaceOnEventListRestricted
 .text.xTaskRemoveFromEventList
                0x08005424       0xc8 ./Middlewares/Third_Party/FreeRTOS/Source/tasks.o
                0x08005424                xTaskRemoveFromEventList
 .text.vTaskInternalSetTimeOutState
                0x080054ec       0x2c ./Middlewares/Third_Party/FreeRTOS/Source/tasks.o
                0x080054ec                vTaskInternalSetTimeOutState
 .text.xTaskCheckForTimeOut
                0x08005518       0xc8 ./Middlewares/Third_Party/FreeRTOS/Source/tasks.o
                0x08005518                xTaskCheckForTimeOut
 .text.vTaskMissedYield
                0x080055e0       0x18 ./Middlewares/Third_Party/FreeRTOS/Source/tasks.o
                0x080055e0                vTaskMissedYield
 .text.prvIdleTask
                0x080055f8       0x30 ./Middlewares/Third_Party/FreeRTOS/Source/tasks.o
 .text.prvInitialiseTaskLists
                0x08005628       0x80 ./Middlewares/Third_Party/FreeRTOS/Source/tasks.o
 .text.prvCheckTasksWaitingTermination
                0x080056a8       0x5c ./Middlewares/Third_Party/FreeRTOS/Source/tasks.o
 .text.prvDeleteTCB
                0x08005704       0x60 ./Middlewares/Third_Party/FreeRTOS/Source/tasks.o
 .text.prvResetNextTaskUnblockTime
                0x08005764       0x40 ./Middlewares/Third_Party/FreeRTOS/Source/tasks.o
 .text.xTaskGetSchedulerState
                0x080057a4       0x3c ./Middlewares/Third_Party/FreeRTOS/Source/tasks.o
                0x080057a4                xTaskGetSchedulerState
 .text.xTaskPriorityDisinherit
                0x080057e0       0xe0 ./Middlewares/Third_Party/FreeRTOS/Source/tasks.o
                0x080057e0                xTaskPriorityDisinherit
 .text.prvAddCurrentTaskToDelayedList
                0x080058c0       0xa8 ./Middlewares/Third_Party/FreeRTOS/Source/tasks.o
 .text.xTimerCreateTimerTask
                0x08005968       0x94 ./Middlewares/Third_Party/FreeRTOS/Source/timers.o
                0x08005968                xTimerCreateTimerTask
 .text.xTimerGenericCommand
                0x080059fc       0x9c ./Middlewares/Third_Party/FreeRTOS/Source/timers.o
                0x080059fc                xTimerGenericCommand
 .text.prvProcessExpiredTimer
                0x08005a98       0x9c ./Middlewares/Third_Party/FreeRTOS/Source/timers.o
 .text.prvTimerTask
                0x08005b34       0x26 ./Middlewares/Third_Party/FreeRTOS/Source/timers.o
 *fill*         0x08005b5a        0x2 
 .text.prvProcessTimerOrBlockTask
                0x08005b5c       0x9c ./Middlewares/Third_Party/FreeRTOS/Source/timers.o
 .text.prvGetNextExpireTime
                0x08005bf8       0x44 ./Middlewares/Third_Party/FreeRTOS/Source/timers.o
 .text.prvSampleTimeNow
                0x08005c3c       0x40 ./Middlewares/Third_Party/FreeRTOS/Source/timers.o
 .text.prvInsertTimerInActiveList
                0x08005c7c       0x84 ./Middlewares/Third_Party/FreeRTOS/Source/timers.o
 .text.prvProcessReceivedCommands
                0x08005d00      0x1cc ./Middlewares/Third_Party/FreeRTOS/Source/timers.o
 .text.prvSwitchTimerLists
                0x08005ecc       0xcc ./Middlewares/Third_Party/FreeRTOS/Source/timers.o
 .text.prvCheckForValidListAndQueue
                0x08005f98       0x80 ./Middlewares/Third_Party/FreeRTOS/Source/timers.o
 .text.pxPortInitialiseStack
                0x08006018       0x58 ./Middlewares/Third_Party/FreeRTOS/Source/portable/GCC/ARM_CM3/port.o
                0x08006018                pxPortInitialiseStack
 .text.prvTaskExitError
                0x08006070       0x58 ./Middlewares/Third_Party/FreeRTOS/Source/portable/GCC/ARM_CM3/port.o
 *fill*         0x080060c8        0x8 
 .text.SVC_Handler
                0x080060d0       0x28 ./Middlewares/Third_Party/FreeRTOS/Source/portable/GCC/ARM_CM3/port.o
                0x080060d0                SVC_Handler
 .text.prvPortStartFirstTask
                0x080060f8       0x20 ./Middlewares/Third_Party/FreeRTOS/Source/portable/GCC/ARM_CM3/port.o
 .text.xPortStartScheduler
                0x08006118       0xe4 ./Middlewares/Third_Party/FreeRTOS/Source/portable/GCC/ARM_CM3/port.o
                0x08006118                xPortStartScheduler
 .text.vPortEnterCritical
                0x080061fc       0x60 ./Middlewares/Third_Party/FreeRTOS/Source/portable/GCC/ARM_CM3/port.o
                0x080061fc                vPortEnterCritical
 .text.vPortExitCritical
                0x0800625c       0x54 ./Middlewares/Third_Party/FreeRTOS/Source/portable/GCC/ARM_CM3/port.o
                0x0800625c                vPortExitCritical
 .text.PendSV_Handler
                0x080062b0       0x48 ./Middlewares/Third_Party/FreeRTOS/Source/portable/GCC/ARM_CM3/port.o
                0x080062b0                PendSV_Handler
 .text.xPortSysTickHandler
                0x080062f8       0x44 ./Middlewares/Third_Party/FreeRTOS/Source/portable/GCC/ARM_CM3/port.o
                0x080062f8                xPortSysTickHandler
 .text.vPortSetupTimerInterrupt
                0x0800633c       0x44 ./Middlewares/Third_Party/FreeRTOS/Source/portable/GCC/ARM_CM3/port.o
                0x0800633c                vPortSetupTimerInterrupt
 .text.vPortValidateInterruptPriority
                0x08006380       0x80 ./Middlewares/Third_Party/FreeRTOS/Source/portable/GCC/ARM_CM3/port.o
                0x08006380                vPortValidateInterruptPriority
 .text.pvPortMalloc
                0x08006400      0x19c ./Middlewares/Third_Party/FreeRTOS/Source/portable/MemMang/heap_4.o
                0x08006400                pvPortMalloc
 .text.vPortFree
                0x0800659c       0xc8 ./Middlewares/Third_Party/FreeRTOS/Source/portable/MemMang/heap_4.o
                0x0800659c                vPortFree
 .text.prvHeapInit
                0x08006664       0xc4 ./Middlewares/Third_Party/FreeRTOS/Source/portable/MemMang/heap_4.o
 .text.prvInsertBlockIntoFreeList
                0x08006728       0xb0 ./Middlewares/Third_Party/FreeRTOS/Source/portable/MemMang/heap_4.o
 .text.memmove  0x080067d8       0x34 D:/STM32/STM32CubeIDE_1.19.0/STM32CubeIDE/plugins/com.st.stm32cube.ide.mcu.externaltools.gnu-tools-for-stm32.13.3.rel1.win32_1.0.0.202411081344/tools/bin/../lib/gcc/arm-none-eabi/13.3.1/../../../../arm-none-eabi/lib/thumb/v7-m/nofp\libc_nano.a(libc_a-memmove.o)
                0x080067d8                memmove
 .text.memset   0x0800680c       0x10 D:/STM32/STM32CubeIDE_1.19.0/STM32CubeIDE/plugins/com.st.stm32cube.ide.mcu.externaltools.gnu-tools-for-stm32.13.3.rel1.win32_1.0.0.202411081344/tools/bin/../lib/gcc/arm-none-eabi/13.3.1/../../../../arm-none-eabi/lib/thumb/v7-m/nofp\libc_nano.a(libc_a-memset.o)
                0x0800680c                memset
 .text.__libc_init_array
                0x0800681c       0x48 D:/STM32/STM32CubeIDE_1.19.0/STM32CubeIDE/plugins/com.st.stm32cube.ide.mcu.externaltools.gnu-tools-for-stm32.13.3.rel1.win32_1.0.0.202411081344/tools/bin/../lib/gcc/arm-none-eabi/13.3.1/../../../../arm-none-eabi/lib/thumb/v7-m/nofp\libc_nano.a(libc_a-init.o)
                0x0800681c                __libc_init_array
 .text.memcpy   0x08006864       0x1c D:/STM32/STM32CubeIDE_1.19.0/STM32CubeIDE/plugins/com.st.stm32cube.ide.mcu.externaltools.gnu-tools-for-stm32.13.3.rel1.win32_1.0.0.202411081344/tools/bin/../lib/gcc/arm-none-eabi/13.3.1/../../../../arm-none-eabi/lib/thumb/v7-m/nofp\libc_nano.a(libc_a-memcpy-stub.o)
                0x08006864                memcpy
 *(.glue_7)
 .glue_7        0x08006880        0x0 linker stubs
 *(.glue_7t)
 .glue_7t       0x08006880        0x0 linker stubs
 *(.eh_frame)
 .eh_frame      0x08006880        0x0 D:/STM32/STM32CubeIDE_1.19.0/STM32CubeIDE/plugins/com.st.stm32cube.ide.mcu.externaltools.gnu-tools-for-stm32.13.3.rel1.win32_1.0.0.202411081344/tools/bin/../lib/gcc/arm-none-eabi/13.3.1/thumb/v7-m/nofp/crtbegin.o
 *(.init)
 .init          0x08006880        0x4 D:/STM32/STM32CubeIDE_1.19.0/STM32CubeIDE/plugins/com.st.stm32cube.ide.mcu.externaltools.gnu-tools-for-stm32.13.3.rel1.win32_1.0.0.202411081344/tools/bin/../lib/gcc/arm-none-eabi/13.3.1/thumb/v7-m/nofp/crti.o
                0x08006880                _init
 .init          0x08006884        0x8 D:/STM32/STM32CubeIDE_1.19.0/STM32CubeIDE/plugins/com.st.stm32cube.ide.mcu.externaltools.gnu-tools-for-stm32.13.3.rel1.win32_1.0.0.202411081344/tools/bin/../lib/gcc/arm-none-eabi/13.3.1/thumb/v7-m/nofp/crtn.o
 *(.fini)
 .fini          0x0800688c        0x4 D:/STM32/STM32CubeIDE_1.19.0/STM32CubeIDE/plugins/com.st.stm32cube.ide.mcu.externaltools.gnu-tools-for-stm32.13.3.rel1.win32_1.0.0.202411081344/tools/bin/../lib/gcc/arm-none-eabi/13.3.1/thumb/v7-m/nofp/crti.o
                0x0800688c                _fini
 .fini          0x08006890        0x8 D:/STM32/STM32CubeIDE_1.19.0/STM32CubeIDE/plugins/com.st.stm32cube.ide.mcu.externaltools.gnu-tools-for-stm32.13.3.rel1.win32_1.0.0.202411081344/tools/bin/../lib/gcc/arm-none-eabi/13.3.1/thumb/v7-m/nofp/crtn.o
                0x08006898                        . = ALIGN (0x4)
                0x08006898                        _etext = .

.vfp11_veneer   0x08006898        0x0
 .vfp11_veneer  0x08006898        0x0 linker stubs

.v4_bx          0x08006898        0x0
 .v4_bx         0x08006898        0x0 linker stubs

.iplt           0x08006898        0x0
 .iplt          0x08006898        0x0 D:/STM32/STM32CubeIDE_1.19.0/STM32CubeIDE/plugins/com.st.stm32cube.ide.mcu.externaltools.gnu-tools-for-stm32.13.3.rel1.win32_1.0.0.202411081344/tools/bin/../lib/gcc/arm-none-eabi/13.3.1/thumb/v7-m/nofp/crtbegin.o

.rodata         0x08006898      0x1a8
                0x08006898                        . = ALIGN (0x4)
 *(.rodata)
 .rodata        0x08006898       0x1a ./Core/Src/freertos.o
 *fill*         0x080068b2        0x2 
 .rodata        0x080068b4        0x5 ./Middlewares/Third_Party/FreeRTOS/Source/tasks.o
 *fill*         0x080068b9        0x3 
 .rodata        0x080068bc        0xd ./Middlewares/Third_Party/FreeRTOS/Source/timers.o
 *(.rodata*)
 *fill*         0x080068c9        0x3 
 .rodata.CRC08_Table
                0x080068cc      0x100 ./Core/Src/CRCs.o
                0x080068cc                CRC08_Table
 .rodata.CommsTask_attributes
                0x080069cc       0x24 ./Core/Src/freertos.o
                0x080069cc                CommsTask_attributes
 .rodata.MotorControll_attributes
                0x080069f0       0x24 ./Core/Src/freertos.o
                0x080069f0                MotorControll_attributes
 .rodata.AHBPrescTable
                0x08006a14       0x10 ./Core/Src/system_stm32f1xx.o
                0x08006a14                AHBPrescTable
 .rodata.APBPrescTable
                0x08006a24        0x8 ./Core/Src/system_stm32f1xx.o
                0x08006a24                APBPrescTable
 .rodata.aPLLMULFactorTable.1
                0x08006a2c       0x10 ./Drivers/STM32F1xx_HAL_Driver/Src/stm32f1xx_hal_rcc.o
 .rodata.aPredivFactorTable.0
                0x08006a3c        0x2 ./Drivers/STM32F1xx_HAL_Driver/Src/stm32f1xx_hal_rcc.o
                0x08006a40                        . = ALIGN (0x4)
 *fill*         0x08006a3e        0x2 

.ARM.extab      0x08006a40        0x0
                0x08006a40                        . = ALIGN (0x4)
 *(.ARM.extab* .gnu.linkonce.armextab.*)
                0x08006a40                        . = ALIGN (0x4)

.ARM            0x08006a40        0x0
                0x08006a40                        . = ALIGN (0x4)
                0x08006a40                        __exidx_start = .
 *(.ARM.exidx*)
                0x08006a40                        __exidx_end = .
                0x08006a40                        . = ALIGN (0x4)

.preinit_array  0x08006a40        0x0
                0x08006a40                        . = ALIGN (0x4)
                0x08006a40                        PROVIDE (__preinit_array_start = .)
 *(.preinit_array*)
                0x08006a40                        PROVIDE (__preinit_array_end = .)
                0x08006a40                        . = ALIGN (0x4)

.init_array     0x08006a40        0x4
                0x08006a40                        . = ALIGN (0x4)
                0x08006a40                        PROVIDE (__init_array_start = .)
 *(SORT_BY_NAME(.init_array.*))
 *(.init_array*)
 .init_array    0x08006a40        0x4 D:/STM32/STM32CubeIDE_1.19.0/STM32CubeIDE/plugins/com.st.stm32cube.ide.mcu.externaltools.gnu-tools-for-stm32.13.3.rel1.win32_1.0.0.202411081344/tools/bin/../lib/gcc/arm-none-eabi/13.3.1/thumb/v7-m/nofp/crtbegin.o
                0x08006a44                        PROVIDE (__init_array_end = .)
                0x08006a44                        . = ALIGN (0x4)

.fini_array     0x08006a44        0x4
                0x08006a44                        . = ALIGN (0x4)
                [!provide]                        PROVIDE (__fini_array_start = .)
 *(SORT_BY_NAME(.fini_array.*))
 *(.fini_array*)
 .fini_array    0x08006a44        0x4 D:/STM32/STM32CubeIDE_1.19.0/STM32CubeIDE/plugins/com.st.stm32cube.ide.mcu.externaltools.gnu-tools-for-stm32.13.3.rel1.win32_1.0.0.202411081344/tools/bin/../lib/gcc/arm-none-eabi/13.3.1/thumb/v7-m/nofp/crtbegin.o
                [!provide]                        PROVIDE (__fini_array_end = .)
                0x08006a48                        . = ALIGN (0x4)
                0x08006a48                        _sidata = LOADADDR (.data)

.rel.dyn        0x08006a48        0x0
 .rel.iplt      0x08006a48        0x0 D:/STM32/STM32CubeIDE_1.19.0/STM32CubeIDE/plugins/com.st.stm32cube.ide.mcu.externaltools.gnu-tools-for-stm32.13.3.rel1.win32_1.0.0.202411081344/tools/bin/../lib/gcc/arm-none-eabi/13.3.1/thumb/v7-m/nofp/crtbegin.o

.data           0x20000000       0x10 load address 0x08006a48
                0x20000000                        . = ALIGN (0x4)
                0x20000000                        _sdata = .
 *(.data)
 *(.data*)
 .data.SystemCoreClock
                0x20000000        0x4 ./Core/Src/system_stm32f1xx.o
                0x20000000                SystemCoreClock
 .data.uwTickPrio
                0x20000004        0x4 ./Drivers/STM32F1xx_HAL_Driver/Src/stm32f1xx_hal.o
                0x20000004                uwTickPrio
 .data.uwTickFreq
                0x20000008        0x1 ./Drivers/STM32F1xx_HAL_Driver/Src/stm32f1xx_hal.o
                0x20000008                uwTickFreq
 *fill*         0x20000009        0x3 
 .data.uxCriticalNesting
                0x2000000c        0x4 ./Middlewares/Third_Party/FreeRTOS/Source/portable/GCC/ARM_CM3/port.o
 *(.RamFunc)
 *(.RamFunc*)
                0x20000010                        . = ALIGN (0x4)
                0x20000010                        _edata = .

.igot.plt       0x20000010        0x0 load address 0x08006a58
 .igot.plt      0x20000010        0x0 D:/STM32/STM32CubeIDE_1.19.0/STM32CubeIDE/plugins/com.st.stm32cube.ide.mcu.externaltools.gnu-tools-for-stm32.13.3.rel1.win32_1.0.0.202411081344/tools/bin/../lib/gcc/arm-none-eabi/13.3.1/thumb/v7-m/nofp/crtbegin.o
                0x20000010                        . = ALIGN (0x4)

.bss            0x20000010     0x1bd4 load address 0x08006a58
                0x20000010                        _sbss = .
                0x20000010                        __bss_start__ = _sbss
 *(.bss)
 .bss           0x20000010       0x1c D:/STM32/STM32CubeIDE_1.19.0/STM32CubeIDE/plugins/com.st.stm32cube.ide.mcu.externaltools.gnu-tools-for-stm32.13.3.rel1.win32_1.0.0.202411081344/tools/bin/../lib/gcc/arm-none-eabi/13.3.1/thumb/v7-m/nofp/crtbegin.o
 *(.bss*)
 .bss.receiveBuffer
                0x2000002c       0x32 ./Core/Src/UARTComms.o
                0x2000002c                receiveBuffer
 .bss.receivedCMD
                0x2000005e        0x1 ./Core/Src/UARTComms.o
                0x2000005e                receivedCMD
 *fill*         0x2000005f        0x1 
 .bss.receivedData
                0x20000060       0x30 ./Core/Src/UARTComms.o
                0x20000060                receivedData
 .bss.hcrc      0x20000090        0x8 ./Core/Src/crc.o
                0x20000090                hcrc
 .bss.CommsTaskHandle
                0x20000098        0x4 ./Core/Src/freertos.o
                0x20000098                CommsTaskHandle
 .bss.MotorControllHandle
                0x2000009c        0x4 ./Core/Src/freertos.o
                0x2000009c                MotorControllHandle
 .bss.htim4     0x200000a0       0x48 ./Core/Src/stm32f1xx_hal_timebase_tim.o
                0x200000a0                htim4
 .bss.htim1     0x200000e8       0x48 ./Core/Src/tim.o
                0x200000e8                htim1
 .bss.htim2     0x20000130       0x48 ./Core/Src/tim.o
                0x20000130                htim2
 .bss.htim3     0x20000178       0x48 ./Core/Src/tim.o
                0x20000178                htim3
 .bss.huart2    0x200001c0       0x48 ./Core/Src/usart.o
                0x200001c0                huart2
 .bss.hdma_usart2_rx
                0x20000208       0x44 ./Core/Src/usart.o
                0x20000208                hdma_usart2_rx
 .bss.hdma_usart2_tx
                0x2000024c       0x44 ./Core/Src/usart.o
                0x2000024c                hdma_usart2_tx
 .bss.uwTick    0x20000290        0x4 ./Drivers/STM32F1xx_HAL_Driver/Src/stm32f1xx_hal.o
                0x20000290                uwTick
 .bss.KernelState
                0x20000294        0x4 ./Middlewares/Third_Party/FreeRTOS/Source/CMSIS_RTOS_V2/cmsis_os2.o
 .bss.Idle_TCB.3
                0x20000298       0x5c ./Middlewares/Third_Party/FreeRTOS/Source/CMSIS_RTOS_V2/cmsis_os2.o
 .bss.Idle_Stack.2
                0x200002f4      0x200 ./Middlewares/Third_Party/FreeRTOS/Source/CMSIS_RTOS_V2/cmsis_os2.o
 .bss.Timer_TCB.1
                0x200004f4       0x5c ./Middlewares/Third_Party/FreeRTOS/Source/CMSIS_RTOS_V2/cmsis_os2.o
 .bss.Timer_Stack.0
                0x20000550      0x400 ./Middlewares/Third_Party/FreeRTOS/Source/CMSIS_RTOS_V2/cmsis_os2.o
 .bss.xQueueRegistry
                0x20000950       0x40 ./Middlewares/Third_Party/FreeRTOS/Source/queue.o
                0x20000950                xQueueRegistry
 .bss.pxCurrentTCB
                0x20000990        0x4 ./Middlewares/Third_Party/FreeRTOS/Source/tasks.o
                0x20000990                pxCurrentTCB
 .bss.pxReadyTasksLists
                0x20000994      0x460 ./Middlewares/Third_Party/FreeRTOS/Source/tasks.o
 .bss.xDelayedTaskList1
                0x20000df4       0x14 ./Middlewares/Third_Party/FreeRTOS/Source/tasks.o
 .bss.xDelayedTaskList2
                0x20000e08       0x14 ./Middlewares/Third_Party/FreeRTOS/Source/tasks.o
 .bss.pxDelayedTaskList
                0x20000e1c        0x4 ./Middlewares/Third_Party/FreeRTOS/Source/tasks.o
 .bss.pxOverflowDelayedTaskList
                0x20000e20        0x4 ./Middlewares/Third_Party/FreeRTOS/Source/tasks.o
 .bss.xPendingReadyList
                0x20000e24       0x14 ./Middlewares/Third_Party/FreeRTOS/Source/tasks.o
 .bss.xTasksWaitingTermination
                0x20000e38       0x14 ./Middlewares/Third_Party/FreeRTOS/Source/tasks.o
 .bss.uxDeletedTasksWaitingCleanUp
                0x20000e4c        0x4 ./Middlewares/Third_Party/FreeRTOS/Source/tasks.o
 .bss.xSuspendedTaskList
                0x20000e50       0x14 ./Middlewares/Third_Party/FreeRTOS/Source/tasks.o
 .bss.uxCurrentNumberOfTasks
                0x20000e64        0x4 ./Middlewares/Third_Party/FreeRTOS/Source/tasks.o
 .bss.xTickCount
                0x20000e68        0x4 ./Middlewares/Third_Party/FreeRTOS/Source/tasks.o
 .bss.uxTopReadyPriority
                0x20000e6c        0x4 ./Middlewares/Third_Party/FreeRTOS/Source/tasks.o
 .bss.xSchedulerRunning
                0x20000e70        0x4 ./Middlewares/Third_Party/FreeRTOS/Source/tasks.o
 .bss.xPendedTicks
                0x20000e74        0x4 ./Middlewares/Third_Party/FreeRTOS/Source/tasks.o
 .bss.xYieldPending
                0x20000e78        0x4 ./Middlewares/Third_Party/FreeRTOS/Source/tasks.o
 .bss.xNumOfOverflows
                0x20000e7c        0x4 ./Middlewares/Third_Party/FreeRTOS/Source/tasks.o
 .bss.uxTaskNumber
                0x20000e80        0x4 ./Middlewares/Third_Party/FreeRTOS/Source/tasks.o
 .bss.xNextTaskUnblockTime
                0x20000e84        0x4 ./Middlewares/Third_Party/FreeRTOS/Source/tasks.o
 .bss.xIdleTaskHandle
                0x20000e88        0x4 ./Middlewares/Third_Party/FreeRTOS/Source/tasks.o
 .bss.uxSchedulerSuspended
                0x20000e8c        0x4 ./Middlewares/Third_Party/FreeRTOS/Source/tasks.o
 .bss.xActiveTimerList1
                0x20000e90       0x14 ./Middlewares/Third_Party/FreeRTOS/Source/timers.o
 .bss.xActiveTimerList2
                0x20000ea4       0x14 ./Middlewares/Third_Party/FreeRTOS/Source/timers.o
 .bss.pxCurrentTimerList
                0x20000eb8        0x4 ./Middlewares/Third_Party/FreeRTOS/Source/timers.o
 .bss.pxOverflowTimerList
                0x20000ebc        0x4 ./Middlewares/Third_Party/FreeRTOS/Source/timers.o
 .bss.xTimerQueue
                0x20000ec0        0x4 ./Middlewares/Third_Party/FreeRTOS/Source/timers.o
 .bss.xTimerTaskHandle
                0x20000ec4        0x4 ./Middlewares/Third_Party/FreeRTOS/Source/timers.o
 .bss.xLastTime.2
                0x20000ec8        0x4 ./Middlewares/Third_Party/FreeRTOS/Source/timers.o
 .bss.ucStaticTimerQueueStorage.1
                0x20000ecc       0xa0 ./Middlewares/Third_Party/FreeRTOS/Source/timers.o
 .bss.xStaticTimerQueue.0
                0x20000f6c       0x50 ./Middlewares/Third_Party/FreeRTOS/Source/timers.o
 .bss.ucMaxSysCallPriority
                0x20000fbc        0x1 ./Middlewares/Third_Party/FreeRTOS/Source/portable/GCC/ARM_CM3/port.o
 *fill*         0x20000fbd        0x3 
 .bss.ulMaxPRIGROUPValue
                0x20000fc0        0x4 ./Middlewares/Third_Party/FreeRTOS/Source/portable/GCC/ARM_CM3/port.o
 .bss.ucHeap    0x20000fc4      0xc00 ./Middlewares/Third_Party/FreeRTOS/Source/portable/MemMang/heap_4.o
 .bss.xStart    0x20001bc4        0x8 ./Middlewares/Third_Party/FreeRTOS/Source/portable/MemMang/heap_4.o
 .bss.pxEnd     0x20001bcc        0x4 ./Middlewares/Third_Party/FreeRTOS/Source/portable/MemMang/heap_4.o
 .bss.xFreeBytesRemaining
                0x20001bd0        0x4 ./Middlewares/Third_Party/FreeRTOS/Source/portable/MemMang/heap_4.o
 .bss.xMinimumEverFreeBytesRemaining
                0x20001bd4        0x4 ./Middlewares/Third_Party/FreeRTOS/Source/portable/MemMang/heap_4.o
 .bss.xNumberOfSuccessfulAllocations
                0x20001bd8        0x4 ./Middlewares/Third_Party/FreeRTOS/Source/portable/MemMang/heap_4.o
 .bss.xNumberOfSuccessfulFrees
                0x20001bdc        0x4 ./Middlewares/Third_Party/FreeRTOS/Source/portable/MemMang/heap_4.o
 .bss.xBlockAllocatedBit
                0x20001be0        0x4 ./Middlewares/Third_Party/FreeRTOS/Source/portable/MemMang/heap_4.o
 *(COMMON)
                0x20001be4                        . = ALIGN (0x4)
                0x20001be4                        _ebss = .
                0x20001be4                        __bss_end__ = _ebss

._user_heap_stack
                0x20001be4      0x604 load address 0x08006a58
                0x20001be8                        . = ALIGN (0x8)
 *fill*         0x20001be4        0x4 
                [!provide]                        PROVIDE (end = .)
                0x20001be8                        PROVIDE (_end = .)
                0x20001de8                        . = (. + _Min_Heap_Size)
 *fill*         0x20001be8      0x200 
                0x200021e8                        . = (. + _Min_Stack_Size)
 *fill*         0x20001de8      0x400 
                0x200021e8                        . = ALIGN (0x8)

/DISCARD/
 libc.a(*)
 libm.a(*)
 libgcc.a(*)

.ARM.attributes
                0x00000000       0x29
 *(.ARM.attributes)
 .ARM.attributes
                0x00000000       0x1d D:/STM32/STM32CubeIDE_1.19.0/STM32CubeIDE/plugins/com.st.stm32cube.ide.mcu.externaltools.gnu-tools-for-stm32.13.3.rel1.win32_1.0.0.202411081344/tools/bin/../lib/gcc/arm-none-eabi/13.3.1/thumb/v7-m/nofp/crti.o
 .ARM.attributes
                0x0000001d       0x2d D:/STM32/STM32CubeIDE_1.19.0/STM32CubeIDE/plugins/com.st.stm32cube.ide.mcu.externaltools.gnu-tools-for-stm32.13.3.rel1.win32_1.0.0.202411081344/tools/bin/../lib/gcc/arm-none-eabi/13.3.1/thumb/v7-m/nofp/crtbegin.o
 .ARM.attributes
                0x0000004a       0x2d ./Core/Src/CRCs.o
 .ARM.attributes
                0x00000077       0x2d ./Core/Src/MG370.o
 .ARM.attributes
                0x000000a4       0x2d ./Core/Src/UARTComms.o
 .ARM.attributes
                0x000000d1       0x2d ./Core/Src/crc.o
 .ARM.attributes
                0x000000fe       0x2d ./Core/Src/dma.o
 .ARM.attributes
                0x0000012b       0x2d ./Core/Src/freertos.o
 .ARM.attributes
                0x00000158       0x2d ./Core/Src/gpio.o
 .ARM.attributes
                0x00000185       0x2d ./Core/Src/main.o
 .ARM.attributes
                0x000001b2       0x2d ./Core/Src/stm32f1xx_hal_msp.o
 .ARM.attributes
                0x000001df       0x2d ./Core/Src/stm32f1xx_hal_timebase_tim.o
 .ARM.attributes
                0x0000020c       0x2d ./Core/Src/stm32f1xx_it.o
 .ARM.attributes
                0x00000239       0x2d ./Core/Src/system_stm32f1xx.o
 .ARM.attributes
                0x00000266       0x2d ./Core/Src/tim.o
 .ARM.attributes
                0x00000293       0x2d ./Core/Src/usart.o
 .ARM.attributes
                0x000002c0       0x21 ./Core/Startup/startup_stm32f103c8tx.o
 .ARM.attributes
                0x000002e1       0x2d ./Drivers/STM32F1xx_HAL_Driver/Src/stm32f1xx_hal.o
 .ARM.attributes
                0x0000030e       0x2d ./Drivers/STM32F1xx_HAL_Driver/Src/stm32f1xx_hal_cortex.o
 .ARM.attributes
                0x0000033b       0x2d ./Drivers/STM32F1xx_HAL_Driver/Src/stm32f1xx_hal_crc.o
 .ARM.attributes
                0x00000368       0x2d ./Drivers/STM32F1xx_HAL_Driver/Src/stm32f1xx_hal_dma.o
 .ARM.attributes
                0x00000395       0x2d ./Drivers/STM32F1xx_HAL_Driver/Src/stm32f1xx_hal_gpio.o
 .ARM.attributes
                0x000003c2       0x2d ./Drivers/STM32F1xx_HAL_Driver/Src/stm32f1xx_hal_rcc.o
 .ARM.attributes
                0x000003ef       0x2d ./Drivers/STM32F1xx_HAL_Driver/Src/stm32f1xx_hal_tim.o
 .ARM.attributes
                0x0000041c       0x2d ./Drivers/STM32F1xx_HAL_Driver/Src/stm32f1xx_hal_tim_ex.o
 .ARM.attributes
                0x00000449       0x2d ./Drivers/STM32F1xx_HAL_Driver/Src/stm32f1xx_hal_uart.o
 .ARM.attributes
                0x00000476       0x2d ./Middlewares/Third_Party/FreeRTOS/Source/CMSIS_RTOS_V2/cmsis_os2.o
 .ARM.attributes
                0x000004a3       0x2d ./Middlewares/Third_Party/FreeRTOS/Source/list.o
 .ARM.attributes
                0x000004d0       0x2d ./Middlewares/Third_Party/FreeRTOS/Source/queue.o
 .ARM.attributes
                0x000004fd       0x2d ./Middlewares/Third_Party/FreeRTOS/Source/tasks.o
 .ARM.attributes
                0x0000052a       0x2d ./Middlewares/Third_Party/FreeRTOS/Source/timers.o
 .ARM.attributes
                0x00000557       0x2d ./Middlewares/Third_Party/FreeRTOS/Source/portable/GCC/ARM_CM3/port.o
 .ARM.attributes
                0x00000584       0x2d ./Middlewares/Third_Party/FreeRTOS/Source/portable/MemMang/heap_4.o
 .ARM.attributes
                0x000005b1       0x2d D:/STM32/STM32CubeIDE_1.19.0/STM32CubeIDE/plugins/com.st.stm32cube.ide.mcu.externaltools.gnu-tools-for-stm32.13.3.rel1.win32_1.0.0.202411081344/tools/bin/../lib/gcc/arm-none-eabi/13.3.1/../../../../arm-none-eabi/lib/thumb/v7-m/nofp\libc_nano.a(libc_a-memmove.o)
 .ARM.attributes
                0x000005de       0x2d D:/STM32/STM32CubeIDE_1.19.0/STM32CubeIDE/plugins/com.st.stm32cube.ide.mcu.externaltools.gnu-tools-for-stm32.13.3.rel1.win32_1.0.0.202411081344/tools/bin/../lib/gcc/arm-none-eabi/13.3.1/../../../../arm-none-eabi/lib/thumb/v7-m/nofp\libc_nano.a(libc_a-memset.o)
 .ARM.attributes
                0x0000060b       0x2d D:/STM32/STM32CubeIDE_1.19.0/STM32CubeIDE/plugins/com.st.stm32cube.ide.mcu.externaltools.gnu-tools-for-stm32.13.3.rel1.win32_1.0.0.202411081344/tools/bin/../lib/gcc/arm-none-eabi/13.3.1/../../../../arm-none-eabi/lib/thumb/v7-m/nofp\libc_nano.a(libc_a-init.o)
 .ARM.attributes
                0x00000638       0x2d D:/STM32/STM32CubeIDE_1.19.0/STM32CubeIDE/plugins/com.st.stm32cube.ide.mcu.externaltools.gnu-tools-for-stm32.13.3.rel1.win32_1.0.0.202411081344/tools/bin/../lib/gcc/arm-none-eabi/13.3.1/../../../../arm-none-eabi/lib/thumb/v7-m/nofp\libc_nano.a(libc_a-memcpy-stub.o)
 .ARM.attributes
                0x00000665       0x1d D:/STM32/STM32CubeIDE_1.19.0/STM32CubeIDE/plugins/com.st.stm32cube.ide.mcu.externaltools.gnu-tools-for-stm32.13.3.rel1.win32_1.0.0.202411081344/tools/bin/../lib/gcc/arm-none-eabi/13.3.1/thumb/v7-m/nofp/crtn.o
OUTPUT(Custom-Controller-MG370.elf elf32-littlearm)
LOAD linker stubs
LOAD D:/STM32/STM32CubeIDE_1.19.0/STM32CubeIDE/plugins/com.st.stm32cube.ide.mcu.externaltools.gnu-tools-for-stm32.13.3.rel1.win32_1.0.0.202411081344/tools/bin/../lib/gcc/arm-none-eabi/13.3.1/../../../../arm-none-eabi/lib/thumb/v7-m/nofp\libc.a
LOAD D:/STM32/STM32CubeIDE_1.19.0/STM32CubeIDE/plugins/com.st.stm32cube.ide.mcu.externaltools.gnu-tools-for-stm32.13.3.rel1.win32_1.0.0.202411081344/tools/bin/../lib/gcc/arm-none-eabi/13.3.1/../../../../arm-none-eabi/lib/thumb/v7-m/nofp\libm.a
LOAD D:/STM32/STM32CubeIDE_1.19.0/STM32CubeIDE/plugins/com.st.stm32cube.ide.mcu.externaltools.gnu-tools-for-stm32.13.3.rel1.win32_1.0.0.202411081344/tools/bin/../lib/gcc/arm-none-eabi/13.3.1/thumb/v7-m/nofp\libgcc.a

.debug_info     0x00000000    0x1895b
 .debug_info    0x00000000      0x503 ./Core/Src/CRCs.o
 .debug_info    0x00000503      0xbc1 ./Core/Src/MG370.o
 .debug_info    0x000010c4      0x74d ./Core/Src/UARTComms.o
 .debug_info    0x00001811      0x31f ./Core/Src/crc.o
 .debug_info    0x00001b30      0x2cf ./Core/Src/dma.o
 .debug_info    0x00001dff      0x3c1 ./Core/Src/freertos.o
 .debug_info    0x000021c0      0x2b7 ./Core/Src/gpio.o
 .debug_info    0x00002477      0x8b2 ./Core/Src/main.o
 .debug_info    0x00002d29      0x361 ./Core/Src/stm32f1xx_hal_msp.o
 .debug_info    0x0000308a      0x9a8 ./Core/Src/stm32f1xx_hal_timebase_tim.o
 .debug_info    0x00003a32      0x95b ./Core/Src/stm32f1xx_it.o
 .debug_info    0x0000438d      0x222 ./Core/Src/system_stm32f1xx.o
 .debug_info    0x000045af      0xc35 ./Core/Src/tim.o
 .debug_info    0x000051e4      0x975 ./Core/Src/usart.o
 .debug_info    0x00005b59       0x30 ./Core/Startup/startup_stm32f103c8tx.o
 .debug_info    0x00005b89      0x704 ./Drivers/STM32F1xx_HAL_Driver/Src/stm32f1xx_hal.o
 .debug_info    0x0000628d      0xa87 ./Drivers/STM32F1xx_HAL_Driver/Src/stm32f1xx_hal_cortex.o
 .debug_info    0x00006d14      0x37f ./Drivers/STM32F1xx_HAL_Driver/Src/stm32f1xx_hal_crc.o
 .debug_info    0x00007093      0x6d2 ./Drivers/STM32F1xx_HAL_Driver/Src/stm32f1xx_hal_dma.o
 .debug_info    0x00007765      0x5ab ./Drivers/STM32F1xx_HAL_Driver/Src/stm32f1xx_hal_gpio.o
 .debug_info    0x00007d10      0x7d5 ./Drivers/STM32F1xx_HAL_Driver/Src/stm32f1xx_hal_rcc.o
 .debug_info    0x000084e5     0x2959 ./Drivers/STM32F1xx_HAL_Driver/Src/stm32f1xx_hal_tim.o
 .debug_info    0x0000ae3e     0x149b ./Drivers/STM32F1xx_HAL_Driver/Src/stm32f1xx_hal_tim_ex.o
 .debug_info    0x0000c2d9     0x2eed ./Drivers/STM32F1xx_HAL_Driver/Src/stm32f1xx_hal_uart.o
 .debug_info    0x0000f1c6     0x3990 ./Middlewares/Third_Party/FreeRTOS/Source/CMSIS_RTOS_V2/cmsis_os2.o
 .debug_info    0x00012b56      0x2af ./Middlewares/Third_Party/FreeRTOS/Source/list.o
 .debug_info    0x00012e05     0x1b79 ./Middlewares/Third_Party/FreeRTOS/Source/queue.o
 .debug_info    0x0001497e     0x21ec ./Middlewares/Third_Party/FreeRTOS/Source/tasks.o
 .debug_info    0x00016b6a     0x1488 ./Middlewares/Third_Party/FreeRTOS/Source/timers.o
 .debug_info    0x00017ff2      0x494 ./Middlewares/Third_Party/FreeRTOS/Source/portable/GCC/ARM_CM3/port.o
 .debug_info    0x00018486      0x4d5 ./Middlewares/Third_Party/FreeRTOS/Source/portable/MemMang/heap_4.o

.debug_abbrev   0x00000000     0x4282
 .debug_abbrev  0x00000000      0x1aa ./Core/Src/CRCs.o
 .debug_abbrev  0x000001aa      0x2d4 ./Core/Src/MG370.o
 .debug_abbrev  0x0000047e      0x1f8 ./Core/Src/UARTComms.o
 .debug_abbrev  0x00000676      0x189 ./Core/Src/crc.o
 .debug_abbrev  0x000007ff       0xfc ./Core/Src/dma.o
 .debug_abbrev  0x000008fb      0x141 ./Core/Src/freertos.o
 .debug_abbrev  0x00000a3c      0x13f ./Core/Src/gpio.o
 .debug_abbrev  0x00000b7b      0x22e ./Core/Src/main.o
 .debug_abbrev  0x00000da9      0x11c ./Core/Src/stm32f1xx_hal_msp.o
 .debug_abbrev  0x00000ec5      0x1f3 ./Core/Src/stm32f1xx_hal_timebase_tim.o
 .debug_abbrev  0x000010b8      0x188 ./Core/Src/stm32f1xx_it.o
 .debug_abbrev  0x00001240      0x13f ./Core/Src/system_stm32f1xx.o
 .debug_abbrev  0x0000137f      0x289 ./Core/Src/tim.o
 .debug_abbrev  0x00001608      0x21b ./Core/Src/usart.o
 .debug_abbrev  0x00001823       0x24 ./Core/Startup/startup_stm32f103c8tx.o
 .debug_abbrev  0x00001847      0x201 ./Drivers/STM32F1xx_HAL_Driver/Src/stm32f1xx_hal.o
 .debug_abbrev  0x00001a48      0x2f8 ./Drivers/STM32F1xx_HAL_Driver/Src/stm32f1xx_hal_cortex.o
 .debug_abbrev  0x00001d40      0x1b1 ./Drivers/STM32F1xx_HAL_Driver/Src/stm32f1xx_hal_crc.o
 .debug_abbrev  0x00001ef1      0x20b ./Drivers/STM32F1xx_HAL_Driver/Src/stm32f1xx_hal_dma.o
 .debug_abbrev  0x000020fc      0x1ca ./Drivers/STM32F1xx_HAL_Driver/Src/stm32f1xx_hal_gpio.o
 .debug_abbrev  0x000022c6      0x2b3 ./Drivers/STM32F1xx_HAL_Driver/Src/stm32f1xx_hal_rcc.o
 .debug_abbrev  0x00002579      0x277 ./Drivers/STM32F1xx_HAL_Driver/Src/stm32f1xx_hal_tim.o
 .debug_abbrev  0x000027f0      0x282 ./Drivers/STM32F1xx_HAL_Driver/Src/stm32f1xx_hal_tim_ex.o
 .debug_abbrev  0x00002a72      0x2f8 ./Drivers/STM32F1xx_HAL_Driver/Src/stm32f1xx_hal_uart.o
 .debug_abbrev  0x00002d6a      0x520 ./Middlewares/Third_Party/FreeRTOS/Source/CMSIS_RTOS_V2/cmsis_os2.o
 .debug_abbrev  0x0000328a       0xf5 ./Middlewares/Third_Party/FreeRTOS/Source/list.o
 .debug_abbrev  0x0000337f      0x3b6 ./Middlewares/Third_Party/FreeRTOS/Source/queue.o
 .debug_abbrev  0x00003735      0x386 ./Middlewares/Third_Party/FreeRTOS/Source/tasks.o
 .debug_abbrev  0x00003abb      0x352 ./Middlewares/Third_Party/FreeRTOS/Source/timers.o
 .debug_abbrev  0x00003e0d      0x258 ./Middlewares/Third_Party/FreeRTOS/Source/portable/GCC/ARM_CM3/port.o
 .debug_abbrev  0x00004065      0x21d ./Middlewares/Third_Party/FreeRTOS/Source/portable/MemMang/heap_4.o

.debug_aranges  0x00000000     0x1690
 .debug_aranges
                0x00000000       0x70 ./Core/Src/CRCs.o
 .debug_aranges
                0x00000070       0xa0 ./Core/Src/MG370.o
 .debug_aranges
                0x00000110       0x38 ./Core/Src/UARTComms.o
 .debug_aranges
                0x00000148       0x30 ./Core/Src/crc.o
 .debug_aranges
                0x00000178       0x20 ./Core/Src/dma.o
 .debug_aranges
                0x00000198       0x28 ./Core/Src/freertos.o
 .debug_aranges
                0x000001c0       0x20 ./Core/Src/gpio.o
 .debug_aranges
                0x000001e0       0x38 ./Core/Src/main.o
 .debug_aranges
                0x00000218       0x20 ./Core/Src/stm32f1xx_hal_msp.o
 .debug_aranges
                0x00000238       0x30 ./Core/Src/stm32f1xx_hal_timebase_tim.o
 .debug_aranges
                0x00000268       0x68 ./Core/Src/stm32f1xx_it.o
 .debug_aranges
                0x000002d0       0x28 ./Core/Src/system_stm32f1xx.o
 .debug_aranges
                0x000002f8       0x58 ./Core/Src/tim.o
 .debug_aranges
                0x00000350       0x30 ./Core/Src/usart.o
 .debug_aranges
                0x00000380       0x28 ./Core/Startup/startup_stm32f103c8tx.o
 .debug_aranges
                0x000003a8       0xe0 ./Drivers/STM32F1xx_HAL_Driver/Src/stm32f1xx_hal.o
 .debug_aranges
                0x00000488      0x100 ./Drivers/STM32F1xx_HAL_Driver/Src/stm32f1xx_hal_cortex.o
 .debug_aranges
                0x00000588       0x50 ./Drivers/STM32F1xx_HAL_Driver/Src/stm32f1xx_hal_crc.o
 .debug_aranges
                0x000005d8       0x80 ./Drivers/STM32F1xx_HAL_Driver/Src/stm32f1xx_hal_dma.o
 .debug_aranges
                0x00000658       0x58 ./Drivers/STM32F1xx_HAL_Driver/Src/stm32f1xx_hal_gpio.o
 .debug_aranges
                0x000006b0       0x90 ./Drivers/STM32F1xx_HAL_Driver/Src/stm32f1xx_hal_rcc.o
 .debug_aranges
                0x00000740      0x3d0 ./Drivers/STM32F1xx_HAL_Driver/Src/stm32f1xx_hal_tim.o
 .debug_aranges
                0x00000b10      0x168 ./Drivers/STM32F1xx_HAL_Driver/Src/stm32f1xx_hal_tim_ex.o
 .debug_aranges
                0x00000c78      0x208 ./Drivers/STM32F1xx_HAL_Driver/Src/stm32f1xx_hal_uart.o
 .debug_aranges
                0x00000e80      0x2b0 ./Middlewares/Third_Party/FreeRTOS/Source/CMSIS_RTOS_V2/cmsis_os2.o
 .debug_aranges
                0x00001130       0x40 ./Middlewares/Third_Party/FreeRTOS/Source/list.o
 .debug_aranges
                0x00001170      0x158 ./Middlewares/Third_Party/FreeRTOS/Source/queue.o
 .debug_aranges
                0x000012c8      0x208 ./Middlewares/Third_Party/FreeRTOS/Source/tasks.o
 .debug_aranges
                0x000014d0       0xf0 ./Middlewares/Third_Party/FreeRTOS/Source/timers.o
 .debug_aranges
                0x000015c0       0x78 ./Middlewares/Third_Party/FreeRTOS/Source/portable/GCC/ARM_CM3/port.o
 .debug_aranges
                0x00001638       0x58 ./Middlewares/Third_Party/FreeRTOS/Source/portable/MemMang/heap_4.o

.debug_rnglists
                0x00000000     0x1157
 .debug_rnglists
                0x00000000       0x4f ./Core/Src/CRCs.o
 .debug_rnglists
                0x0000004f       0x78 ./Core/Src/MG370.o
 .debug_rnglists
                0x000000c7       0x25 ./Core/Src/UARTComms.o
 .debug_rnglists
                0x000000ec       0x1f ./Core/Src/crc.o
 .debug_rnglists
                0x0000010b       0x13 ./Core/Src/dma.o
 .debug_rnglists
                0x0000011e       0x19 ./Core/Src/freertos.o
 .debug_rnglists
                0x00000137       0x14 ./Core/Src/gpio.o
 .debug_rnglists
                0x0000014b       0x26 ./Core/Src/main.o
 .debug_rnglists
                0x00000171       0x13 ./Core/Src/stm32f1xx_hal_msp.o
 .debug_rnglists
                0x00000184       0x20 ./Core/Src/stm32f1xx_hal_timebase_tim.o
 .debug_rnglists
                0x000001a4       0x49 ./Core/Src/stm32f1xx_it.o
 .debug_rnglists
                0x000001ed       0x1a ./Core/Src/system_stm32f1xx.o
 .debug_rnglists
                0x00000207       0x41 ./Core/Src/tim.o
 .debug_rnglists
                0x00000248       0x20 ./Core/Src/usart.o
 .debug_rnglists
                0x00000268       0x19 ./Core/Startup/startup_stm32f103c8tx.o
 .debug_rnglists
                0x00000281       0xa3 ./Drivers/STM32F1xx_HAL_Driver/Src/stm32f1xx_hal.o
 .debug_rnglists
                0x00000324       0xbb ./Drivers/STM32F1xx_HAL_Driver/Src/stm32f1xx_hal_cortex.o
 .debug_rnglists
                0x000003df       0x37 ./Drivers/STM32F1xx_HAL_Driver/Src/stm32f1xx_hal_crc.o
 .debug_rnglists
                0x00000416       0x64 ./Drivers/STM32F1xx_HAL_Driver/Src/stm32f1xx_hal_dma.o
 .debug_rnglists
                0x0000047a       0x3f ./Drivers/STM32F1xx_HAL_Driver/Src/stm32f1xx_hal_gpio.o
 .debug_rnglists
                0x000004b9       0x6c ./Drivers/STM32F1xx_HAL_Driver/Src/stm32f1xx_hal_rcc.o
 .debug_rnglists
                0x00000525      0x31a ./Drivers/STM32F1xx_HAL_Driver/Src/stm32f1xx_hal_tim.o
 .debug_rnglists
                0x0000083f      0x125 ./Drivers/STM32F1xx_HAL_Driver/Src/stm32f1xx_hal_tim_ex.o
 .debug_rnglists
                0x00000964      0x1bc ./Drivers/STM32F1xx_HAL_Driver/Src/stm32f1xx_hal_uart.o
 .debug_rnglists
                0x00000b20      0x212 ./Middlewares/Third_Party/FreeRTOS/Source/CMSIS_RTOS_V2/cmsis_os2.o
 .debug_rnglists
                0x00000d32       0x2b ./Middlewares/Third_Party/FreeRTOS/Source/list.o
 .debug_rnglists
                0x00000d5d      0x109 ./Middlewares/Third_Party/FreeRTOS/Source/queue.o
 .debug_rnglists
                0x00000e66      0x1a0 ./Middlewares/Third_Party/FreeRTOS/Source/tasks.o
 .debug_rnglists
                0x00001006       0xb8 ./Middlewares/Third_Party/FreeRTOS/Source/timers.o
 .debug_rnglists
                0x000010be       0x57 ./Middlewares/Third_Party/FreeRTOS/Source/portable/GCC/ARM_CM3/port.o
 .debug_rnglists
                0x00001115       0x42 ./Middlewares/Third_Party/FreeRTOS/Source/portable/MemMang/heap_4.o

.debug_macro    0x00000000    0x1ac29
 .debug_macro   0x00000000      0x1e0 ./Core/Src/CRCs.o
 .debug_macro   0x000001e0      0xacc ./Core/Src/CRCs.o
 .debug_macro   0x00000cac      0x227 ./Core/Src/CRCs.o
 .debug_macro   0x00000ed3       0x2e ./Core/Src/CRCs.o
 .debug_macro   0x00000f01       0x22 ./Core/Src/CRCs.o
 .debug_macro   0x00000f23       0x22 ./Core/Src/CRCs.o
 .debug_macro   0x00000f45       0x8e ./Core/Src/CRCs.o
 .debug_macro   0x00000fd3       0x51 ./Core/Src/CRCs.o
 .debug_macro   0x00001024      0x103 ./Core/Src/CRCs.o
 .debug_macro   0x00001127       0x6a ./Core/Src/CRCs.o
 .debug_macro   0x00001191      0x1df ./Core/Src/CRCs.o
 .debug_macro   0x00001370       0x1c ./Core/Src/CRCs.o
 .debug_macro   0x0000138c       0x22 ./Core/Src/CRCs.o
 .debug_macro   0x000013ae       0xbd ./Core/Src/CRCs.o
 .debug_macro   0x0000146b      0xd23 ./Core/Src/CRCs.o
 .debug_macro   0x0000218e     0xe09e ./Core/Src/CRCs.o
 .debug_macro   0x0001022c       0x6d ./Core/Src/CRCs.o
 .debug_macro   0x00010299     0x34a2 ./Core/Src/CRCs.o
 .debug_macro   0x0001373b      0x190 ./Core/Src/CRCs.o
 .debug_macro   0x000138cb       0x5c ./Core/Src/CRCs.o
 .debug_macro   0x00013927      0x5bc ./Core/Src/CRCs.o
 .debug_macro   0x00013ee3      0x289 ./Core/Src/CRCs.o
 .debug_macro   0x0001416c      0x1cb ./Core/Src/CRCs.o
 .debug_macro   0x00014337      0x114 ./Core/Src/CRCs.o
 .debug_macro   0x0001444b      0x1b2 ./Core/Src/CRCs.o
 .debug_macro   0x000145fd       0x27 ./Core/Src/CRCs.o
 .debug_macro   0x00014624      0x136 ./Core/Src/CRCs.o
 .debug_macro   0x0001475a      0x1bc ./Core/Src/CRCs.o
 .debug_macro   0x00014916       0x34 ./Core/Src/CRCs.o
 .debug_macro   0x0001494a       0x3c ./Core/Src/CRCs.o
 .debug_macro   0x00014986       0x57 ./Core/Src/CRCs.o
 .debug_macro   0x000149dd       0x22 ./Core/Src/CRCs.o
 .debug_macro   0x000149ff       0x87 ./Core/Src/CRCs.o
 .debug_macro   0x00014a86      0x240 ./Core/Src/CRCs.o
 .debug_macro   0x00014cc6      0x140 ./Core/Src/CRCs.o
 .debug_macro   0x00014e06      0x8ed ./Core/Src/CRCs.o
 .debug_macro   0x000156f3      0x28e ./Core/Src/CRCs.o
 .debug_macro   0x00015981       0x83 ./Core/Src/CRCs.o
 .debug_macro   0x00015a04       0x7c ./Core/Src/CRCs.o
 .debug_macro   0x00015a80      0x1d5 ./Core/Src/MG370.o
 .debug_macro   0x00015c55       0x94 ./Core/Src/MG370.o
 .debug_macro   0x00015ce9      0x2b4 ./Core/Src/UARTComms.o
 .debug_macro   0x00015f9d       0x61 ./Core/Src/UARTComms.o
 .debug_macro   0x00015ffe       0x24 ./Core/Src/UARTComms.o
 .debug_macro   0x00016022       0x43 ./Core/Src/UARTComms.o
 .debug_macro   0x00016065       0x34 ./Core/Src/UARTComms.o
 .debug_macro   0x00016099      0x370 ./Core/Src/UARTComms.o
 .debug_macro   0x00016409       0x16 ./Core/Src/UARTComms.o
 .debug_macro   0x0001641f       0x4a ./Core/Src/UARTComms.o
 .debug_macro   0x00016469       0x34 ./Core/Src/UARTComms.o
 .debug_macro   0x0001649d       0x10 ./Core/Src/UARTComms.o
 .debug_macro   0x000164ad       0x58 ./Core/Src/UARTComms.o
 .debug_macro   0x00016505       0x8e ./Core/Src/UARTComms.o
 .debug_macro   0x00016593       0x1c ./Core/Src/UARTComms.o
 .debug_macro   0x000165af      0x185 ./Core/Src/UARTComms.o
 .debug_macro   0x00016734       0x10 ./Core/Src/UARTComms.o
 .debug_macro   0x00016744       0x3c ./Core/Src/UARTComms.o
 .debug_macro   0x00016780       0x20 ./Core/Src/UARTComms.o
 .debug_macro   0x000167a0      0x1c6 ./Core/Src/crc.o
 .debug_macro   0x00016966      0x1c6 ./Core/Src/dma.o
 .debug_macro   0x00016b2c      0x246 ./Core/Src/freertos.o
 .debug_macro   0x00016d72      0x130 ./Core/Src/freertos.o
 .debug_macro   0x00016ea2      0x15a ./Core/Src/freertos.o
 .debug_macro   0x00016ffc       0xc9 ./Core/Src/freertos.o
 .debug_macro   0x000170c5       0x1c ./Core/Src/freertos.o
 .debug_macro   0x000170e1       0x26 ./Core/Src/freertos.o
 .debug_macro   0x00017107      0x4da ./Core/Src/freertos.o
 .debug_macro   0x000175e1       0xb5 ./Core/Src/freertos.o
 .debug_macro   0x00017696       0xaa ./Core/Src/freertos.o
 .debug_macro   0x00017740       0x6c ./Core/Src/freertos.o
 .debug_macro   0x000177ac       0x74 ./Core/Src/freertos.o
 .debug_macro   0x00017820       0xdd ./Core/Src/freertos.o
 .debug_macro   0x000178fd      0x1c6 ./Core/Src/gpio.o
 .debug_macro   0x00017ac3      0x28c ./Core/Src/main.o
 .debug_macro   0x00017d4f      0x130 ./Core/Src/main.o
 .debug_macro   0x00017e7f       0x66 ./Core/Src/main.o
 .debug_macro   0x00017ee5      0x1bc ./Core/Src/stm32f1xx_hal_msp.o
 .debug_macro   0x000180a1      0x1ad ./Core/Src/stm32f1xx_hal_timebase_tim.o
 .debug_macro   0x0001824e      0x1c6 ./Core/Src/stm32f1xx_it.o
 .debug_macro   0x00018414      0x1ad ./Core/Src/system_stm32f1xx.o
 .debug_macro   0x000185c1      0x1c6 ./Core/Src/tim.o
 .debug_macro   0x00018787      0x1c6 ./Core/Src/usart.o
 .debug_macro   0x0001894d      0x1d1 ./Drivers/STM32F1xx_HAL_Driver/Src/stm32f1xx_hal.o
 .debug_macro   0x00018b1e      0x1ad ./Drivers/STM32F1xx_HAL_Driver/Src/stm32f1xx_hal_cortex.o
 .debug_macro   0x00018ccb      0x1ad ./Drivers/STM32F1xx_HAL_Driver/Src/stm32f1xx_hal_crc.o
 .debug_macro   0x00018e78      0x1ad ./Drivers/STM32F1xx_HAL_Driver/Src/stm32f1xx_hal_dma.o
 .debug_macro   0x00019025      0x218 ./Drivers/STM32F1xx_HAL_Driver/Src/stm32f1xx_hal_gpio.o
 .debug_macro   0x0001923d      0x1bf ./Drivers/STM32F1xx_HAL_Driver/Src/stm32f1xx_hal_rcc.o
 .debug_macro   0x000193fc      0x1ae ./Drivers/STM32F1xx_HAL_Driver/Src/stm32f1xx_hal_tim.o
 .debug_macro   0x000195aa      0x1ad ./Drivers/STM32F1xx_HAL_Driver/Src/stm32f1xx_hal_tim_ex.o
 .debug_macro   0x00019757      0x1ae ./Drivers/STM32F1xx_HAL_Driver/Src/stm32f1xx_hal_uart.o
 .debug_macro   0x00019905      0x3a9 ./Middlewares/Third_Party/FreeRTOS/Source/CMSIS_RTOS_V2/cmsis_os2.o
 .debug_macro   0x00019cae       0x10 ./Middlewares/Third_Party/FreeRTOS/Source/CMSIS_RTOS_V2/cmsis_os2.o
 .debug_macro   0x00019cbe       0xb7 ./Middlewares/Third_Party/FreeRTOS/Source/CMSIS_RTOS_V2/cmsis_os2.o
 .debug_macro   0x00019d75       0x91 ./Middlewares/Third_Party/FreeRTOS/Source/CMSIS_RTOS_V2/cmsis_os2.o
 .debug_macro   0x00019e06       0x8d ./Middlewares/Third_Party/FreeRTOS/Source/CMSIS_RTOS_V2/cmsis_os2.o
 .debug_macro   0x00019e93       0x9a ./Middlewares/Third_Party/FreeRTOS/Source/CMSIS_RTOS_V2/cmsis_os2.o
 .debug_macro   0x00019f2d       0x22 ./Middlewares/Third_Party/FreeRTOS/Source/CMSIS_RTOS_V2/cmsis_os2.o
 .debug_macro   0x00019f4f       0x56 ./Middlewares/Third_Party/FreeRTOS/Source/CMSIS_RTOS_V2/cmsis_os2.o
 .debug_macro   0x00019fa5       0x28 ./Middlewares/Third_Party/FreeRTOS/Source/CMSIS_RTOS_V2/cmsis_os2.o
 .debug_macro   0x00019fcd      0x187 ./Middlewares/Third_Party/FreeRTOS/Source/list.o
 .debug_macro   0x0001a154      0x216 ./Middlewares/Third_Party/FreeRTOS/Source/queue.o
 .debug_macro   0x0001a36a       0x16 ./Middlewares/Third_Party/FreeRTOS/Source/queue.o
 .debug_macro   0x0001a380       0x87 ./Middlewares/Third_Party/FreeRTOS/Source/queue.o
 .debug_macro   0x0001a407      0x27f ./Middlewares/Third_Party/FreeRTOS/Source/tasks.o
 .debug_macro   0x0001a686       0x10 ./Middlewares/Third_Party/FreeRTOS/Source/tasks.o
 .debug_macro   0x0001a696      0x1dc ./Middlewares/Third_Party/FreeRTOS/Source/timers.o
 .debug_macro   0x0001a872       0x97 ./Middlewares/Third_Party/FreeRTOS/Source/timers.o
 .debug_macro   0x0001a909      0x172 ./Middlewares/Third_Party/FreeRTOS/Source/portable/GCC/ARM_CM3/port.o
 .debug_macro   0x0001aa7b      0x1ae ./Middlewares/Third_Party/FreeRTOS/Source/portable/MemMang/heap_4.o

.debug_line     0x00000000    0x1aa1f
 .debug_line    0x00000000      0x985 ./Core/Src/CRCs.o
 .debug_line    0x00000985      0xa11 ./Core/Src/MG370.o
 .debug_line    0x00001396      0x935 ./Core/Src/UARTComms.o
 .debug_line    0x00001ccb      0x75f ./Core/Src/crc.o
 .debug_line    0x0000242a      0x71d ./Core/Src/dma.o
 .debug_line    0x00002b47      0x89c ./Core/Src/freertos.o
 .debug_line    0x000033e3      0x72e ./Core/Src/gpio.o
 .debug_line    0x00003b11      0x94c ./Core/Src/main.o
 .debug_line    0x0000445d      0x721 ./Core/Src/stm32f1xx_hal_msp.o
 .debug_line    0x00004b7e      0x79e ./Core/Src/stm32f1xx_hal_timebase_tim.o
 .debug_line    0x0000531c      0x7f0 ./Core/Src/stm32f1xx_it.o
 .debug_line    0x00005b0c      0x79e ./Core/Src/system_stm32f1xx.o
 .debug_line    0x000062aa      0x92c ./Core/Src/tim.o
 .debug_line    0x00006bd6      0x7e4 ./Core/Src/usart.o
 .debug_line    0x000073ba       0x78 ./Core/Startup/startup_stm32f103c8tx.o
 .debug_line    0x00007432      0x9cf ./Drivers/STM32F1xx_HAL_Driver/Src/stm32f1xx_hal.o
 .debug_line    0x00007e01      0xb99 ./Drivers/STM32F1xx_HAL_Driver/Src/stm32f1xx_hal_cortex.o
 .debug_line    0x0000899a      0x846 ./Drivers/STM32F1xx_HAL_Driver/Src/stm32f1xx_hal_crc.o
 .debug_line    0x000091e0      0xdd9 ./Drivers/STM32F1xx_HAL_Driver/Src/stm32f1xx_hal_dma.o
 .debug_line    0x00009fb9      0xa2c ./Drivers/STM32F1xx_HAL_Driver/Src/stm32f1xx_hal_gpio.o
 .debug_line    0x0000a9e5      0xe88 ./Drivers/STM32F1xx_HAL_Driver/Src/stm32f1xx_hal_rcc.o
 .debug_line    0x0000b86d     0x34bd ./Drivers/STM32F1xx_HAL_Driver/Src/stm32f1xx_hal_tim.o
 .debug_line    0x0000ed2a     0x1893 ./Drivers/STM32F1xx_HAL_Driver/Src/stm32f1xx_hal_tim_ex.o
 .debug_line    0x000105bd     0x24eb ./Drivers/STM32F1xx_HAL_Driver/Src/stm32f1xx_hal_uart.o
 .debug_line    0x00012aa8     0x24f4 ./Middlewares/Third_Party/FreeRTOS/Source/CMSIS_RTOS_V2/cmsis_os2.o
 .debug_line    0x00014f9c      0x79a ./Middlewares/Third_Party/FreeRTOS/Source/list.o
 .debug_line    0x00015736     0x170b ./Middlewares/Third_Party/FreeRTOS/Source/queue.o
 .debug_line    0x00016e41     0x1c8e ./Middlewares/Third_Party/FreeRTOS/Source/tasks.o
 .debug_line    0x00018acf      0xdda ./Middlewares/Third_Party/FreeRTOS/Source/timers.o
 .debug_line    0x000198a9      0x7c6 ./Middlewares/Third_Party/FreeRTOS/Source/portable/GCC/ARM_CM3/port.o
 .debug_line    0x0001a06f      0x9b0 ./Middlewares/Third_Party/FreeRTOS/Source/portable/MemMang/heap_4.o

.debug_str      0x00000000    0x95041
 .debug_str     0x00000000    0x95041 ./Core/Src/CRCs.o
                              0x83c60 (size before relaxing)
 .debug_str     0x00095041    0x84547 ./Core/Src/MG370.o
 .debug_str     0x00095041    0x87169 ./Core/Src/UARTComms.o
 .debug_str     0x00095041    0x83bdc ./Core/Src/crc.o
 .debug_str     0x00095041    0x83d51 ./Core/Src/dma.o
 .debug_str     0x00095041    0x88806 ./Core/Src/freertos.o
 .debug_str     0x00095041    0x83af3 ./Core/Src/gpio.o
 .debug_str     0x00095041    0x88a65 ./Core/Src/main.o
 .debug_str     0x00095041    0x83d6f ./Core/Src/stm32f1xx_hal_msp.o
 .debug_str     0x00095041    0x841d8 ./Core/Src/stm32f1xx_hal_timebase_tim.o
 .debug_str     0x00095041    0x841fd ./Core/Src/stm32f1xx_it.o
 .debug_str     0x00095041    0x83910 ./Core/Src/system_stm32f1xx.o
 .debug_str     0x00095041    0x842af ./Core/Src/tim.o
 .debug_str     0x00095041    0x84290 ./Core/Src/usart.o
 .debug_str     0x00095041       0x79 ./Core/Startup/startup_stm32f103c8tx.o
 .debug_str     0x00095041    0x84043 ./Drivers/STM32F1xx_HAL_Driver/Src/stm32f1xx_hal.o
 .debug_str     0x00095041    0x83f8f ./Drivers/STM32F1xx_HAL_Driver/Src/stm32f1xx_hal_cortex.o
 .debug_str     0x00095041    0x83a52 ./Drivers/STM32F1xx_HAL_Driver/Src/stm32f1xx_hal_crc.o
 .debug_str     0x00095041    0x83cb9 ./Drivers/STM32F1xx_HAL_Driver/Src/stm32f1xx_hal_dma.o
 .debug_str     0x00095041    0x83c96 ./Drivers/STM32F1xx_HAL_Driver/Src/stm32f1xx_hal_gpio.o
 .debug_str     0x00095041    0x83d3f ./Drivers/STM32F1xx_HAL_Driver/Src/stm32f1xx_hal_rcc.o
 .debug_str     0x00095041    0x84d41 ./Drivers/STM32F1xx_HAL_Driver/Src/stm32f1xx_hal_tim.o
 .debug_str     0x00095041    0x8454d ./Drivers/STM32F1xx_HAL_Driver/Src/stm32f1xx_hal_tim_ex.o
 .debug_str     0x00095041    0x843b0 ./Drivers/STM32F1xx_HAL_Driver/Src/stm32f1xx_hal_uart.o
 .debug_str     0x00095041    0x8e4ee ./Middlewares/Third_Party/FreeRTOS/Source/CMSIS_RTOS_V2/cmsis_os2.o
 .debug_str     0x00095041     0xaafe ./Middlewares/Third_Party/FreeRTOS/Source/list.o
 .debug_str     0x00095041     0xc63e ./Middlewares/Third_Party/FreeRTOS/Source/queue.o
 .debug_str     0x00095041     0xd0fb ./Middlewares/Third_Party/FreeRTOS/Source/tasks.o
 .debug_str     0x00095041     0xcb70 ./Middlewares/Third_Party/FreeRTOS/Source/timers.o
 .debug_str     0x00095041     0x85a4 ./Middlewares/Third_Party/FreeRTOS/Source/portable/GCC/ARM_CM3/port.o
 .debug_str     0x00095041     0xb440 ./Middlewares/Third_Party/FreeRTOS/Source/portable/MemMang/heap_4.o

.comment        0x00000000       0x43
 .comment       0x00000000       0x43 ./Core/Src/CRCs.o
                                 0x44 (size before relaxing)
 .comment       0x00000043       0x44 ./Core/Src/MG370.o
 .comment       0x00000043       0x44 ./Core/Src/UARTComms.o
 .comment       0x00000043       0x44 ./Core/Src/crc.o
 .comment       0x00000043       0x44 ./Core/Src/dma.o
 .comment       0x00000043       0x44 ./Core/Src/freertos.o
 .comment       0x00000043       0x44 ./Core/Src/gpio.o
 .comment       0x00000043       0x44 ./Core/Src/main.o
 .comment       0x00000043       0x44 ./Core/Src/stm32f1xx_hal_msp.o
 .comment       0x00000043       0x44 ./Core/Src/stm32f1xx_hal_timebase_tim.o
 .comment       0x00000043       0x44 ./Core/Src/stm32f1xx_it.o
 .comment       0x00000043       0x44 ./Core/Src/system_stm32f1xx.o
 .comment       0x00000043       0x44 ./Core/Src/tim.o
 .comment       0x00000043       0x44 ./Core/Src/usart.o
 .comment       0x00000043       0x44 ./Drivers/STM32F1xx_HAL_Driver/Src/stm32f1xx_hal.o
 .comment       0x00000043       0x44 ./Drivers/STM32F1xx_HAL_Driver/Src/stm32f1xx_hal_cortex.o
 .comment       0x00000043       0x44 ./Drivers/STM32F1xx_HAL_Driver/Src/stm32f1xx_hal_crc.o
 .comment       0x00000043       0x44 ./Drivers/STM32F1xx_HAL_Driver/Src/stm32f1xx_hal_dma.o
 .comment       0x00000043       0x44 ./Drivers/STM32F1xx_HAL_Driver/Src/stm32f1xx_hal_gpio.o
 .comment       0x00000043       0x44 ./Drivers/STM32F1xx_HAL_Driver/Src/stm32f1xx_hal_rcc.o
 .comment       0x00000043       0x44 ./Drivers/STM32F1xx_HAL_Driver/Src/stm32f1xx_hal_tim.o
 .comment       0x00000043       0x44 ./Drivers/STM32F1xx_HAL_Driver/Src/stm32f1xx_hal_tim_ex.o
 .comment       0x00000043       0x44 ./Drivers/STM32F1xx_HAL_Driver/Src/stm32f1xx_hal_uart.o
 .comment       0x00000043       0x44 ./Middlewares/Third_Party/FreeRTOS/Source/CMSIS_RTOS_V2/cmsis_os2.o
 .comment       0x00000043       0x44 ./Middlewares/Third_Party/FreeRTOS/Source/list.o
 .comment       0x00000043       0x44 ./Middlewares/Third_Party/FreeRTOS/Source/queue.o
 .comment       0x00000043       0x44 ./Middlewares/Third_Party/FreeRTOS/Source/tasks.o
 .comment       0x00000043       0x44 ./Middlewares/Third_Party/FreeRTOS/Source/timers.o
 .comment       0x00000043       0x44 ./Middlewares/Third_Party/FreeRTOS/Source/portable/GCC/ARM_CM3/port.o
 .comment       0x00000043       0x44 ./Middlewares/Third_Party/FreeRTOS/Source/portable/MemMang/heap_4.o

.debug_frame    0x00000000     0x5c4c
 .debug_frame   0x00000000      0x1b4 ./Core/Src/CRCs.o
 .debug_frame   0x000001b4      0x26c ./Core/Src/MG370.o
 .debug_frame   0x00000420       0x98 ./Core/Src/UARTComms.o
 .debug_frame   0x000004b8       0x7c ./Core/Src/crc.o
 .debug_frame   0x00000534       0x34 ./Core/Src/dma.o
 .debug_frame   0x00000568       0x4c ./Core/Src/freertos.o
 .debug_frame   0x000005b4       0x34 ./Core/Src/gpio.o
 .debug_frame   0x000005e8       0x8c ./Core/Src/main.o
 .debug_frame   0x00000674       0x34 ./Core/Src/stm32f1xx_hal_msp.o
 .debug_frame   0x000006a8       0x74 ./Core/Src/stm32f1xx_hal_timebase_tim.o
 .debug_frame   0x0000071c      0x118 ./Core/Src/stm32f1xx_it.o
 .debug_frame   0x00000834       0x58 ./Core/Src/system_stm32f1xx.o
 .debug_frame   0x0000088c      0x138 ./Core/Src/tim.o
 .debug_frame   0x000009c4       0x74 ./Core/Src/usart.o
 .debug_frame   0x00000a38      0x334 ./Drivers/STM32F1xx_HAL_Driver/Src/stm32f1xx_hal.o
 .debug_frame   0x00000d6c      0x428 ./Drivers/STM32F1xx_HAL_Driver/Src/stm32f1xx_hal_cortex.o
 .debug_frame   0x00001194      0x120 ./Drivers/STM32F1xx_HAL_Driver/Src/stm32f1xx_hal_crc.o
 .debug_frame   0x000012b4      0x208 ./Drivers/STM32F1xx_HAL_Driver/Src/stm32f1xx_hal_dma.o
 .debug_frame   0x000014bc      0x14c ./Drivers/STM32F1xx_HAL_Driver/Src/stm32f1xx_hal_gpio.o
 .debug_frame   0x00001608      0x218 ./Drivers/STM32F1xx_HAL_Driver/Src/stm32f1xx_hal_rcc.o
 .debug_frame   0x00001820     0x11b8 ./Drivers/STM32F1xx_HAL_Driver/Src/stm32f1xx_hal_tim.o
 .debug_frame   0x000029d8      0x638 ./Drivers/STM32F1xx_HAL_Driver/Src/stm32f1xx_hal_tim_ex.o
 .debug_frame   0x00003010      0x944 ./Drivers/STM32F1xx_HAL_Driver/Src/stm32f1xx_hal_uart.o
 .debug_frame   0x00003954      0xbe4 ./Middlewares/Third_Party/FreeRTOS/Source/CMSIS_RTOS_V2/cmsis_os2.o
 .debug_frame   0x00004538       0xd8 ./Middlewares/Third_Party/FreeRTOS/Source/list.o
 .debug_frame   0x00004610      0x5ec ./Middlewares/Third_Party/FreeRTOS/Source/queue.o
 .debug_frame   0x00004bfc      0x8f0 ./Middlewares/Third_Party/FreeRTOS/Source/tasks.o
 .debug_frame   0x000054ec      0x400 ./Middlewares/Third_Party/FreeRTOS/Source/timers.o
 .debug_frame   0x000058ec      0x198 ./Middlewares/Third_Party/FreeRTOS/Source/portable/GCC/ARM_CM3/port.o
 .debug_frame   0x00005a84      0x12c ./Middlewares/Third_Party/FreeRTOS/Source/portable/MemMang/heap_4.o
 .debug_frame   0x00005bb0       0x28 D:/STM32/STM32CubeIDE_1.19.0/STM32CubeIDE/plugins/com.st.stm32cube.ide.mcu.externaltools.gnu-tools-for-stm32.13.3.rel1.win32_1.0.0.202411081344/tools/bin/../lib/gcc/arm-none-eabi/13.3.1/../../../../arm-none-eabi/lib/thumb/v7-m/nofp\libc_nano.a(libc_a-memmove.o)
 .debug_frame   0x00005bd8       0x20 D:/STM32/STM32CubeIDE_1.19.0/STM32CubeIDE/plugins/com.st.stm32cube.ide.mcu.externaltools.gnu-tools-for-stm32.13.3.rel1.win32_1.0.0.202411081344/tools/bin/../lib/gcc/arm-none-eabi/13.3.1/../../../../arm-none-eabi/lib/thumb/v7-m/nofp\libc_nano.a(libc_a-memset.o)
 .debug_frame   0x00005bf8       0x2c D:/STM32/STM32CubeIDE_1.19.0/STM32CubeIDE/plugins/com.st.stm32cube.ide.mcu.externaltools.gnu-tools-for-stm32.13.3.rel1.win32_1.0.0.202411081344/tools/bin/../lib/gcc/arm-none-eabi/13.3.1/../../../../arm-none-eabi/lib/thumb/v7-m/nofp\libc_nano.a(libc_a-init.o)
 .debug_frame   0x00005c24       0x28 D:/STM32/STM32CubeIDE_1.19.0/STM32CubeIDE/plugins/com.st.stm32cube.ide.mcu.externaltools.gnu-tools-for-stm32.13.3.rel1.win32_1.0.0.202411081344/tools/bin/../lib/gcc/arm-none-eabi/13.3.1/../../../../arm-none-eabi/lib/thumb/v7-m/nofp\libc_nano.a(libc_a-memcpy-stub.o)

.debug_line_str
                0x00000000       0x5d
 .debug_line_str
                0x00000000       0x5d ./Core/Startup/startup_stm32f103c8tx.o
