Archive member included to satisfy reference by file (symbol)

D:/STM32/STM32CubeIDE_1.19.0/STM32CubeIDE/plugins/com.st.stm32cube.ide.mcu.externaltools.gnu-tools-for-stm32.13.3.rel1.win32_1.0.0.202411081344/tools/bin/../lib/gcc/arm-none-eabi/13.3.1/../../../../arm-none-eabi/lib/thumb/v7-m/nofp\libc_nano.a(libc_a-exit.o)
                              D:/STM32/STM32CubeIDE_1.19.0/STM32CubeIDE/plugins/com.st.stm32cube.ide.mcu.externaltools.gnu-tools-for-stm32.13.3.rel1.win32_1.0.0.202411081344/tools/bin/../lib/gcc/arm-none-eabi/13.3.1/../../../../arm-none-eabi/lib/thumb/v7-m/nofp/crt0.o (exit)
D:/STM32/STM32CubeIDE_1.19.0/STM32CubeIDE/plugins/com.st.stm32cube.ide.mcu.externaltools.gnu-tools-for-stm32.13.3.rel1.win32_1.0.0.202411081344/tools/bin/../lib/gcc/arm-none-eabi/13.3.1/../../../../arm-none-eabi/lib/thumb/v7-m/nofp\libc_nano.a(libc_a-findfp.o)
                              D:/STM32/STM32CubeIDE_1.19.0/STM32CubeIDE/plugins/com.st.stm32cube.ide.mcu.externaltools.gnu-tools-for-stm32.13.3.rel1.win32_1.0.0.202411081344/tools/bin/../lib/gcc/arm-none-eabi/13.3.1/../../../../arm-none-eabi/lib/thumb/v7-m/nofp\libc_nano.a(libc_a-exit.o) (__stdio_exit_handler)
D:/STM32/STM32CubeIDE_1.19.0/STM32CubeIDE/plugins/com.st.stm32cube.ide.mcu.externaltools.gnu-tools-for-stm32.13.3.rel1.win32_1.0.0.202411081344/tools/bin/../lib/gcc/arm-none-eabi/13.3.1/../../../../arm-none-eabi/lib/thumb/v7-m/nofp\libc_nano.a(libc_a-fwalk.o)
                              D:/STM32/STM32CubeIDE_1.19.0/STM32CubeIDE/plugins/com.st.stm32cube.ide.mcu.externaltools.gnu-tools-for-stm32.13.3.rel1.win32_1.0.0.202411081344/tools/bin/../lib/gcc/arm-none-eabi/13.3.1/../../../../arm-none-eabi/lib/thumb/v7-m/nofp\libc_nano.a(libc_a-findfp.o) (_fwalk_sglue)
D:/STM32/STM32CubeIDE_1.19.0/STM32CubeIDE/plugins/com.st.stm32cube.ide.mcu.externaltools.gnu-tools-for-stm32.13.3.rel1.win32_1.0.0.202411081344/tools/bin/../lib/gcc/arm-none-eabi/13.3.1/../../../../arm-none-eabi/lib/thumb/v7-m/nofp\libc_nano.a(libc_a-stdio.o)
                              D:/STM32/STM32CubeIDE_1.19.0/STM32CubeIDE/plugins/com.st.stm32cube.ide.mcu.externaltools.gnu-tools-for-stm32.13.3.rel1.win32_1.0.0.202411081344/tools/bin/../lib/gcc/arm-none-eabi/13.3.1/../../../../arm-none-eabi/lib/thumb/v7-m/nofp\libc_nano.a(libc_a-findfp.o) (__sread)
D:/STM32/STM32CubeIDE_1.19.0/STM32CubeIDE/plugins/com.st.stm32cube.ide.mcu.externaltools.gnu-tools-for-stm32.13.3.rel1.win32_1.0.0.202411081344/tools/bin/../lib/gcc/arm-none-eabi/13.3.1/../../../../arm-none-eabi/lib/thumb/v7-m/nofp\libc_nano.a(libc_a-memmove.o)
                              ./Core/Src/UARTComms.o (memmove)
D:/STM32/STM32CubeIDE_1.19.0/STM32CubeIDE/plugins/com.st.stm32cube.ide.mcu.externaltools.gnu-tools-for-stm32.13.3.rel1.win32_1.0.0.202411081344/tools/bin/../lib/gcc/arm-none-eabi/13.3.1/../../../../arm-none-eabi/lib/thumb/v7-m/nofp\libc_nano.a(libc_a-memset.o)
                              D:/STM32/STM32CubeIDE_1.19.0/STM32CubeIDE/plugins/com.st.stm32cube.ide.mcu.externaltools.gnu-tools-for-stm32.13.3.rel1.win32_1.0.0.202411081344/tools/bin/../lib/gcc/arm-none-eabi/13.3.1/../../../../arm-none-eabi/lib/thumb/v7-m/nofp/crt0.o (memset)
D:/STM32/STM32CubeIDE_1.19.0/STM32CubeIDE/plugins/com.st.stm32cube.ide.mcu.externaltools.gnu-tools-for-stm32.13.3.rel1.win32_1.0.0.202411081344/tools/bin/../lib/gcc/arm-none-eabi/13.3.1/../../../../arm-none-eabi/lib/thumb/v7-m/nofp\libc_nano.a(libc_a-closer.o)
                              D:/STM32/STM32CubeIDE_1.19.0/STM32CubeIDE/plugins/com.st.stm32cube.ide.mcu.externaltools.gnu-tools-for-stm32.13.3.rel1.win32_1.0.0.202411081344/tools/bin/../lib/gcc/arm-none-eabi/13.3.1/../../../../arm-none-eabi/lib/thumb/v7-m/nofp\libc_nano.a(libc_a-stdio.o) (_close_r)
D:/STM32/STM32CubeIDE_1.19.0/STM32CubeIDE/plugins/com.st.stm32cube.ide.mcu.externaltools.gnu-tools-for-stm32.13.3.rel1.win32_1.0.0.202411081344/tools/bin/../lib/gcc/arm-none-eabi/13.3.1/../../../../arm-none-eabi/lib/thumb/v7-m/nofp\libc_nano.a(libc_a-reent.o)
                              D:/STM32/STM32CubeIDE_1.19.0/STM32CubeIDE/plugins/com.st.stm32cube.ide.mcu.externaltools.gnu-tools-for-stm32.13.3.rel1.win32_1.0.0.202411081344/tools/bin/../lib/gcc/arm-none-eabi/13.3.1/../../../../arm-none-eabi/lib/thumb/v7-m/nofp\libc_nano.a(libc_a-closer.o) (errno)
D:/STM32/STM32CubeIDE_1.19.0/STM32CubeIDE/plugins/com.st.stm32cube.ide.mcu.externaltools.gnu-tools-for-stm32.13.3.rel1.win32_1.0.0.202411081344/tools/bin/../lib/gcc/arm-none-eabi/13.3.1/../../../../arm-none-eabi/lib/thumb/v7-m/nofp\libc_nano.a(libc_a-impure.o)
                              D:/STM32/STM32CubeIDE_1.19.0/STM32CubeIDE/plugins/com.st.stm32cube.ide.mcu.externaltools.gnu-tools-for-stm32.13.3.rel1.win32_1.0.0.202411081344/tools/bin/../lib/gcc/arm-none-eabi/13.3.1/../../../../arm-none-eabi/lib/thumb/v7-m/nofp\libc_nano.a(libc_a-reent.o) (_impure_ptr)
[...]
Memory Configuration

Name             Origin             Length             Attributes
RAM              0x20000000         0x00005000         xrw
FLASH            0x08000000         0x00010000         xr
*default*        0x00000000         0xffffffff

Linker script and memory map

LOAD D:/STM32/STM32CubeIDE_1.19.0/STM32CubeIDE/plugins/com.st.stm32cube.ide.mcu.externaltools.gnu-tools-for-stm32.13.3.rel1.win32_1.0.0.202411081344/tools/bin/../lib/gcc/arm-none-eabi/13.3.1/thumb/v7-m/nofp/crti.o
LOAD D:/STM32/STM32CubeIDE_1.19.0/STM32CubeIDE/plugins/com.st.stm32cube.ide.mcu.externaltools.gnu-tools-for-stm32.13.3.rel1.win32_1.0.0.202411081344/tools/bin/../lib/gcc/arm-none-eabi/13.3.1/thumb/v7-m/nofp/crtbegin.o
LOAD D:/STM32/STM32CubeIDE_1.19.0/STM32CubeIDE/plugins/com.st.stm32cube.ide.mcu.externaltools.gnu-tools-for-stm32.13.3.rel1.win32_1.0.0.202411081344/tools/bin/../lib/gcc/arm-none-eabi/13.3.1/../../../../arm-none-eabi/lib/thumb/v7-m/nofp/crt0.o
LOAD ./Core/Src/CRCs.o
LOAD ./Core/Src/MG370.o
LOAD ./Core/Src/UARTComms.o
LOAD ./Core/Src/crc.o
LOAD ./Core/Src/dma.o
LOAD ./Core/Src/freertos.o
LOAD ./Core/Src/gpio.o
LOAD ./Core/Src/main.o
LOAD ./Core/Src/stm32f1xx_hal_msp.o
LOAD ./Core/Src/stm32f1xx_hal_timebase_tim.o
LOAD ./Core/Src/stm32f1xx_it.o
LOAD ./Core/Src/syscalls.o
LOAD ./Core/Src/sysmem.o
LOAD ./Core/Src/system_stm32f1xx.o
LOAD ./Core/Src/tim.o
LOAD ./Core/Src/usart.o
LOAD ./Core/Src/verification.o
LOAD ./Core/Startup/startup_stm32f103c8tx.o
LOAD ./Drivers/STM32F1xx_HAL_Driver/Src/stm32f1xx_hal.o
LOAD ./Drivers/STM32F1xx_HAL_Driver/Src/stm32f1xx_hal_cortex.o
LOAD ./Drivers/STM32F1xx_HAL_Driver/Src/stm32f1xx_hal_crc.o
LOAD ./Drivers/STM32F1xx_HAL_Driver/Src/stm32f1xx_hal_dma.o
LOAD ./Drivers/STM32F1xx_HAL_Driver/Src/stm32f1xx_hal_exti.o
LOAD ./Drivers/STM32F1xx_HAL_Driver/Src/stm32f1xx_hal_flash.o
LOAD ./Drivers/STM32F1xx_HAL_Driver/Src/stm32f1xx_hal_flash_ex.o
LOAD ./Drivers/STM32F1xx_HAL_Driver/Src/stm32f1xx_hal_gpio.o
LOAD ./Drivers/STM32F1xx_HAL_Driver/Src/stm32f1xx_hal_gpio_ex.o
LOAD ./Drivers/STM32F1xx_HAL_Driver/Src/stm32f1xx_hal_pwr.o
LOAD ./Drivers/STM32F1xx_HAL_Driver/Src/stm32f1xx_hal_rcc.o
LOAD ./Drivers/STM32F1xx_HAL_Driver/Src/stm32f1xx_hal_rcc_ex.o
LOAD ./Drivers/STM32F1xx_HAL_Driver/Src/stm32f1xx_hal_tim.o
LOAD ./Drivers/STM32F1xx_HAL_Driver/Src/stm32f1xx_hal_tim_ex.o
LOAD ./Drivers/STM32F1xx_HAL_Driver/Src/stm32f1xx_hal_uart.o
LOAD ./Middlewares/Third_Party/FreeRTOS/Source/CMSIS_RTOS_V2/cmsis_os2.o
LOAD ./Middlewares/Third_Party/FreeRTOS/Source/croutine.o
LOAD ./Middlewares/Third_Party/FreeRTOS/Source/event_groups.o
LOAD ./Middlewares/Third_Party/FreeRTOS/Source/list.o
LOAD ./Middlewares/Third_Party/FreeRTOS/Source/queue.o
LOAD ./Middlewares/Third_Party/FreeRTOS/Source/stream_buffer.o
LOAD ./Middlewares/Third_Party/FreeRTOS/Source/tasks.o
LOAD ./Middlewares/Third_Party/FreeRTOS/Source/timers.o
LOAD ./Middlewares/Third_Party/FreeRTOS/Source/portable/GCC/ARM_CM3/port.o
LOAD ./Middlewares/Third_Party/FreeRTOS/Source/portable/MemMang/heap_4.o
START GROUP
LOAD D:/STM32/STM32CubeIDE_1.19.0/STM32CubeIDE/plugins/com.st.stm32cube.ide.mcu.externaltools.gnu-tools-for-stm32.13.3.rel1.win32_1.0.0.202411081344/tools/bin/../lib/gcc/arm-none-eabi/13.3.1/../../../../arm-none-eabi/lib/thumb/v7-m/nofp\libc_nano.a
LOAD D:/STM32/STM32CubeIDE_1.19.0/STM32CubeIDE/plugins/com.st.stm32cube.ide.mcu.externaltools.gnu-tools-for-stm32.13.3.rel1.win32_1.0.0.202411081344/tools/bin/../lib/gcc/arm-none-eabi/13.3.1/../../../../arm-none-eabi/lib/thumb/v7-m/nofp\libm.a
END GROUP
START GROUP
LOAD D:/STM32/STM32CubeIDE_1.19.0/STM32CubeIDE/plugins/com.st.stm32cube.ide.mcu.externaltools.gnu-tools-for-stm32.13.3.rel1.win32_1.0.0.202411081344/tools/bin/../lib/gcc/arm-none-eabi/13.3.1/thumb/v7-m/nofp\libgcc.a
LOAD D:/STM32/STM32CubeIDE_1.19.0/STM32CubeIDE/plugins/com.st.stm32cube.ide.mcu.externaltools.gnu-tools-for-stm32.13.3.rel1.win32_1.0.0.202411081344/tools/bin/../lib/gcc/arm-none-eabi/13.3.1/../../../../arm-none-eabi/lib/thumb/v7-m/nofp\libc_nano.a
END GROUP
START GROUP
LOAD D:/STM32/STM32CubeIDE_1.19.0/STM32CubeIDE/plugins/com.st.stm32cube.ide.mcu.externaltools.gnu-tools-for-stm32.13.3.rel1.win32_1.0.0.202411081344/tools/bin/../lib/gcc/arm-none-eabi/13.3.1/thumb/v7-m/nofp\libgcc.a
LOAD D:/STM32/STM32CubeIDE_1.19.0/STM32CubeIDE/plugins/com.st.stm32cube.ide.mcu.externaltools.gnu-tools-for-stm32.13.3.rel1.win32_1.0.0.202411081344/tools/bin/../lib/gcc/arm-none-eabi/13.3.1/../../../../arm-none-eabi/lib/thumb/v7-m/nofp\libc_nano.a
LOAD D:/STM32/STM32CubeIDE_1.19.0/STM32CubeIDE/plugins/com.st.stm32cube.ide.mcu.externaltools.gnu-tools-for-stm32.13.3.rel1.win32_1.0.0.202411081344/tools/bin/../lib/gcc/arm-none-eabi/13.3.1/../../../../arm-none-eabi/lib/thumb/v7-m/nofp\libnosys.a
END GROUP
START GROUP
LOAD D:/STM32/STM32CubeIDE_1.19.0/STM32CubeIDE/plugins/com.st.stm32cube.ide.mcu.externaltools.gnu-tools-for-stm32.13.3.rel1.win32_1.0.0.202411081344/tools/bin/../lib/gcc/arm-none-eabi/13.3.1/thumb/v7-m/nofp\libgcc.a
LOAD D:/STM32/STM32CubeIDE_1.19.0/STM32CubeIDE/plugins/com.st.stm32cube.ide.mcu.externaltools.gnu-tools-for-stm32.13.3.rel1.win32_1.0.0.202411081344/tools/bin/../lib/gcc/arm-none-eabi/13.3.1/../../../../arm-none-eabi/lib/thumb/v7-m/nofp\libc_nano.a
LOAD D:/STM32/STM32CubeIDE_1.19.0/STM32CubeIDE/plugins/com.st.stm32cube.ide.mcu.externaltools.gnu-tools-for-stm32.13.3.rel1.win32_1.0.0.202411081344/tools/bin/../lib/gcc/arm-none-eabi/13.3.1/../../../../arm-none-eabi/lib/thumb/v7-m/nofp\libnosys.a
END GROUP
LOAD D:/STM32/STM32CubeIDE_1.19.0/STM32CubeIDE/plugins/com.st.stm32cube.ide.mcu.externaltools.gnu-tools-for-stm32.13.3.rel1.win32_1.0.0.202411081344/tools/bin/../lib/gcc/arm-none-eabi/13.3.1/thumb/v7-m/nofp/crtend.o
LOAD D:/STM32/STM32CubeIDE_1.19.0/STM32CubeIDE/plugins/com.st.stm32cube.ide.mcu.externaltools.gnu-tools-for-stm32.13.3.rel1.win32_1.0.0.202411081344/tools/bin/../lib/gcc/arm-none-eabi/13.3.1/thumb/v7-m/nofp/crtn.o
                0x20005000                        _estack = (ORIGIN (RAM) + LENGTH (RAM))
                0x00000200                        _Min_Heap_Size = 0x200
                0x00000400                        _Min_Stack_Size = 0x400

.isr_vector     0x08000000      0x10c
                0x08000000                        . = ALIGN (0x4)
 *(.isr_vector)
 .isr_vector    0x08000000      0x10c ./Core/Startup/startup_stm32f103c8tx.o
                0x08000000                g_pfnVectors
                0x0800010c                        . = ALIGN (0x4)

.text           0x08000110     0x8078
                0x08000110                        . = ALIGN (0x4)
 *(.text)
 .text          0x08000110       0x40 D:/STM32/STM32CubeIDE_1.19.0/STM32CubeIDE/plugins/com.st.stm32cube.ide.mcu.externaltools.gnu-tools-for-stm32.13.3.rel1.win32_1.0.0.202411081344/tools/bin/../lib/gcc/arm-none-eabi/13.3.1/thumb/v7-m/nofp/crtbegin.o
 .text          0x08000150      0x21c D:/STM32/STM32CubeIDE_1.19.0/STM32CubeIDE/plugins/com.st.stm32cube.ide.mcu.externaltools.gnu-tools-for-stm32.13.3.rel1.win32_1.0.0.202411081344/tools/bin/../lib/gcc/arm-none-eabi/13.3.1/thumb/v7-m/nofp\libgcc.a(_arm_addsubsf3.o)
                0x08000150                __aeabi_frsub
                0x08000158                __subsf3
                0x08000158                __aeabi_fsub
                0x0800015c                __aeabi_fadd
                0x0800015c                __addsf3
                0x080002bc                __aeabi_ui2f
                0x080002bc                __floatunsisf
                0x080002c4                __aeabi_i2f
                0x080002c4                __floatsisf
                0x080002e0                __aeabi_ul2f
                0x080002e0                __floatundisf
                0x080002f0                __aeabi_l2f
                0x080002f0                __floatdisf
 .text          0x0800036c      0x2a0 D:/STM32/STM32CubeIDE_1.19.0/STM32CubeIDE/plugins/com.st.stm32cube.ide.mcu.externaltools.gnu-tools-for-stm32.13.3.rel1.win32_1.0.0.202411081344/tools/bin/../lib/gcc/arm-none-eabi/13.3.1/thumb/v7-m/nofp\libgcc.a(_arm_muldivsf3.o)
                0x0800036c                __mulsf3
                0x0800036c                __aeabi_fmul
                0x080004d4                __aeabi_fdiv
                0x080004d4                __divsf3
 .text          0x0800060c       0xec D:/STM32/STM32CubeIDE_1.19.0/STM32CubeIDE/plugins/com.st.stm32cube.ide.mcu.externaltools.gnu-tools-for-stm32.13.3.rel1.win32_1.0.0.202411081344/tools/bin/../lib/gcc/arm-none-eabi/13.3.1/thumb/v7-m/nofp\libgcc.a(_arm_cmpsf2.o)
                0x0800060c                __gesf2
                0x0800060c                __gtsf2
                0x08000614                __lesf2
                0x08000614                __ltsf2
                0x0800061c                __nesf2
                0x0800061c                __eqsf2
                0x0800061c                __cmpsf2
                0x0800067c                __aeabi_cfrcmple
                0x08000684                __aeabi_cfcmpeq
                0x08000684                __aeabi_cfcmple
                0x08000694                __aeabi_fcmpeq
                0x080006a8                __aeabi_fcmplt
                0x080006bc                __aeabi_fcmple
                0x080006d0                __aeabi_fcmpge
                0x080006e4                __aeabi_fcmpgt
 .text          0x080006f8       0x4c D:/STM32/STM32CubeIDE_1.19.0/STM32CubeIDE/plugins/com.st.stm32cube.ide.mcu.externaltools.gnu-tools-for-stm32.13.3.rel1.win32_1.0.0.202411081344/tools/bin/../lib/gcc/arm-none-eabi/13.3.1/thumb/v7-m/nofp\libgcc.a(_arm_fixsfsi.o)
                0x080006f8                __aeabi_f2iz
                0x080006f8                __fixsfsi
 *(.text*)
 .text.MG370_Init
                0x08000744       0x1c ./Core/Src/MG370.o
                0x08000744                MG370_Init
 .text.MG370_A_SetState
                0x08000760       0x9c ./Core/Src/MG370.o
                0x08000760                MG370_A_SetState
 .text.MG370_B_SetState
                0x080007fc       0x9c ./Core/Src/MG370.o
                0x080007fc                MG370_B_SetState
 .text.MG370_A_SetPWM
                0x08000898       0x34 ./Core/Src/MG370.o
                0x08000898                MG370_A_SetPWM
 .text.MG370_B_SetPWM
                0x080008cc       0x34 ./Core/Src/MG370.o
                0x080008cc                MG370_B_SetPWM
 .text.MG370_A_ENCODER_Init
                0x08000900       0x14 ./Core/Src/MG370.o
                0x08000900                MG370_A_ENCODER_Init
 .text.MG370_B_ENCODER_Init
                0x08000914       0x14 ./Core/Src/MG370.o
                0x08000914                MG370_B_ENCODER_Init
 .text.MG370_PID_Calc
                0x08000928      0x14c ./Core/Src/MG370.o
                0x08000928                MG370_PID_Calc
 .text.MG370_A_UpdateFeedback
                0x08000a74       0x4c ./Core/Src/MG370.o
                0x08000a74                MG370_A_UpdateFeedback
 .text.MG370_A_Drive
                0x08000ac0       0x52 ./Core/Src/MG370.o
                0x08000ac0                MG370_A_Drive
 .text.MG370_A_CascadeControl
                0x08000b12       0x9e ./Core/Src/MG370.o
                0x08000b12                MG370_A_CascadeControl
 .text.MG370_B_UpdateFeedback
                0x08000bb0       0x4c ./Core/Src/MG370.o
                0x08000bb0                MG370_B_UpdateFeedback
 .text.MG370_B_Drive
                0x08000bfc       0x52 ./Core/Src/MG370.o
                0x08000bfc                MG370_B_Drive
 .text.MG370_B_CascadeControl
                0x08000c4e       0x9e ./Core/Src/MG370.o
                0x08000c4e                MG370_B_CascadeControl
 .text.StartMotorControll
                0x08000cec      0x12c ./Core/Src/MG370.o
                0x08000cec                StartMotorControll
 .text.UARTComms_Recieve_Data
                0x08000e18       0x94 ./Core/Src/UARTComms.o
                0x08000e18                UARTComms_Recieve_Data
 .text.HAL_UARTEx_RxEventCallback
                0x08000eac       0x54 ./Core/Src/UARTComms.o
                0x08000eac                HAL_UARTEx_RxEventCallback
 .text.UARTComms_Init
                0x08000f00       0x1c ./Core/Src/UARTComms.o
                0x08000f00                UARTComms_Init
 .text.StartCommsTask
                0x08000f1c       0xdc ./Core/Src/UARTComms.o
                0x08000f1c                StartCommsTask
 .text.MX_CRC_Init
                0x08000ff8       0x28 ./Core/Src/crc.o
                0x08000ff8                MX_CRC_Init
 .text.HAL_CRC_MspInit
                0x08001020       0x3c ./Core/Src/crc.o
                0x08001020                HAL_CRC_MspInit
 .text.MX_DMA_Init
                0x0800105c       0x4c ./Core/Src/dma.o
                0x0800105c                MX_DMA_Init
 .text.MX_FREERTOS_Init
                0x080010a8       0x40 ./Core/Src/freertos.o
                0x080010a8                MX_FREERTOS_Init
 .text.MX_GPIO_Init
                0x080010e8       0x98 ./Core/Src/gpio.o
                0x080010e8                MX_GPIO_Init
 .text.main     0x08001180       0x38 ./Core/Src/main.o
                0x08001180                main
 .text.SystemClock_Config
                0x080011b8       0x8a ./Core/Src/main.o
                0x080011b8                SystemClock_Config
 *fill*         0x08001242        0x2 
 .text.HAL_TIM_PeriodElapsedCallback
                0x08001244       0x24 ./Core/Src/main.o
                0x08001244                HAL_TIM_PeriodElapsedCallback
 .text.Error_Handler
                0x08001268        0xc ./Core/Src/main.o
                0x08001268                Error_Handler
 .text.HAL_MspInit
                0x08001274       0x70 ./Core/Src/stm32f1xx_hal_msp.o
                0x08001274                HAL_MspInit
 .text.HAL_InitTick
                0x080012e4       0xfc ./Core/Src/stm32f1xx_hal_timebase_tim.o
                0x080012e4                HAL_InitTick
 .text.NMI_Handler
                0x080013e0        0x8 ./Core/Src/stm32f1xx_it.o
                0x080013e0                NMI_Handler
 .text.HardFault_Handler
                0x080013e8        0x8 ./Core/Src/stm32f1xx_it.o
                0x080013e8                HardFault_Handler
 .text.MemManage_Handler
                0x080013f0        0x8 ./Core/Src/stm32f1xx_it.o
                0x080013f0                MemManage_Handler
 .text.BusFault_Handler
                0x080013f8        0x8 ./Core/Src/stm32f1xx_it.o
                0x080013f8                BusFault_Handler
 .text.UsageFault_Handler
                0x08001400        0x8 ./Core/Src/stm32f1xx_it.o
                0x08001400                UsageFault_Handler
 .text.DebugMon_Handler
                0x08001408        0xc ./Core/Src/stm32f1xx_it.o
                0x08001408                DebugMon_Handler
 .text.DMA1_Channel6_IRQHandler
                0x08001414       0x14 ./Core/Src/stm32f1xx_it.o
                0x08001414                DMA1_Channel6_IRQHandler
 .text.DMA1_Channel7_IRQHandler
                0x08001428       0x14 ./Core/Src/stm32f1xx_it.o
                0x08001428                DMA1_Channel7_IRQHandler
 .text.TIM4_IRQHandler
                0x0800143c       0x14 ./Core/Src/stm32f1xx_it.o
                0x0800143c                TIM4_IRQHandler
 .text.USART2_IRQHandler
                0x08001450       0x14 ./Core/Src/stm32f1xx_it.o
                0x08001450                USART2_IRQHandler
 .text.SystemInit
                0x08001464        0xc ./Core/Src/system_stm32f1xx.o
                0x08001464                SystemInit
 .text.MX_TIM1_Init
                0x08001470       0xb0 ./Core/Src/tim.o
                0x08001470                MX_TIM1_Init
 .text.MX_TIM2_Init
                0x08001520       0xa8 ./Core/Src/tim.o
                0x08001520                MX_TIM2_Init
 .text.MX_TIM3_Init
                0x080015c8      0x100 ./Core/Src/tim.o
                0x080015c8                MX_TIM3_Init
 .text.HAL_TIM_Encoder_MspInit
                0x080016c8       0xd4 ./Core/Src/tim.o
                0x080016c8                HAL_TIM_Encoder_MspInit
 .text.HAL_TIM_Base_MspInit
                0x0800179c       0x3c ./Core/Src/tim.o
                0x0800179c                HAL_TIM_Base_MspInit
 .text.HAL_TIM_MspPostInit
                0x080017d8       0x64 ./Core/Src/tim.o
                0x080017d8                HAL_TIM_MspPostInit
 .text.MX_USART2_UART_Init
                0x0800183c       0x54 ./Core/Src/usart.o
                0x0800183c                MX_USART2_UART_Init
 .text.HAL_UART_MspInit
                0x08001890      0x150 ./Core/Src/usart.o
                0x08001890                HAL_UART_MspInit
 .text.Verification_CalculateXOR
                0x080019e0       0x3e ./Core/Src/verification.o
                0x080019e0                Verification_CalculateXOR
 .text.Verification_CheckXOR
                0x08001a1e       0x4c ./Core/Src/verification.o
                0x08001a1e                Verification_CheckXOR
 *fill*         0x08001a6a        0x2 
 .text.Reset_Handler
                0x08001a6c       0x48 ./Core/Startup/startup_stm32f103c8tx.o
                0x08001a6c                Reset_Handler
 .text.Default_Handler
                0x08001ab4        0x2 ./Core/Startup/startup_stm32f103c8tx.o
                0x08001ab4                RTC_Alarm_IRQHandler
                0x08001ab4                EXTI2_IRQHandler
                0x08001ab4                TIM1_CC_IRQHandler
                0x08001ab4                PVD_IRQHandler
                0x08001ab4                EXTI3_IRQHandler
                0x08001ab4                EXTI0_IRQHandler
                0x08001ab4                I2C2_EV_IRQHandler
                0x08001ab4                ADC1_2_IRQHandler
                0x08001ab4                SPI1_IRQHandler
                0x08001ab4                TAMPER_IRQHandler
                0x08001ab4                DMA1_Channel4_IRQHandler
                0x08001ab4                USART3_IRQHandler
                0x08001ab4                RTC_IRQHandler
                0x08001ab4                CAN1_RX1_IRQHandler
                0x08001ab4                I2C1_EV_IRQHandler
                0x08001ab4                TIM3_IRQHandler
                0x08001ab4                RCC_IRQHandler
                0x08001ab4                TIM1_TRG_COM_IRQHandler
                0x08001ab4                DMA1_Channel1_IRQHandler
                0x08001ab4                Default_Handler
                0x08001ab4                EXTI15_10_IRQHandler
                0x08001ab4                EXTI9_5_IRQHandler
                0x08001ab4                SPI2_IRQHandler
                0x08001ab4                DMA1_Channel5_IRQHandler
                0x08001ab4                EXTI4_IRQHandler
                0x08001ab4                USB_LP_CAN1_RX0_IRQHandler
                0x08001ab4                USB_HP_CAN1_TX_IRQHandler
                0x08001ab4                DMA1_Channel3_IRQHandler
                0x08001ab4                TIM1_UP_IRQHandler
                0x08001ab4                WWDG_IRQHandler
                0x08001ab4                TIM2_IRQHandler
                0x08001ab4                TIM1_BRK_IRQHandler
                0x08001ab4                EXTI1_IRQHandler
                0x08001ab4                I2C2_ER_IRQHandler
                0x08001ab4                DMA1_Channel2_IRQHandler
                0x08001ab4                CAN1_SCE_IRQHandler
                0x08001ab4                FLASH_IRQHandler
                0x08001ab4                USART1_IRQHandler
                0x08001ab4                I2C1_ER_IRQHandler
                0x08001ab4                USBWakeUp_IRQHandler
 *fill*         0x08001ab6        0x2 
 .text.HAL_Init
                0x08001ab8       0x2c ./Drivers/STM32F1xx_HAL_Driver/Src/stm32f1xx_hal.o
                0x08001ab8                HAL_Init
 .text.HAL_IncTick
                0x08001ae4       0x24 ./Drivers/STM32F1xx_HAL_Driver/Src/stm32f1xx_hal.o
                0x08001ae4                HAL_IncTick
 .text.HAL_GetTick
                0x08001b08       0x14 ./Drivers/STM32F1xx_HAL_Driver/Src/stm32f1xx_hal.o
                0x08001b08                HAL_GetTick
 .text.__NVIC_SetPriorityGrouping
                0x08001b1c       0x48 ./Drivers/STM32F1xx_HAL_Driver/Src/stm32f1xx_hal_cortex.o
 .text.__NVIC_GetPriorityGrouping
                0x08001b64       0x1c ./Drivers/STM32F1xx_HAL_Driver/Src/stm32f1xx_hal_cortex.o
 .text.__NVIC_EnableIRQ
                0x08001b80       0x38 ./Drivers/STM32F1xx_HAL_Driver/Src/stm32f1xx_hal_cortex.o
 .text.__NVIC_SetPriority
                0x08001bb8       0x54 ./Drivers/STM32F1xx_HAL_Driver/Src/stm32f1xx_hal_cortex.o
 .text.NVIC_EncodePriority
                0x08001c0c       0x64 ./Drivers/STM32F1xx_HAL_Driver/Src/stm32f1xx_hal_cortex.o
 .text.HAL_NVIC_SetPriorityGrouping
                0x08001c70       0x16 ./Drivers/STM32F1xx_HAL_Driver/Src/stm32f1xx_hal_cortex.o
                0x08001c70                HAL_NVIC_SetPriorityGrouping
 .text.HAL_NVIC_SetPriority
                0x08001c86       0x38 ./Drivers/STM32F1xx_HAL_Driver/Src/stm32f1xx_hal_cortex.o
                0x08001c86                HAL_NVIC_SetPriority
 .text.HAL_NVIC_EnableIRQ
                0x08001cbe       0x1c ./Drivers/STM32F1xx_HAL_Driver/Src/stm32f1xx_hal_cortex.o
                0x08001cbe                HAL_NVIC_EnableIRQ
 .text.HAL_CRC_Init
                0x08001cda       0x38 ./Drivers/STM32F1xx_HAL_Driver/Src/stm32f1xx_hal_crc.o
                0x08001cda                HAL_CRC_Init
 *fill*         0x08001d12        0x2 
 .text.HAL_DMA_Init
                0x08001d14       0xb4 ./Drivers/STM32F1xx_HAL_Driver/Src/stm32f1xx_hal_dma.o
                0x08001d14                HAL_DMA_Init
 .text.HAL_DMA_Start_IT
                0x08001dc8       0xc0 ./Drivers/STM32F1xx_HAL_Driver/Src/stm32f1xx_hal_dma.o
                0x08001dc8                HAL_DMA_Start_IT
 .text.HAL_DMA_Abort
                0x08001e88       0x76 ./Drivers/STM32F1xx_HAL_Driver/Src/stm32f1xx_hal_dma.o
                0x08001e88                HAL_DMA_Abort
 *fill*         0x08001efe        0x2 
 .text.HAL_DMA_Abort_IT
                0x08001f00       0xf0 ./Drivers/STM32F1xx_HAL_Driver/Src/stm32f1xx_hal_dma.o
                0x08001f00                HAL_DMA_Abort_IT
 .text.HAL_DMA_IRQHandler
                0x08001ff0      0x20c ./Drivers/STM32F1xx_HAL_Driver/Src/stm32f1xx_hal_dma.o
                0x08001ff0                HAL_DMA_IRQHandler
 .text.DMA_SetConfig
                0x080021fc       0x5a ./Drivers/STM32F1xx_HAL_Driver/Src/stm32f1xx_hal_dma.o
 *fill*         0x08002256        0x2 
 .text.HAL_GPIO_Init
                0x08002258      0x308 ./Drivers/STM32F1xx_HAL_Driver/Src/stm32f1xx_hal_gpio.o
                0x08002258                HAL_GPIO_Init
 .text.HAL_GPIO_WritePin
                0x08002560       0x30 ./Drivers/STM32F1xx_HAL_Driver/Src/stm32f1xx_hal_gpio.o
                0x08002560                HAL_GPIO_WritePin
 .text.HAL_RCC_OscConfig
                0x08002590      0x504 ./Drivers/STM32F1xx_HAL_Driver/Src/stm32f1xx_hal_rcc.o
                0x08002590                HAL_RCC_OscConfig
 .text.HAL_RCC_ClockConfig
                0x08002a94      0x1d4 ./Drivers/STM32F1xx_HAL_Driver/Src/stm32f1xx_hal_rcc.o
                0x08002a94                HAL_RCC_ClockConfig
 .text.HAL_RCC_GetSysClockFreq
                0x08002c68       0xa8 ./Drivers/STM32F1xx_HAL_Driver/Src/stm32f1xx_hal_rcc.o
                0x08002c68                HAL_RCC_GetSysClockFreq
 .text.HAL_RCC_GetHCLKFreq
                0x08002d10       0x14 ./Drivers/STM32F1xx_HAL_Driver/Src/stm32f1xx_hal_rcc.o
                0x08002d10                HAL_RCC_GetHCLKFreq
 .text.HAL_RCC_GetPCLK1Freq
                0x08002d24       0x28 ./Drivers/STM32F1xx_HAL_Driver/Src/stm32f1xx_hal_rcc.o
                0x08002d24                HAL_RCC_GetPCLK1Freq
 .text.HAL_RCC_GetPCLK2Freq
                0x08002d4c       0x28 ./Drivers/STM32F1xx_HAL_Driver/Src/stm32f1xx_hal_rcc.o
                0x08002d4c                HAL_RCC_GetPCLK2Freq
 .text.HAL_RCC_GetClockConfig
                0x08002d74       0x60 ./Drivers/STM32F1xx_HAL_Driver/Src/stm32f1xx_hal_rcc.o
                0x08002d74                HAL_RCC_GetClockConfig
 .text.RCC_Delay
                0x08002dd4       0x3c ./Drivers/STM32F1xx_HAL_Driver/Src/stm32f1xx_hal_rcc.o
 .text.HAL_TIM_Base_Init
                0x08002e10       0x9e ./Drivers/STM32F1xx_HAL_Driver/Src/stm32f1xx_hal_tim.o
                0x08002e10                HAL_TIM_Base_Init
 *fill*         0x08002eae        0x2 
 .text.HAL_TIM_Base_Start_IT
                0x08002eb0       0xa4 ./Drivers/STM32F1xx_HAL_Driver/Src/stm32f1xx_hal_tim.o
                0x08002eb0                HAL_TIM_Base_Start_IT
 .text.HAL_TIM_PWM_Init
                0x08002f54       0x9e ./Drivers/STM32F1xx_HAL_Driver/Src/stm32f1xx_hal_tim.o
                0x08002f54                HAL_TIM_PWM_Init
 .text.HAL_TIM_PWM_MspInit
                0x08002ff2       0x12 ./Drivers/STM32F1xx_HAL_Driver/Src/stm32f1xx_hal_tim.o
                0x08002ff2                HAL_TIM_PWM_MspInit
 .text.HAL_TIM_PWM_Start
                0x08003004      0x144 ./Drivers/STM32F1xx_HAL_Driver/Src/stm32f1xx_hal_tim.o
                0x08003004                HAL_TIM_PWM_Start
 .text.HAL_TIM_Encoder_Init
                0x08003148      0x144 ./Drivers/STM32F1xx_HAL_Driver/Src/stm32f1xx_hal_tim.o
                0x08003148                HAL_TIM_Encoder_Init
 .text.HAL_TIM_Encoder_Start
                0x0800328c      0x11c ./Drivers/STM32F1xx_HAL_Driver/Src/stm32f1xx_hal_tim.o
                0x0800328c                HAL_TIM_Encoder_Start
 .text.HAL_TIM_IRQHandler
                0x080033a8      0x1e0 ./Drivers/STM32F1xx_HAL_Driver/Src/stm32f1xx_hal_tim.o
                0x080033a8                HAL_TIM_IRQHandler
 .text.HAL_TIM_PWM_ConfigChannel
                0x08003588      0x184 ./Drivers/STM32F1xx_HAL_Driver/Src/stm32f1xx_hal_tim.o
                0x08003588                HAL_TIM_PWM_ConfigChannel
 .text.HAL_TIM_ConfigClockSource
                0x0800370c      0x18e ./Drivers/STM32F1xx_HAL_Driver/Src/stm32f1xx_hal_tim.o
                0x0800370c                HAL_TIM_ConfigClockSource
 .text.HAL_TIM_OC_DelayElapsedCallback
                0x0800389a       0x12 ./Drivers/STM32F1xx_HAL_Driver/Src/stm32f1xx_hal_tim.o
                0x0800389a                HAL_TIM_OC_DelayElapsedCallback
 .text.HAL_TIM_IC_CaptureCallback
                0x080038ac       0x12 ./Drivers/STM32F1xx_HAL_Driver/Src/stm32f1xx_hal_tim.o
                0x080038ac                HAL_TIM_IC_CaptureCallback
 .text.HAL_TIM_PWM_PulseFinishedCallback
                0x080038be       0x12 ./Drivers/STM32F1xx_HAL_Driver/Src/stm32f1xx_hal_tim.o
                0x080038be                HAL_TIM_PWM_PulseFinishedCallback
 .text.HAL_TIM_TriggerCallback
                0x080038d0       0x12 ./Drivers/STM32F1xx_HAL_Driver/Src/stm32f1xx_hal_tim.o
                0x080038d0                HAL_TIM_TriggerCallback
 *fill*         0x080038e2        0x2 
 .text.TIM_Base_SetConfig
                0x080038e4       0xdc ./Drivers/STM32F1xx_HAL_Driver/Src/stm32f1xx_hal_tim.o
                0x080038e4                TIM_Base_SetConfig
 .text.TIM_OC1_SetConfig
                0x080039c0       0xcc ./Drivers/STM32F1xx_HAL_Driver/Src/stm32f1xx_hal_tim.o
 .text.TIM_OC2_SetConfig
                0x08003a8c       0xd4 ./Drivers/STM32F1xx_HAL_Driver/Src/stm32f1xx_hal_tim.o
                0x08003a8c                TIM_OC2_SetConfig
 .text.TIM_OC3_SetConfig
                0x08003b60       0xd4 ./Drivers/STM32F1xx_HAL_Driver/Src/stm32f1xx_hal_tim.o
 .text.TIM_OC4_SetConfig
                0x08003c34       0x9c ./Drivers/STM32F1xx_HAL_Driver/Src/stm32f1xx_hal_tim.o
 .text.TIM_TI1_ConfigInputStage
                0x08003cd0       0x5c ./Drivers/STM32F1xx_HAL_Driver/Src/stm32f1xx_hal_tim.o
 .text.TIM_TI2_ConfigInputStage
                0x08003d2c       0x5e ./Drivers/STM32F1xx_HAL_Driver/Src/stm32f1xx_hal_tim.o
 .text.TIM_ITRx_SetConfig
                0x08003d8a       0x34 ./Drivers/STM32F1xx_HAL_Driver/Src/stm32f1xx_hal_tim.o
 .text.TIM_ETR_SetConfig
                0x08003dbe       0x3e ./Drivers/STM32F1xx_HAL_Driver/Src/stm32f1xx_hal_tim.o
                0x08003dbe                TIM_ETR_SetConfig
 .text.TIM_CCxChannelCmd
                0x08003dfc       0x48 ./Drivers/STM32F1xx_HAL_Driver/Src/stm32f1xx_hal_tim.o
                0x08003dfc                TIM_CCxChannelCmd
 .text.HAL_TIMEx_MasterConfigSynchronization
                0x08003e44       0xbc ./Drivers/STM32F1xx_HAL_Driver/Src/stm32f1xx_hal_tim_ex.o
                0x08003e44                HAL_TIMEx_MasterConfigSynchronization
 .text.HAL_TIMEx_CommutCallback
                0x08003f00       0x12 ./Drivers/STM32F1xx_HAL_Driver/Src/stm32f1xx_hal_tim_ex.o
                0x08003f00                HAL_TIMEx_CommutCallback
 .text.HAL_TIMEx_BreakCallback
                0x08003f12       0x12 ./Drivers/STM32F1xx_HAL_Driver/Src/stm32f1xx_hal_tim_ex.o
                0x08003f12                HAL_TIMEx_BreakCallback
 .text.HAL_UART_Init
                0x08003f24       0xa0 ./Drivers/STM32F1xx_HAL_Driver/Src/stm32f1xx_hal_uart.o
                0x08003f24                HAL_UART_Init
 .text.HAL_UART_Transmit
                0x08003fc4      0x116 ./Drivers/STM32F1xx_HAL_Driver/Src/stm32f1xx_hal_uart.o
                0x08003fc4                HAL_UART_Transmit
 .text.HAL_UARTEx_ReceiveToIdle_DMA
                0x080040da       0xb2 ./Drivers/STM32F1xx_HAL_Driver/Src/stm32f1xx_hal_uart.o
                0x080040da                HAL_UARTEx_ReceiveToIdle_DMA
 .text.HAL_UART_IRQHandler
                0x0800418c      0x524 ./Drivers/STM32F1xx_HAL_Driver/Src/stm32f1xx_hal_uart.o
                0x0800418c                HAL_UART_IRQHandler
 .text.HAL_UART_TxCpltCallback
                0x080046b0       0x12 ./Drivers/STM32F1xx_HAL_Driver/Src/stm32f1xx_hal_uart.o
                0x080046b0                HAL_UART_TxCpltCallback
 .text.HAL_UART_RxCpltCallback
                0x080046c2       0x12 ./Drivers/STM32F1xx_HAL_Driver/Src/stm32f1xx_hal_uart.o
                0x080046c2                HAL_UART_RxCpltCallback
 .text.HAL_UART_RxHalfCpltCallback
                0x080046d4       0x12 ./Drivers/STM32F1xx_HAL_Driver/Src/stm32f1xx_hal_uart.o
                0x080046d4                HAL_UART_RxHalfCpltCallback
 .text.HAL_UART_ErrorCallback
                0x080046e6       0x12 ./Drivers/STM32F1xx_HAL_Driver/Src/stm32f1xx_hal_uart.o
                0x080046e6                HAL_UART_ErrorCallback
 .text.UART_DMAReceiveCplt
                0x080046f8      0x12c ./Drivers/STM32F1xx_HAL_Driver/Src/stm32f1xx_hal_uart.o
 .text.UART_DMARxHalfCplt
                0x08004824       0x3c ./Drivers/STM32F1xx_HAL_Driver/Src/stm32f1xx_hal_uart.o
 .text.UART_DMAError
                0x08004860       0x94 ./Drivers/STM32F1xx_HAL_Driver/Src/stm32f1xx_hal_uart.o
 .text.UART_WaitOnFlagUntilTimeout
                0x080048f4       0xb2 ./Drivers/STM32F1xx_HAL_Driver/Src/stm32f1xx_hal_uart.o
 *fill*         0x080049a6        0x2 
 .text.UART_Start_Receive_DMA
                0x080049a8      0x134 ./Drivers/STM32F1xx_HAL_Driver/Src/stm32f1xx_hal_uart.o
                0x080049a8                UART_Start_Receive_DMA
 .text.UART_EndTxTransfer
                0x08004adc       0x4e ./Drivers/STM32F1xx_HAL_Driver/Src/stm32f1xx_hal_uart.o
 .text.UART_EndRxTransfer
                0x08004b2a       0xc4 ./Drivers/STM32F1xx_HAL_Driver/Src/stm32f1xx_hal_uart.o
 .text.UART_DMAAbortOnError
                0x08004bee       0x28 ./Drivers/STM32F1xx_HAL_Driver/Src/stm32f1xx_hal_uart.o
 .text.UART_Transmit_IT
                0x08004c16       0x9e ./Drivers/STM32F1xx_HAL_Driver/Src/stm32f1xx_hal_uart.o
 .text.UART_EndTransmit_IT
                0x08004cb4       0x30 ./Drivers/STM32F1xx_HAL_Driver/Src/stm32f1xx_hal_uart.o
 .text.UART_Receive_IT
                0x08004ce4      0x17c ./Drivers/STM32F1xx_HAL_Driver/Src/stm32f1xx_hal_uart.o
 .text.UART_SetConfig
                0x08004e60      0x11c ./Drivers/STM32F1xx_HAL_Driver/Src/stm32f1xx_hal_uart.o
 .text.__NVIC_SetPriority
                0x08004f7c       0x54 ./Middlewares/Third_Party/FreeRTOS/Source/CMSIS_RTOS_V2/cmsis_os2.o
 .text.SysTick_Handler
                0x08004fd0       0x20 ./Middlewares/Third_Party/FreeRTOS/Source/CMSIS_RTOS_V2/cmsis_os2.o
                0x08004fd0                SysTick_Handler
 .text.SVC_Setup
                0x08004ff0       0x12 ./Middlewares/Third_Party/FreeRTOS/Source/CMSIS_RTOS_V2/cmsis_os2.o
 *fill*         0x08005002        0x2 
 .text.osKernelInitialize
                0x08005004       0x44 ./Middlewares/Third_Party/FreeRTOS/Source/CMSIS_RTOS_V2/cmsis_os2.o
                0x08005004                osKernelInitialize
 .text.osKernelStart
                0x08005048       0x4c ./Middlewares/Third_Party/FreeRTOS/Source/CMSIS_RTOS_V2/cmsis_os2.o
                0x08005048                osKernelStart
 .text.osKernelGetTickCount
                0x08005094       0x2a ./Middlewares/Third_Party/FreeRTOS/Source/CMSIS_RTOS_V2/cmsis_os2.o
                0x08005094                osKernelGetTickCount
 .text.osKernelGetTickFreq
                0x080050be       0x10 ./Middlewares/Third_Party/FreeRTOS/Source/CMSIS_RTOS_V2/cmsis_os2.o
                0x080050be                osKernelGetTickFreq
 .text.osThreadNew
                0x080050ce      0x124 ./Middlewares/Third_Party/FreeRTOS/Source/CMSIS_RTOS_V2/cmsis_os2.o
                0x080050ce                osThreadNew
 *fill*         0x080051f2        0x2 
 .text.osThreadFlagsSet
                0x080051f4       0x9c ./Middlewares/Third_Party/FreeRTOS/Source/CMSIS_RTOS_V2/cmsis_os2.o
                0x080051f4                osThreadFlagsSet
 .text.osThreadFlagsWait
                0x08005290      0x102 ./Middlewares/Third_Party/FreeRTOS/Source/CMSIS_RTOS_V2/cmsis_os2.o
                0x08005290                osThreadFlagsWait
 .text.osDelayUntil
                0x08005392       0x5a ./Middlewares/Third_Party/FreeRTOS/Source/CMSIS_RTOS_V2/cmsis_os2.o
                0x08005392                osDelayUntil
 .text.vApplicationGetIdleTaskMemory
                0x080053ec       0x30 ./Middlewares/Third_Party/FreeRTOS/Source/CMSIS_RTOS_V2/cmsis_os2.o
                0x080053ec                vApplicationGetIdleTaskMemory
 .text.vApplicationGetTimerTaskMemory
                0x0800541c       0x34 ./Middlewares/Third_Party/FreeRTOS/Source/CMSIS_RTOS_V2/cmsis_os2.o
                0x0800541c                vApplicationGetTimerTaskMemory
 .text.vListInitialise
                0x08005450       0x3e ./Middlewares/Third_Party/FreeRTOS/Source/list.o
                0x08005450                vListInitialise
 .text.vListInitialiseItem
                0x0800548e       0x18 ./Middlewares/Third_Party/FreeRTOS/Source/list.o
                0x0800548e                vListInitialiseItem
 .text.vListInsertEnd
                0x080054a6       0x46 ./Middlewares/Third_Party/FreeRTOS/Source/list.o
                0x080054a6                vListInsertEnd
 .text.vListInsert
                0x080054ec       0x70 ./Middlewares/Third_Party/FreeRTOS/Source/list.o
                0x080054ec                vListInsert
 .text.uxListRemove
                0x0800555c       0x52 ./Middlewares/Third_Party/FreeRTOS/Source/list.o
                0x0800555c                uxListRemove
 *fill*         0x080055ae        0x2 
 .text.xQueueGenericReset
                0x080055b0       0xd4 ./Middlewares/Third_Party/FreeRTOS/Source/queue.o
                0x080055b0                xQueueGenericReset
 .text.xQueueGenericCreateStatic
                0x08005684       0xfa ./Middlewares/Third_Party/FreeRTOS/Source/queue.o
                0x08005684                xQueueGenericCreateStatic
 .text.prvInitialiseNewQueue
                0x0800577e       0x46 ./Middlewares/Third_Party/FreeRTOS/Source/queue.o
 .text.xQueueGenericSend
                0x080057c4      0x204 ./Middlewares/Third_Party/FreeRTOS/Source/queue.o
                0x080057c4                xQueueGenericSend
 .text.xQueueGenericSendFromISR
                0x080059c8      0x13c ./Middlewares/Third_Party/FreeRTOS/Source/queue.o
                0x080059c8                xQueueGenericSendFromISR
 .text.xQueueReceive
                0x08005b04      0x1c4 ./Middlewares/Third_Party/FreeRTOS/Source/queue.o
                0x08005b04                xQueueReceive
 .text.prvCopyDataToQueue
                0x08005cc8       0xd4 ./Middlewares/Third_Party/FreeRTOS/Source/queue.o
 .text.prvCopyDataFromQueue
                0x08005d9c       0x4c ./Middlewares/Third_Party/FreeRTOS/Source/queue.o
 .text.prvUnlockQueue
                0x08005de8       0xa4 ./Middlewares/Third_Party/FreeRTOS/Source/queue.o
 .text.prvIsQueueEmpty
                0x08005e8c       0x2c ./Middlewares/Third_Party/FreeRTOS/Source/queue.o
 .text.prvIsQueueFull
                0x08005eb8       0x30 ./Middlewares/Third_Party/FreeRTOS/Source/queue.o
 .text.vQueueAddToRegistry
                0x08005ee8       0x50 ./Middlewares/Third_Party/FreeRTOS/Source/queue.o
                0x08005ee8                vQueueAddToRegistry
 .text.vQueueWaitForMessageRestricted
                0x08005f38       0x68 ./Middlewares/Third_Party/FreeRTOS/Source/queue.o
                0x08005f38                vQueueWaitForMessageRestricted
 .text.xTaskCreateStatic
                0x08005fa0       0xc0 ./Middlewares/Third_Party/FreeRTOS/Source/tasks.o
                0x08005fa0                xTaskCreateStatic
 .text.xTaskCreate
                0x08006060       0x8a ./Middlewares/Third_Party/FreeRTOS/Source/tasks.o
                0x08006060                xTaskCreate
 .text.prvInitialiseNewTask
                0x080060ea      0x120 ./Middlewares/Third_Party/FreeRTOS/Source/tasks.o
 *fill*         0x0800620a        0x2 
 .text.prvAddNewTaskToReadyList
                0x0800620c       0xe0 ./Middlewares/Third_Party/FreeRTOS/Source/tasks.o
 .text.vTaskDelayUntil
                0x080062ec      0x100 ./Middlewares/Third_Party/FreeRTOS/Source/tasks.o
                0x080062ec                vTaskDelayUntil
 .text.vTaskStartScheduler
                0x080063ec       0xd0 ./Middlewares/Third_Party/FreeRTOS/Source/tasks.o
                0x080063ec                vTaskStartScheduler
 .text.vTaskSuspendAll
                0x080064bc       0x1c ./Middlewares/Third_Party/FreeRTOS/Source/tasks.o
                0x080064bc                vTaskSuspendAll
 .text.xTaskResumeAll
                0x080064d8      0x13c ./Middlewares/Third_Party/FreeRTOS/Source/tasks.o
                0x080064d8                xTaskResumeAll
 .text.xTaskGetTickCount
                0x08006614       0x1c ./Middlewares/Third_Party/FreeRTOS/Source/tasks.o
                0x08006614                xTaskGetTickCount
 .text.xTaskGetTickCountFromISR
                0x08006630       0x24 ./Middlewares/Third_Party/FreeRTOS/Source/tasks.o
                0x08006630                xTaskGetTickCountFromISR
 .text.xTaskIncrementTick
                0x08006654      0x174 ./Middlewares/Third_Party/FreeRTOS/Source/tasks.o
                0x08006654                xTaskIncrementTick
 .text.vTaskSwitchContext
                0x080067c8       0xbc ./Middlewares/Third_Party/FreeRTOS/Source/tasks.o
                0x080067c8                vTaskSwitchContext
 .text.vTaskPlaceOnEventList
                0x08006884       0x4c ./Middlewares/Third_Party/FreeRTOS/Source/tasks.o
                0x08006884                vTaskPlaceOnEventList
 .text.vTaskPlaceOnEventListRestricted
                0x080068d0       0x58 ./Middlewares/Third_Party/FreeRTOS/Source/tasks.o
                0x080068d0                vTaskPlaceOnEventListRestricted
 .text.xTaskRemoveFromEventList
                0x08006928       0xc8 ./Middlewares/Third_Party/FreeRTOS/Source/tasks.o
                0x08006928                xTaskRemoveFromEventList
 .text.vTaskInternalSetTimeOutState
                0x080069f0       0x2c ./Middlewares/Third_Party/FreeRTOS/Source/tasks.o
                0x080069f0                vTaskInternalSetTimeOutState
 .text.xTaskCheckForTimeOut
                0x08006a1c       0xc8 ./Middlewares/Third_Party/FreeRTOS/Source/tasks.o
                0x08006a1c                xTaskCheckForTimeOut
 .text.vTaskMissedYield
                0x08006ae4       0x18 ./Middlewares/Third_Party/FreeRTOS/Source/tasks.o
                0x08006ae4                vTaskMissedYield
 .text.prvIdleTask
                0x08006afc       0x30 ./Middlewares/Third_Party/FreeRTOS/Source/tasks.o
 .text.prvInitialiseTaskLists
                0x08006b2c       0x80 ./Middlewares/Third_Party/FreeRTOS/Source/tasks.o
 .text.prvCheckTasksWaitingTermination
                0x08006bac       0x5c ./Middlewares/Third_Party/FreeRTOS/Source/tasks.o
 .text.prvDeleteTCB
                0x08006c08       0x60 ./Middlewares/Third_Party/FreeRTOS/Source/tasks.o
 .text.prvResetNextTaskUnblockTime
                0x08006c68       0x40 ./Middlewares/Third_Party/FreeRTOS/Source/tasks.o
 .text.xTaskGetSchedulerState
                0x08006ca8       0x3c ./Middlewares/Third_Party/FreeRTOS/Source/tasks.o
                0x08006ca8                xTaskGetSchedulerState
 .text.xTaskPriorityDisinherit
                0x08006ce4       0xe0 ./Middlewares/Third_Party/FreeRTOS/Source/tasks.o
                0x08006ce4                xTaskPriorityDisinherit
 .text.xTaskNotifyWait
                0x08006dc4       0xb4 ./Middlewares/Third_Party/FreeRTOS/Source/tasks.o
                0x08006dc4                xTaskNotifyWait
 .text.xTaskGenericNotify
                0x08006e78      0x174 ./Middlewares/Third_Party/FreeRTOS/Source/tasks.o
                0x08006e78                xTaskGenericNotify
 .text.xTaskGenericNotifyFromISR
                0x08006fec      0x1c0 ./Middlewares/Third_Party/FreeRTOS/Source/tasks.o
                0x08006fec                xTaskGenericNotifyFromISR
 .text.prvAddCurrentTaskToDelayedList
                0x080071ac       0xa8 ./Middlewares/Third_Party/FreeRTOS/Source/tasks.o
 .text.xTimerCreateTimerTask
                0x08007254       0x94 ./Middlewares/Third_Party/FreeRTOS/Source/timers.o
                0x08007254                xTimerCreateTimerTask
 .text.xTimerGenericCommand
                0x080072e8       0x9c ./Middlewares/Third_Party/FreeRTOS/Source/timers.o
                0x080072e8                xTimerGenericCommand
 .text.prvProcessExpiredTimer
                0x08007384       0x9c ./Middlewares/Third_Party/FreeRTOS/Source/timers.o
 .text.prvTimerTask
                0x08007420       0x26 ./Middlewares/Third_Party/FreeRTOS/Source/timers.o
 *fill*         0x08007446        0x2 
 .text.prvProcessTimerOrBlockTask
                0x08007448       0x9c ./Middlewares/Third_Party/FreeRTOS/Source/timers.o
 .text.prvGetNextExpireTime
                0x080074e4       0x44 ./Middlewares/Third_Party/FreeRTOS/Source/timers.o
 .text.prvSampleTimeNow
                0x08007528       0x40 ./Middlewares/Third_Party/FreeRTOS/Source/timers.o
 .text.prvInsertTimerInActiveList
                0x08007568       0x84 ./Middlewares/Third_Party/FreeRTOS/Source/timers.o
 .text.prvProcessReceivedCommands
                0x080075ec      0x1cc ./Middlewares/Third_Party/FreeRTOS/Source/timers.o
 .text.prvSwitchTimerLists
                0x080077b8       0xcc ./Middlewares/Third_Party/FreeRTOS/Source/timers.o
 .text.prvCheckForValidListAndQueue
                0x08007884       0x80 ./Middlewares/Third_Party/FreeRTOS/Source/timers.o
 .text.pxPortInitialiseStack
                0x08007904       0x58 ./Middlewares/Third_Party/FreeRTOS/Source/portable/GCC/ARM_CM3/port.o
                0x08007904                pxPortInitialiseStack
 .text.prvTaskExitError
                0x0800795c       0x58 ./Middlewares/Third_Party/FreeRTOS/Source/portable/GCC/ARM_CM3/port.o
 *fill*         0x080079b4        0xc 
 .text.SVC_Handler
                0x080079c0       0x28 ./Middlewares/Third_Party/FreeRTOS/Source/portable/GCC/ARM_CM3/port.o
                0x080079c0                SVC_Handler
 .text.prvPortStartFirstTask
                0x080079e8       0x20 ./Middlewares/Third_Party/FreeRTOS/Source/portable/GCC/ARM_CM3/port.o
 .text.xPortStartScheduler
                0x08007a08       0xe4 ./Middlewares/Third_Party/FreeRTOS/Source/portable/GCC/ARM_CM3/port.o
                0x08007a08                xPortStartScheduler
 .text.vPortEnterCritical
                0x08007aec       0x60 ./Middlewares/Third_Party/FreeRTOS/Source/portable/GCC/ARM_CM3/port.o
                0x08007aec                vPortEnterCritical
 .text.vPortExitCritical
                0x08007b4c       0x54 ./Middlewares/Third_Party/FreeRTOS/Source/portable/GCC/ARM_CM3/port.o
                0x08007b4c                vPortExitCritical
 .text.PendSV_Handler
                0x08007ba0       0x48 ./Middlewares/Third_Party/FreeRTOS/Source/portable/GCC/ARM_CM3/port.o
                0x08007ba0                PendSV_Handler
 .text.xPortSysTickHandler
                0x08007be8       0x44 ./Middlewares/Third_Party/FreeRTOS/Source/portable/GCC/ARM_CM3/port.o
                0x08007be8                xPortSysTickHandler
 .text.vPortSetupTimerInterrupt
                0x08007c2c       0x44 ./Middlewares/Third_Party/FreeRTOS/Source/portable/GCC/ARM_CM3/port.o
                0x08007c2c                vPortSetupTimerInterrupt
 .text.vPortValidateInterruptPriority
                0x08007c70       0x80 ./Middlewares/Third_Party/FreeRTOS/Source/portable/GCC/ARM_CM3/port.o
                0x08007c70                vPortValidateInterruptPriority
 .text.pvPortMalloc
                0x08007cf0      0x19c ./Middlewares/Third_Party/FreeRTOS/Source/portable/MemMang/heap_4.o
                0x08007cf0                pvPortMalloc
 .text.vPortFree
                0x08007e8c       0xc8 ./Middlewares/Third_Party/FreeRTOS/Source/portable/MemMang/heap_4.o
                0x08007e8c                vPortFree
 .text.prvHeapInit
                0x08007f54       0xc4 ./Middlewares/Third_Party/FreeRTOS/Source/portable/MemMang/heap_4.o
 .text.prvInsertBlockIntoFreeList
                0x08008018       0xb0 ./Middlewares/Third_Party/FreeRTOS/Source/portable/MemMang/heap_4.o
 .text.memmove  0x080080c8       0x34 D:/STM32/STM32CubeIDE_1.19.0/STM32CubeIDE/plugins/com.st.stm32cube.ide.mcu.externaltools.gnu-tools-for-stm32.13.3.rel1.win32_1.0.0.202411081344/tools/bin/../lib/gcc/arm-none-eabi/13.3.1/../../../../arm-none-eabi/lib/thumb/v7-m/nofp\libc_nano.a(libc_a-memmove.o)
                0x080080c8                memmove
 .text.memset   0x080080fc       0x10 D:/STM32/STM32CubeIDE_1.19.0/STM32CubeIDE/plugins/com.st.stm32cube.ide.mcu.externaltools.gnu-tools-for-stm32.13.3.rel1.win32_1.0.0.202411081344/tools/bin/../lib/gcc/arm-none-eabi/13.3.1/../../../../arm-none-eabi/lib/thumb/v7-m/nofp\libc_nano.a(libc_a-memset.o)
                0x080080fc                memset
 .text.__libc_init_array
                0x0800810c       0x48 D:/STM32/STM32CubeIDE_1.19.0/STM32CubeIDE/plugins/com.st.stm32cube.ide.mcu.externaltools.gnu-tools-for-stm32.13.3.rel1.win32_1.0.0.202411081344/tools/bin/../lib/gcc/arm-none-eabi/13.3.1/../../../../arm-none-eabi/lib/thumb/v7-m/nofp\libc_nano.a(libc_a-init.o)
                0x0800810c                __libc_init_array
 .text.memcpy   0x08008154       0x1c D:/STM32/STM32CubeIDE_1.19.0/STM32CubeIDE/plugins/com.st.stm32cube.ide.mcu.externaltools.gnu-tools-for-stm32.13.3.rel1.win32_1.0.0.202411081344/tools/bin/../lib/gcc/arm-none-eabi/13.3.1/../../../../arm-none-eabi/lib/thumb/v7-m/nofp\libc_nano.a(libc_a-memcpy-stub.o)
                0x08008154                memcpy
 *(.glue_7)
 .glue_7        0x08008170        0x0 linker stubs
 *(.glue_7t)
 .glue_7t       0x08008170        0x0 linker stubs
 *(.eh_frame)
 .eh_frame      0x08008170        0x0 D:/STM32/STM32CubeIDE_1.19.0/STM32CubeIDE/plugins/com.st.stm32cube.ide.mcu.externaltools.gnu-tools-for-stm32.13.3.rel1.win32_1.0.0.202411081344/tools/bin/../lib/gcc/arm-none-eabi/13.3.1/thumb/v7-m/nofp/crtbegin.o
 *(.init)
 .init          0x08008170        0x4 D:/STM32/STM32CubeIDE_1.19.0/STM32CubeIDE/plugins/com.st.stm32cube.ide.mcu.externaltools.gnu-tools-for-stm32.13.3.rel1.win32_1.0.0.202411081344/tools/bin/../lib/gcc/arm-none-eabi/13.3.1/thumb/v7-m/nofp/crti.o
                0x08008170                _init
 .init          0x08008174        0x8 D:/STM32/STM32CubeIDE_1.19.0/STM32CubeIDE/plugins/com.st.stm32cube.ide.mcu.externaltools.gnu-tools-for-stm32.13.3.rel1.win32_1.0.0.202411081344/tools/bin/../lib/gcc/arm-none-eabi/13.3.1/thumb/v7-m/nofp/crtn.o
 *(.fini)
 .fini          0x0800817c        0x4 D:/STM32/STM32CubeIDE_1.19.0/STM32CubeIDE/plugins/com.st.stm32cube.ide.mcu.externaltools.gnu-tools-for-stm32.13.3.rel1.win32_1.0.0.202411081344/tools/bin/../lib/gcc/arm-none-eabi/13.3.1/thumb/v7-m/nofp/crti.o
                0x0800817c                _fini
 .fini          0x08008180        0x8 D:/STM32/STM32CubeIDE_1.19.0/STM32CubeIDE/plugins/com.st.stm32cube.ide.mcu.externaltools.gnu-tools-for-stm32.13.3.rel1.win32_1.0.0.202411081344/tools/bin/../lib/gcc/arm-none-eabi/13.3.1/thumb/v7-m/nofp/crtn.o
                0x08008188                        . = ALIGN (0x4)
                0x08008188                        _etext = .

.vfp11_veneer   0x08008188        0x0
 .vfp11_veneer  0x08008188        0x0 linker stubs

.v4_bx          0x08008188        0x0
 .v4_bx         0x08008188        0x0 linker stubs

.iplt           0x08008188        0x0
 .iplt          0x08008188        0x0 D:/STM32/STM32CubeIDE_1.19.0/STM32CubeIDE/plugins/com.st.stm32cube.ide.mcu.externaltools.gnu-tools-for-stm32.13.3.rel1.win32_1.0.0.202411081344/tools/bin/../lib/gcc/arm-none-eabi/13.3.1/thumb/v7-m/nofp/crtbegin.o

.rodata         0x08008188       0xb4
                0x08008188                        . = ALIGN (0x4)
 *(.rodata)
 .rodata        0x08008188        0xc ./Core/Src/UARTComms.o
 .rodata        0x08008194       0x1a ./Core/Src/freertos.o
 *fill*         0x080081ae        0x2 
 .rodata        0x080081b0        0x5 ./Middlewares/Third_Party/FreeRTOS/Source/tasks.o
 *fill*         0x080081b5        0x3 
 .rodata        0x080081b8        0xd ./Middlewares/Third_Party/FreeRTOS/Source/timers.o
 *(.rodata*)
 *fill*         0x080081c5        0x3 
 .rodata.CommsTask_attributes
                0x080081c8       0x24 ./Core/Src/freertos.o
                0x080081c8                CommsTask_attributes
 .rodata.MotorControll_attributes
                0x080081ec       0x24 ./Core/Src/freertos.o
                0x080081ec                MotorControll_attributes
 .rodata.AHBPrescTable
                0x08008210       0x10 ./Core/Src/system_stm32f1xx.o
                0x08008210                AHBPrescTable
 .rodata.APBPrescTable
                0x08008220        0x8 ./Core/Src/system_stm32f1xx.o
                0x08008220                APBPrescTable
 .rodata.aPLLMULFactorTable.1
                0x08008228       0x10 ./Drivers/STM32F1xx_HAL_Driver/Src/stm32f1xx_hal_rcc.o
 .rodata.aPredivFactorTable.0
                0x08008238        0x2 ./Drivers/STM32F1xx_HAL_Driver/Src/stm32f1xx_hal_rcc.o
                0x0800823c                        . = ALIGN (0x4)
 *fill*         0x0800823a        0x2 

.ARM.extab      0x0800823c        0x0
                0x0800823c                        . = ALIGN (0x4)
 *(.ARM.extab* .gnu.linkonce.armextab.*)
                0x0800823c                        . = ALIGN (0x4)

.ARM            0x0800823c        0x0
                0x0800823c                        . = ALIGN (0x4)
                0x0800823c                        __exidx_start = .
 *(.ARM.exidx*)
                0x0800823c                        __exidx_end = .
                0x0800823c                        . = ALIGN (0x4)

.preinit_array  0x0800823c        0x0
                0x0800823c                        . = ALIGN (0x4)
                0x0800823c                        PROVIDE (__preinit_array_start = .)
 *(.preinit_array*)
                0x0800823c                        PROVIDE (__preinit_array_end = .)
                0x0800823c                        . = ALIGN (0x4)

.init_array     0x0800823c        0x4
                0x0800823c                        . = ALIGN (0x4)
                0x0800823c                        PROVIDE (__init_array_start = .)
 *(SORT_BY_NAME(.init_array.*))
 *(.init_array*)
 .init_array    0x0800823c        0x4 D:/STM32/STM32CubeIDE_1.19.0/STM32CubeIDE/plugins/com.st.stm32cube.ide.mcu.externaltools.gnu-tools-for-stm32.13.3.rel1.win32_1.0.0.202411081344/tools/bin/../lib/gcc/arm-none-eabi/13.3.1/thumb/v7-m/nofp/crtbegin.o
                0x08008240                        PROVIDE (__init_array_end = .)
                0x08008240                        . = ALIGN (0x4)

.fini_array     0x08008240        0x4
                0x08008240                        . = ALIGN (0x4)
                [!provide]                        PROVIDE (__fini_array_start = .)
 *(SORT_BY_NAME(.fini_array.*))
 *(.fini_array*)
 .fini_array    0x08008240        0x4 D:/STM32/STM32CubeIDE_1.19.0/STM32CubeIDE/plugins/com.st.stm32cube.ide.mcu.externaltools.gnu-tools-for-stm32.13.3.rel1.win32_1.0.0.202411081344/tools/bin/../lib/gcc/arm-none-eabi/13.3.1/thumb/v7-m/nofp/crtbegin.o
                [!provide]                        PROVIDE (__fini_array_end = .)
                0x08008244                        . = ALIGN (0x4)
                0x08008244                        _sidata = LOADADDR (.data)

.rel.dyn        0x08008244        0x0
 .rel.iplt      0x08008244        0x0 D:/STM32/STM32CubeIDE_1.19.0/STM32CubeIDE/plugins/com.st.stm32cube.ide.mcu.externaltools.gnu-tools-for-stm32.13.3.rel1.win32_1.0.0.202411081344/tools/bin/../lib/gcc/arm-none-eabi/13.3.1/thumb/v7-m/nofp/crtbegin.o

.data           0x20000000       0x10 load address 0x08008244
                0x20000000                        . = ALIGN (0x4)
                0x20000000                        _sdata = .
 *(.data)
 *(.data*)
 .data.SystemCoreClock
                0x20000000        0x4 ./Core/Src/system_stm32f1xx.o
                0x20000000                SystemCoreClock
 .data.uwTickPrio
                0x20000004        0x4 ./Drivers/STM32F1xx_HAL_Driver/Src/stm32f1xx_hal.o
                0x20000004                uwTickPrio
 .data.uwTickFreq
                0x20000008        0x1 ./Drivers/STM32F1xx_HAL_Driver/Src/stm32f1xx_hal.o
                0x20000008                uwTickFreq
 *fill*         0x20000009        0x3 
 .data.uxCriticalNesting
                0x2000000c        0x4 ./Middlewares/Third_Party/FreeRTOS/Source/portable/GCC/ARM_CM3/port.o
 *(.RamFunc)
 *(.RamFunc*)
                0x20000010                        . = ALIGN (0x4)
                0x20000010                        _edata = .

.igot.plt       0x20000010        0x0 load address 0x08008254
 .igot.plt      0x20000010        0x0 D:/STM32/STM32CubeIDE_1.19.0/STM32CubeIDE/plugins/com.st.stm32cube.ide.mcu.externaltools.gnu-tools-for-stm32.13.3.rel1.win32_1.0.0.202411081344/tools/bin/../lib/gcc/arm-none-eabi/13.3.1/thumb/v7-m/nofp/crtbegin.o
                0x20000010                        . = ALIGN (0x4)

.bss            0x20000010     0x1c74 load address 0x08008254
                0x20000010                        _sbss = .
                0x20000010                        __bss_start__ = _sbss
 *(.bss)
 .bss           0x20000010       0x1c D:/STM32/STM32CubeIDE_1.19.0/STM32CubeIDE/plugins/com.st.stm32cube.ide.mcu.externaltools.gnu-tools-for-stm32.13.3.rel1.win32_1.0.0.202411081344/tools/bin/../lib/gcc/arm-none-eabi/13.3.1/thumb/v7-m/nofp/crtbegin.o
 *(.bss*)
 .bss.MotorA_CascadeCtrl
                0x2000002c       0x50 ./Core/Src/MG370.o
                0x2000002c                MotorA_CascadeCtrl
 .bss.MotorB_CascadeCtrl
                0x2000007c       0x50 ./Core/Src/MG370.o
                0x2000007c                MotorB_CascadeCtrl
 .bss.receiveBuffer
                0x200000cc       0x32 ./Core/Src/UARTComms.o
                0x200000cc                receiveBuffer
 .bss.receivedCMD
                0x200000fe        0x1 ./Core/Src/UARTComms.o
                0x200000fe                receivedCMD
 *fill*         0x200000ff        0x1 
 .bss.receivedData
                0x20000100       0x30 ./Core/Src/UARTComms.o
                0x20000100                receivedData
 .bss.hcrc      0x20000130        0x8 ./Core/Src/crc.o
                0x20000130                hcrc
 .bss.CommsTaskHandle
                0x20000138        0x4 ./Core/Src/freertos.o
                0x20000138                CommsTaskHandle
 .bss.MotorControllHandle
                0x2000013c        0x4 ./Core/Src/freertos.o
                0x2000013c                MotorControllHandle
 .bss.htim4     0x20000140       0x48 ./Core/Src/stm32f1xx_hal_timebase_tim.o
                0x20000140                htim4
 .bss.htim1     0x20000188       0x48 ./Core/Src/tim.o
                0x20000188                htim1
 .bss.htim2     0x200001d0       0x48 ./Core/Src/tim.o
                0x200001d0                htim2
 .bss.htim3     0x20000218       0x48 ./Core/Src/tim.o
                0x20000218                htim3
 .bss.huart2    0x20000260       0x48 ./Core/Src/usart.o
                0x20000260                huart2
 .bss.hdma_usart2_rx
                0x200002a8       0x44 ./Core/Src/usart.o
                0x200002a8                hdma_usart2_rx
 .bss.hdma_usart2_tx
                0x200002ec       0x44 ./Core/Src/usart.o
                0x200002ec                hdma_usart2_tx
 .bss.uwTick    0x20000330        0x4 ./Drivers/STM32F1xx_HAL_Driver/Src/stm32f1xx_hal.o
                0x20000330                uwTick
 .bss.KernelState
                0x20000334        0x4 ./Middlewares/Third_Party/FreeRTOS/Source/CMSIS_RTOS_V2/cmsis_os2.o
 .bss.Idle_TCB.3
                0x20000338       0x5c ./Middlewares/Third_Party/FreeRTOS/Source/CMSIS_RTOS_V2/cmsis_os2.o
 .bss.Idle_Stack.2
                0x20000394      0x200 ./Middlewares/Third_Party/FreeRTOS/Source/CMSIS_RTOS_V2/cmsis_os2.o
 .bss.Timer_TCB.1
                0x20000594       0x5c ./Middlewares/Third_Party/FreeRTOS/Source/CMSIS_RTOS_V2/cmsis_os2.o
 .bss.Timer_Stack.0
                0x200005f0      0x400 ./Middlewares/Third_Party/FreeRTOS/Source/CMSIS_RTOS_V2/cmsis_os2.o
 .bss.xQueueRegistry
                0x200009f0       0x40 ./Middlewares/Third_Party/FreeRTOS/Source/queue.o
                0x200009f0                xQueueRegistry
 .bss.pxCurrentTCB
                0x20000a30        0x4 ./Middlewares/Third_Party/FreeRTOS/Source/tasks.o
                0x20000a30                pxCurrentTCB
 .bss.pxReadyTasksLists
                0x20000a34      0x460 ./Middlewares/Third_Party/FreeRTOS/Source/tasks.o
 .bss.xDelayedTaskList1
                0x20000e94       0x14 ./Middlewares/Third_Party/FreeRTOS/Source/tasks.o
 .bss.xDelayedTaskList2
                0x20000ea8       0x14 ./Middlewares/Third_Party/FreeRTOS/Source/tasks.o
 .bss.pxDelayedTaskList
                0x20000ebc        0x4 ./Middlewares/Third_Party/FreeRTOS/Source/tasks.o
 .bss.pxOverflowDelayedTaskList
                0x20000ec0        0x4 ./Middlewares/Third_Party/FreeRTOS/Source/tasks.o
 .bss.xPendingReadyList
                0x20000ec4       0x14 ./Middlewares/Third_Party/FreeRTOS/Source/tasks.o
 .bss.xTasksWaitingTermination
                0x20000ed8       0x14 ./Middlewares/Third_Party/FreeRTOS/Source/tasks.o
 .bss.uxDeletedTasksWaitingCleanUp
                0x20000eec        0x4 ./Middlewares/Third_Party/FreeRTOS/Source/tasks.o
 .bss.xSuspendedTaskList
                0x20000ef0       0x14 ./Middlewares/Third_Party/FreeRTOS/Source/tasks.o
 .bss.uxCurrentNumberOfTasks
                0x20000f04        0x4 ./Middlewares/Third_Party/FreeRTOS/Source/tasks.o
 .bss.xTickCount
                0x20000f08        0x4 ./Middlewares/Third_Party/FreeRTOS/Source/tasks.o
 .bss.uxTopReadyPriority
                0x20000f0c        0x4 ./Middlewares/Third_Party/FreeRTOS/Source/tasks.o
 .bss.xSchedulerRunning
                0x20000f10        0x4 ./Middlewares/Third_Party/FreeRTOS/Source/tasks.o
 .bss.xPendedTicks
                0x20000f14        0x4 ./Middlewares/Third_Party/FreeRTOS/Source/tasks.o
 .bss.xYieldPending
                0x20000f18        0x4 ./Middlewares/Third_Party/FreeRTOS/Source/tasks.o
 .bss.xNumOfOverflows
                0x20000f1c        0x4 ./Middlewares/Third_Party/FreeRTOS/Source/tasks.o
 .bss.uxTaskNumber
                0x20000f20        0x4 ./Middlewares/Third_Party/FreeRTOS/Source/tasks.o
 .bss.xNextTaskUnblockTime
                0x20000f24        0x4 ./Middlewares/Third_Party/FreeRTOS/Source/tasks.o
 .bss.xIdleTaskHandle
                0x20000f28        0x4 ./Middlewares/Third_Party/FreeRTOS/Source/tasks.o
 .bss.uxSchedulerSuspended
                0x20000f2c        0x4 ./Middlewares/Third_Party/FreeRTOS/Source/tasks.o
 .bss.xActiveTimerList1
                0x20000f30       0x14 ./Middlewares/Third_Party/FreeRTOS/Source/timers.o
 .bss.xActiveTimerList2
                0x20000f44       0x14 ./Middlewares/Third_Party/FreeRTOS/Source/timers.o
 .bss.pxCurrentTimerList
                0x20000f58        0x4 ./Middlewares/Third_Party/FreeRTOS/Source/timers.o
 .bss.pxOverflowTimerList
                0x20000f5c        0x4 ./Middlewares/Third_Party/FreeRTOS/Source/timers.o
 .bss.xTimerQueue
                0x20000f60        0x4 ./Middlewares/Third_Party/FreeRTOS/Source/timers.o
 .bss.xTimerTaskHandle
                0x20000f64        0x4 ./Middlewares/Third_Party/FreeRTOS/Source/timers.o
 .bss.xLastTime.2
                0x20000f68        0x4 ./Middlewares/Third_Party/FreeRTOS/Source/timers.o
 .bss.ucStaticTimerQueueStorage.1
                0x20000f6c       0xa0 ./Middlewares/Third_Party/FreeRTOS/Source/timers.o
 .bss.xStaticTimerQueue.0
                0x2000100c       0x50 ./Middlewares/Third_Party/FreeRTOS/Source/timers.o
 .bss.ucMaxSysCallPriority
                0x2000105c        0x1 ./Middlewares/Third_Party/FreeRTOS/Source/portable/GCC/ARM_CM3/port.o
 *fill*         0x2000105d        0x3 
 .bss.ulMaxPRIGROUPValue
                0x20001060        0x4 ./Middlewares/Third_Party/FreeRTOS/Source/portable/GCC/ARM_CM3/port.o
 .bss.ucHeap    0x20001064      0xc00 ./Middlewares/Third_Party/FreeRTOS/Source/portable/MemMang/heap_4.o
 .bss.xStart    0x20001c64        0x8 ./Middlewares/Third_Party/FreeRTOS/Source/portable/MemMang/heap_4.o
 .bss.pxEnd     0x20001c6c        0x4 ./Middlewares/Third_Party/FreeRTOS/Source/portable/MemMang/heap_4.o
 .bss.xFreeBytesRemaining
                0x20001c70        0x4 ./Middlewares/Third_Party/FreeRTOS/Source/portable/MemMang/heap_4.o
 .bss.xMinimumEverFreeBytesRemaining
                0x20001c74        0x4 ./Middlewares/Third_Party/FreeRTOS/Source/portable/MemMang/heap_4.o
 .bss.xNumberOfSuccessfulAllocations
                0x20001c78        0x4 ./Middlewares/Third_Party/FreeRTOS/Source/portable/MemMang/heap_4.o
 .bss.xNumberOfSuccessfulFrees
                0x20001c7c        0x4 ./Middlewares/Third_Party/FreeRTOS/Source/portable/MemMang/heap_4.o
 .bss.xBlockAllocatedBit
                0x20001c80        0x4 ./Middlewares/Third_Party/FreeRTOS/Source/portable/MemMang/heap_4.o
 *(COMMON)
                0x20001c84                        . = ALIGN (0x4)
                0x20001c84                        _ebss = .
                0x20001c84                        __bss_end__ = _ebss

._user_heap_stack
                0x20001c84      0x604 load address 0x08008254
                0x20001c88                        . = ALIGN (0x8)
 *fill*         0x20001c84        0x4 
                [!provide]                        PROVIDE (end = .)
                0x20001c88                        PROVIDE (_end = .)
                0x20001e88                        . = (. + _Min_Heap_Size)
 *fill*         0x20001c88      0x200 
                0x20002288                        . = (. + _Min_Stack_Size)
 *fill*         0x20001e88      0x400 
                0x20002288                        . = ALIGN (0x8)

/DISCARD/
 libc.a(*)
 libm.a(*)
 libgcc.a(*)

.ARM.attributes
                0x00000000       0x29
 *(.ARM.attributes)
 .ARM.attributes
                0x00000000       0x1d D:/STM32/STM32CubeIDE_1.19.0/STM32CubeIDE/plugins/com.st.stm32cube.ide.mcu.externaltools.gnu-tools-for-stm32.13.3.rel1.win32_1.0.0.202411081344/tools/bin/../lib/gcc/arm-none-eabi/13.3.1/thumb/v7-m/nofp/crti.o
 .ARM.attributes
                0x0000001d       0x2d D:/STM32/STM32CubeIDE_1.19.0/STM32CubeIDE/plugins/com.st.stm32cube.ide.mcu.externaltools.gnu-tools-for-stm32.13.3.rel1.win32_1.0.0.202411081344/tools/bin/../lib/gcc/arm-none-eabi/13.3.1/thumb/v7-m/nofp/crtbegin.o
 .ARM.attributes
                0x0000004a       0x2d ./Core/Src/MG370.o
 .ARM.attributes
                0x00000077       0x2d ./Core/Src/UARTComms.o
 .ARM.attributes
                0x000000a4       0x2d ./Core/Src/crc.o
 .ARM.attributes
                0x000000d1       0x2d ./Core/Src/dma.o
 .ARM.attributes
                0x000000fe       0x2d ./Core/Src/freertos.o
 .ARM.attributes
                0x0000012b       0x2d ./Core/Src/gpio.o
 .ARM.attributes
                0x00000158       0x2d ./Core/Src/main.o
 .ARM.attributes
                0x00000185       0x2d ./Core/Src/stm32f1xx_hal_msp.o
 .ARM.attributes
                0x000001b2       0x2d ./Core/Src/stm32f1xx_hal_timebase_tim.o
 .ARM.attributes
                0x000001df       0x2d ./Core/Src/stm32f1xx_it.o
 .ARM.attributes
                0x0000020c       0x2d ./Core/Src/system_stm32f1xx.o
 .ARM.attributes
                0x00000239       0x2d ./Core/Src/tim.o
 .ARM.attributes
                0x00000266       0x2d ./Core/Src/usart.o
 .ARM.attributes
                0x00000293       0x2d ./Core/Src/verification.o
 .ARM.attributes
                0x000002c0       0x21 ./Core/Startup/startup_stm32f103c8tx.o
 .ARM.attributes
                0x000002e1       0x2d ./Drivers/STM32F1xx_HAL_Driver/Src/stm32f1xx_hal.o
 .ARM.attributes
                0x0000030e       0x2d ./Drivers/STM32F1xx_HAL_Driver/Src/stm32f1xx_hal_cortex.o
 .ARM.attributes
                0x0000033b       0x2d ./Drivers/STM32F1xx_HAL_Driver/Src/stm32f1xx_hal_crc.o
 .ARM.attributes
                0x00000368       0x2d ./Drivers/STM32F1xx_HAL_Driver/Src/stm32f1xx_hal_dma.o
 .ARM.attributes
                0x00000395       0x2d ./Drivers/STM32F1xx_HAL_Driver/Src/stm32f1xx_hal_gpio.o
 .ARM.attributes
                0x000003c2       0x2d ./Drivers/STM32F1xx_HAL_Driver/Src/stm32f1xx_hal_rcc.o
 .ARM.attributes
                0x000003ef       0x2d ./Drivers/STM32F1xx_HAL_Driver/Src/stm32f1xx_hal_tim.o
 .ARM.attributes
                0x0000041c       0x2d ./Drivers/STM32F1xx_HAL_Driver/Src/stm32f1xx_hal_tim_ex.o
 .ARM.attributes
                0x00000449       0x2d ./Drivers/STM32F1xx_HAL_Driver/Src/stm32f1xx_hal_uart.o
 .ARM.attributes
                0x00000476       0x2d ./Middlewares/Third_Party/FreeRTOS/Source/CMSIS_RTOS_V2/cmsis_os2.o
 .ARM.attributes
                0x000004a3       0x2d ./Middlewares/Third_Party/FreeRTOS/Source/list.o
 .ARM.attributes
                0x000004d0       0x2d ./Middlewares/Third_Party/FreeRTOS/Source/queue.o
 .ARM.attributes
                0x000004fd       0x2d ./Middlewares/Third_Party/FreeRTOS/Source/tasks.o
 .ARM.attributes
                0x0000052a       0x2d ./Middlewares/Third_Party/FreeRTOS/Source/timers.o
 .ARM.attributes
                0x00000557       0x2d ./Middlewares/Third_Party/FreeRTOS/Source/portable/GCC/ARM_CM3/port.o
 .ARM.attributes
                0x00000584       0x2d ./Middlewares/Third_Party/FreeRTOS/Source/portable/MemMang/heap_4.o
 .ARM.attributes
                0x000005b1       0x2d D:/STM32/STM32CubeIDE_1.19.0/STM32CubeIDE/plugins/com.st.stm32cube.ide.mcu.externaltools.gnu-tools-for-stm32.13.3.rel1.win32_1.0.0.202411081344/tools/bin/../lib/gcc/arm-none-eabi/13.3.1/../../../../arm-none-eabi/lib/thumb/v7-m/nofp\libc_nano.a(libc_a-memmove.o)
 .ARM.attributes
                0x000005de       0x2d D:/STM32/STM32CubeIDE_1.19.0/STM32CubeIDE/plugins/com.st.stm32cube.ide.mcu.externaltools.gnu-tools-for-stm32.13.3.rel1.win32_1.0.0.202411081344/tools/bin/../lib/gcc/arm-none-eabi/13.3.1/../../../../arm-none-eabi/lib/thumb/v7-m/nofp\libc_nano.a(libc_a-memset.o)
 .ARM.attributes
                0x0000060b       0x2d D:/STM32/STM32CubeIDE_1.19.0/STM32CubeIDE/plugins/com.st.stm32cube.ide.mcu.externaltools.gnu-tools-for-stm32.13.3.rel1.win32_1.0.0.202411081344/tools/bin/../lib/gcc/arm-none-eabi/13.3.1/../../../../arm-none-eabi/lib/thumb/v7-m/nofp\libc_nano.a(libc_a-init.o)
 .ARM.attributes
                0x00000638       0x2d D:/STM32/STM32CubeIDE_1.19.0/STM32CubeIDE/plugins/com.st.stm32cube.ide.mcu.externaltools.gnu-tools-for-stm32.13.3.rel1.win32_1.0.0.202411081344/tools/bin/../lib/gcc/arm-none-eabi/13.3.1/../../../../arm-none-eabi/lib/thumb/v7-m/nofp\libc_nano.a(libc_a-memcpy-stub.o)
 .ARM.attributes
                0x00000665       0x1d D:/STM32/STM32CubeIDE_1.19.0/STM32CubeIDE/plugins/com.st.stm32cube.ide.mcu.externaltools.gnu-tools-for-stm32.13.3.rel1.win32_1.0.0.202411081344/tools/bin/../lib/gcc/arm-none-eabi/13.3.1/thumb/v7-m/nofp\libgcc.a(_arm_addsubsf3.o)
 .ARM.attributes
                0x00000682       0x1d D:/STM32/STM32CubeIDE_1.19.0/STM32CubeIDE/plugins/com.st.stm32cube.ide.mcu.externaltools.gnu-tools-for-stm32.13.3.rel1.win32_1.0.0.202411081344/tools/bin/../lib/gcc/arm-none-eabi/13.3.1/thumb/v7-m/nofp\libgcc.a(_arm_muldivsf3.o)
 .ARM.attributes
                0x0000069f       0x1d D:/STM32/STM32CubeIDE_1.19.0/STM32CubeIDE/plugins/com.st.stm32cube.ide.mcu.externaltools.gnu-tools-for-stm32.13.3.rel1.win32_1.0.0.202411081344/tools/bin/../lib/gcc/arm-none-eabi/13.3.1/thumb/v7-m/nofp\libgcc.a(_arm_cmpsf2.o)
 .ARM.attributes
                0x000006bc       0x1d D:/STM32/STM32CubeIDE_1.19.0/STM32CubeIDE/plugins/com.st.stm32cube.ide.mcu.externaltools.gnu-tools-for-stm32.13.3.rel1.win32_1.0.0.202411081344/tools/bin/../lib/gcc/arm-none-eabi/13.3.1/thumb/v7-m/nofp\libgcc.a(_arm_fixsfsi.o)
 .ARM.attributes
                0x000006d9       0x1d D:/STM32/STM32CubeIDE_1.19.0/STM32CubeIDE/plugins/com.st.stm32cube.ide.mcu.externaltools.gnu-tools-for-stm32.13.3.rel1.win32_1.0.0.202411081344/tools/bin/../lib/gcc/arm-none-eabi/13.3.1/thumb/v7-m/nofp/crtn.o
OUTPUT(Custom-Controller-MG370.elf elf32-littlearm)
LOAD linker stubs
LOAD D:/STM32/STM32CubeIDE_1.19.0/STM32CubeIDE/plugins/com.st.stm32cube.ide.mcu.externaltools.gnu-tools-for-stm32.13.3.rel1.win32_1.0.0.202411081344/tools/bin/../lib/gcc/arm-none-eabi/13.3.1/../../../../arm-none-eabi/lib/thumb/v7-m/nofp\libc.a
LOAD D:/STM32/STM32CubeIDE_1.19.0/STM32CubeIDE/plugins/com.st.stm32cube.ide.mcu.externaltools.gnu-tools-for-stm32.13.3.rel1.win32_1.0.0.202411081344/tools/bin/../lib/gcc/arm-none-eabi/13.3.1/../../../../arm-none-eabi/lib/thumb/v7-m/nofp\libm.a
LOAD D:/STM32/STM32CubeIDE_1.19.0/STM32CubeIDE/plugins/com.st.stm32cube.ide.mcu.externaltools.gnu-tools-for-stm32.13.3.rel1.win32_1.0.0.202411081344/tools/bin/../lib/gcc/arm-none-eabi/13.3.1/thumb/v7-m/nofp\libgcc.a

.debug_info     0x00000000    0x18974
 .debug_info    0x00000000      0xc46 ./Core/Src/MG370.o
 .debug_info    0x00000c46      0x99f ./Core/Src/UARTComms.o
 .debug_info    0x000015e5      0x31f ./Core/Src/crc.o
 .debug_info    0x00001904      0x2cf ./Core/Src/dma.o
 .debug_info    0x00001bd3      0x3c1 ./Core/Src/freertos.o
 .debug_info    0x00001f94      0x2b7 ./Core/Src/gpio.o
 .debug_info    0x0000224b      0x8b2 ./Core/Src/main.o
 .debug_info    0x00002afd      0x361 ./Core/Src/stm32f1xx_hal_msp.o
 .debug_info    0x00002e5e      0x9a8 ./Core/Src/stm32f1xx_hal_timebase_tim.o
 .debug_info    0x00003806      0x95b ./Core/Src/stm32f1xx_it.o
 .debug_info    0x00004161      0x222 ./Core/Src/system_stm32f1xx.o
 .debug_info    0x00004383      0xc35 ./Core/Src/tim.o
 .debug_info    0x00004fb8      0x975 ./Core/Src/usart.o
 .debug_info    0x0000592d      0x245 ./Core/Src/verification.o
 .debug_info    0x00005b72       0x30 ./Core/Startup/startup_stm32f103c8tx.o
 .debug_info    0x00005ba2      0x704 ./Drivers/STM32F1xx_HAL_Driver/Src/stm32f1xx_hal.o
 .debug_info    0x000062a6      0xa87 ./Drivers/STM32F1xx_HAL_Driver/Src/stm32f1xx_hal_cortex.o
 .debug_info    0x00006d2d      0x37f ./Drivers/STM32F1xx_HAL_Driver/Src/stm32f1xx_hal_crc.o
 .debug_info    0x000070ac      0x6d2 ./Drivers/STM32F1xx_HAL_Driver/Src/stm32f1xx_hal_dma.o
 .debug_info    0x0000777e      0x5ab ./Drivers/STM32F1xx_HAL_Driver/Src/stm32f1xx_hal_gpio.o
 .debug_info    0x00007d29      0x7d5 ./Drivers/STM32F1xx_HAL_Driver/Src/stm32f1xx_hal_rcc.o
 .debug_info    0x000084fe     0x2959 ./Drivers/STM32F1xx_HAL_Driver/Src/stm32f1xx_hal_tim.o
 .debug_info    0x0000ae57     0x149b ./Drivers/STM32F1xx_HAL_Driver/Src/stm32f1xx_hal_tim_ex.o
 .debug_info    0x0000c2f2     0x2eed ./Drivers/STM32F1xx_HAL_Driver/Src/stm32f1xx_hal_uart.o
 .debug_info    0x0000f1df     0x3990 ./Middlewares/Third_Party/FreeRTOS/Source/CMSIS_RTOS_V2/cmsis_os2.o
 .debug_info    0x00012b6f      0x2af ./Middlewares/Third_Party/FreeRTOS/Source/list.o
 .debug_info    0x00012e1e     0x1b79 ./Middlewares/Third_Party/FreeRTOS/Source/queue.o
 .debug_info    0x00014997     0x21ec ./Middlewares/Third_Party/FreeRTOS/Source/tasks.o
 .debug_info    0x00016b83     0x1488 ./Middlewares/Third_Party/FreeRTOS/Source/timers.o
 .debug_info    0x0001800b      0x494 ./Middlewares/Third_Party/FreeRTOS/Source/portable/GCC/ARM_CM3/port.o
 .debug_info    0x0001849f      0x4d5 ./Middlewares/Third_Party/FreeRTOS/Source/portable/MemMang/heap_4.o

.debug_abbrev   0x00000000     0x41dc
 .debug_abbrev  0x00000000      0x2a3 ./Core/Src/MG370.o
 .debug_abbrev  0x000002a3      0x223 ./Core/Src/UARTComms.o
 .debug_abbrev  0x000004c6      0x189 ./Core/Src/crc.o
 .debug_abbrev  0x0000064f       0xfc ./Core/Src/dma.o
 .debug_abbrev  0x0000074b      0x141 ./Core/Src/freertos.o
 .debug_abbrev  0x0000088c      0x13f ./Core/Src/gpio.o
 .debug_abbrev  0x000009cb      0x22e ./Core/Src/main.o
 .debug_abbrev  0x00000bf9      0x11c ./Core/Src/stm32f1xx_hal_msp.o
 .debug_abbrev  0x00000d15      0x1f3 ./Core/Src/stm32f1xx_hal_timebase_tim.o
 .debug_abbrev  0x00000f08      0x188 ./Core/Src/stm32f1xx_it.o
 .debug_abbrev  0x00001090      0x13f ./Core/Src/system_stm32f1xx.o
 .debug_abbrev  0x000011cf      0x289 ./Core/Src/tim.o
 .debug_abbrev  0x00001458      0x21b ./Core/Src/usart.o
 .debug_abbrev  0x00001673      0x10a ./Core/Src/verification.o
 .debug_abbrev  0x0000177d       0x24 ./Core/Startup/startup_stm32f103c8tx.o
 .debug_abbrev  0x000017a1      0x201 ./Drivers/STM32F1xx_HAL_Driver/Src/stm32f1xx_hal.o
 .debug_abbrev  0x000019a2      0x2f8 ./Drivers/STM32F1xx_HAL_Driver/Src/stm32f1xx_hal_cortex.o
 .debug_abbrev  0x00001c9a      0x1b1 ./Drivers/STM32F1xx_HAL_Driver/Src/stm32f1xx_hal_crc.o
 .debug_abbrev  0x00001e4b      0x20b ./Drivers/STM32F1xx_HAL_Driver/Src/stm32f1xx_hal_dma.o
 .debug_abbrev  0x00002056      0x1ca ./Drivers/STM32F1xx_HAL_Driver/Src/stm32f1xx_hal_gpio.o
 .debug_abbrev  0x00002220      0x2b3 ./Drivers/STM32F1xx_HAL_Driver/Src/stm32f1xx_hal_rcc.o
 .debug_abbrev  0x000024d3      0x277 ./Drivers/STM32F1xx_HAL_Driver/Src/stm32f1xx_hal_tim.o
 .debug_abbrev  0x0000274a      0x282 ./Drivers/STM32F1xx_HAL_Driver/Src/stm32f1xx_hal_tim_ex.o
 .debug_abbrev  0x000029cc      0x2f8 ./Drivers/STM32F1xx_HAL_Driver/Src/stm32f1xx_hal_uart.o
 .debug_abbrev  0x00002cc4      0x520 ./Middlewares/Third_Party/FreeRTOS/Source/CMSIS_RTOS_V2/cmsis_os2.o
 .debug_abbrev  0x000031e4       0xf5 ./Middlewares/Third_Party/FreeRTOS/Source/list.o
 .debug_abbrev  0x000032d9      0x3b6 ./Middlewares/Third_Party/FreeRTOS/Source/queue.o
 .debug_abbrev  0x0000368f      0x386 ./Middlewares/Third_Party/FreeRTOS/Source/tasks.o
 .debug_abbrev  0x00003a15      0x352 ./Middlewares/Third_Party/FreeRTOS/Source/timers.o
 .debug_abbrev  0x00003d67      0x258 ./Middlewares/Third_Party/FreeRTOS/Source/portable/GCC/ARM_CM3/port.o
 .debug_abbrev  0x00003fbf      0x21d ./Middlewares/Third_Party/FreeRTOS/Source/portable/MemMang/heap_4.o

.debug_aranges  0x00000000     0x1660
 .debug_aranges
                0x00000000       0x90 ./Core/Src/MG370.o
 .debug_aranges
                0x00000090       0x40 ./Core/Src/UARTComms.o
 .debug_aranges
                0x000000d0       0x30 ./Core/Src/crc.o
 .debug_aranges
                0x00000100       0x20 ./Core/Src/dma.o
 .debug_aranges
                0x00000120       0x28 ./Core/Src/freertos.o
 .debug_aranges
                0x00000148       0x20 ./Core/Src/gpio.o
 .debug_aranges
                0x00000168       0x38 ./Core/Src/main.o
 .debug_aranges
                0x000001a0       0x20 ./Core/Src/stm32f1xx_hal_msp.o
 .debug_aranges
                0x000001c0       0x30 ./Core/Src/stm32f1xx_hal_timebase_tim.o
 .debug_aranges
                0x000001f0       0x68 ./Core/Src/stm32f1xx_it.o
 .debug_aranges
                0x00000258       0x28 ./Core/Src/system_stm32f1xx.o
 .debug_aranges
                0x00000280       0x58 ./Core/Src/tim.o
 .debug_aranges
                0x000002d8       0x30 ./Core/Src/usart.o
 .debug_aranges
                0x00000308       0x48 ./Core/Src/verification.o
 .debug_aranges
                0x00000350       0x28 ./Core/Startup/startup_stm32f103c8tx.o
 .debug_aranges
                0x00000378       0xe0 ./Drivers/STM32F1xx_HAL_Driver/Src/stm32f1xx_hal.o
 .debug_aranges
                0x00000458      0x100 ./Drivers/STM32F1xx_HAL_Driver/Src/stm32f1xx_hal_cortex.o
 .debug_aranges
                0x00000558       0x50 ./Drivers/STM32F1xx_HAL_Driver/Src/stm32f1xx_hal_crc.o
 .debug_aranges
                0x000005a8       0x80 ./Drivers/STM32F1xx_HAL_Driver/Src/stm32f1xx_hal_dma.o
 .debug_aranges
                0x00000628       0x58 ./Drivers/STM32F1xx_HAL_Driver/Src/stm32f1xx_hal_gpio.o
 .debug_aranges
                0x00000680       0x90 ./Drivers/STM32F1xx_HAL_Driver/Src/stm32f1xx_hal_rcc.o
 .debug_aranges
                0x00000710      0x3d0 ./Drivers/STM32F1xx_HAL_Driver/Src/stm32f1xx_hal_tim.o
 .debug_aranges
                0x00000ae0      0x168 ./Drivers/STM32F1xx_HAL_Driver/Src/stm32f1xx_hal_tim_ex.o
 .debug_aranges
                0x00000c48      0x208 ./Drivers/STM32F1xx_HAL_Driver/Src/stm32f1xx_hal_uart.o
 .debug_aranges
                0x00000e50      0x2b0 ./Middlewares/Third_Party/FreeRTOS/Source/CMSIS_RTOS_V2/cmsis_os2.o
 .debug_aranges
                0x00001100       0x40 ./Middlewares/Third_Party/FreeRTOS/Source/list.o
 .debug_aranges
                0x00001140      0x158 ./Middlewares/Third_Party/FreeRTOS/Source/queue.o
 .debug_aranges
                0x00001298      0x208 ./Middlewares/Third_Party/FreeRTOS/Source/tasks.o
 .debug_aranges
                0x000014a0       0xf0 ./Middlewares/Third_Party/FreeRTOS/Source/timers.o
 .debug_aranges
                0x00001590       0x78 ./Middlewares/Third_Party/FreeRTOS/Source/portable/GCC/ARM_CM3/port.o
 .debug_aranges
                0x00001608       0x58 ./Middlewares/Third_Party/FreeRTOS/Source/portable/MemMang/heap_4.o

.debug_rnglists
                0x00000000     0x1136
 .debug_rnglists
                0x00000000       0x6d ./Core/Src/MG370.o
 .debug_rnglists
                0x0000006d       0x2d ./Core/Src/UARTComms.o
 .debug_rnglists
                0x0000009a       0x1f ./Core/Src/crc.o
 .debug_rnglists
                0x000000b9       0x13 ./Core/Src/dma.o
 .debug_rnglists
                0x000000cc       0x19 ./Core/Src/freertos.o
 .debug_rnglists
                0x000000e5       0x14 ./Core/Src/gpio.o
 .debug_rnglists
                0x000000f9       0x26 ./Core/Src/main.o
 .debug_rnglists
                0x0000011f       0x13 ./Core/Src/stm32f1xx_hal_msp.o
 .debug_rnglists
                0x00000132       0x20 ./Core/Src/stm32f1xx_hal_timebase_tim.o
 .debug_rnglists
                0x00000152       0x49 ./Core/Src/stm32f1xx_it.o
 .debug_rnglists
                0x0000019b       0x1a ./Core/Src/system_stm32f1xx.o
 .debug_rnglists
                0x000001b5       0x41 ./Core/Src/tim.o
 .debug_rnglists
                0x000001f6       0x20 ./Core/Src/usart.o
 .debug_rnglists
                0x00000216       0x31 ./Core/Src/verification.o
 .debug_rnglists
                0x00000247       0x19 ./Core/Startup/startup_stm32f103c8tx.o
 .debug_rnglists
                0x00000260       0xa3 ./Drivers/STM32F1xx_HAL_Driver/Src/stm32f1xx_hal.o
 .debug_rnglists
                0x00000303       0xbb ./Drivers/STM32F1xx_HAL_Driver/Src/stm32f1xx_hal_cortex.o
 .debug_rnglists
                0x000003be       0x37 ./Drivers/STM32F1xx_HAL_Driver/Src/stm32f1xx_hal_crc.o
 .debug_rnglists
                0x000003f5       0x64 ./Drivers/STM32F1xx_HAL_Driver/Src/stm32f1xx_hal_dma.o
 .debug_rnglists
                0x00000459       0x3f ./Drivers/STM32F1xx_HAL_Driver/Src/stm32f1xx_hal_gpio.o
 .debug_rnglists
                0x00000498       0x6c ./Drivers/STM32F1xx_HAL_Driver/Src/stm32f1xx_hal_rcc.o
 .debug_rnglists
                0x00000504      0x31a ./Drivers/STM32F1xx_HAL_Driver/Src/stm32f1xx_hal_tim.o
 .debug_rnglists
                0x0000081e      0x125 ./Drivers/STM32F1xx_HAL_Driver/Src/stm32f1xx_hal_tim_ex.o
 .debug_rnglists
                0x00000943      0x1bc ./Drivers/STM32F1xx_HAL_Driver/Src/stm32f1xx_hal_uart.o
 .debug_rnglists
                0x00000aff      0x212 ./Middlewares/Third_Party/FreeRTOS/Source/CMSIS_RTOS_V2/cmsis_os2.o
 .debug_rnglists
                0x00000d11       0x2b ./Middlewares/Third_Party/FreeRTOS/Source/list.o
 .debug_rnglists
                0x00000d3c      0x109 ./Middlewares/Third_Party/FreeRTOS/Source/queue.o
 .debug_rnglists
                0x00000e45      0x1a0 ./Middlewares/Third_Party/FreeRTOS/Source/tasks.o
 .debug_rnglists
                0x00000fe5       0xb8 ./Middlewares/Third_Party/FreeRTOS/Source/timers.o
 .debug_rnglists
                0x0000109d       0x57 ./Middlewares/Third_Party/FreeRTOS/Source/portable/GCC/ARM_CM3/port.o
 .debug_rnglists
                0x000010f4       0x42 ./Middlewares/Third_Party/FreeRTOS/Source/portable/MemMang/heap_4.o

.debug_macro    0x00000000     0x53ee
 .debug_macro   0x00000000      0x1e8 ./Core/Src/MG370.o
 .debug_macro   0x000001e8       0x82 ./Core/Src/MG370.o
 .debug_macro   0x0000026a       0x74 ./Core/Src/MG370.o
 .debug_macro   0x000002de      0x2ec ./Core/Src/UARTComms.o
 .debug_macro   0x000005ca       0x1c ./Core/Src/UARTComms.o
 .debug_macro   0x000005e6       0x61 ./Core/Src/UARTComms.o
 .debug_macro   0x00000647       0x24 ./Core/Src/UARTComms.o
 .debug_macro   0x0000066b       0x43 ./Core/Src/UARTComms.o
 .debug_macro   0x000006ae       0x34 ./Core/Src/UARTComms.o
 .debug_macro   0x000006e2      0x370 ./Core/Src/UARTComms.o
 .debug_macro   0x00000a52       0x16 ./Core/Src/UARTComms.o
 .debug_macro   0x00000a68       0x4a ./Core/Src/UARTComms.o
 .debug_macro   0x00000ab2       0x34 ./Core/Src/UARTComms.o
 .debug_macro   0x00000ae6       0x10 ./Core/Src/UARTComms.o
 .debug_macro   0x00000af6       0x58 ./Core/Src/UARTComms.o
 .debug_macro   0x00000b4e       0x8e ./Core/Src/UARTComms.o
 .debug_macro   0x00000bdc       0x1c ./Core/Src/UARTComms.o
 .debug_macro   0x00000bf8      0x185 ./Core/Src/UARTComms.o
 .debug_macro   0x00000d7d       0x10 ./Core/Src/UARTComms.o
 .debug_macro   0x00000d8d       0x3c ./Core/Src/UARTComms.o
 .debug_macro   0x00000dc9       0x20 ./Core/Src/UARTComms.o
 .debug_macro   0x00000de9       0x22 ./Core/Src/UARTComms.o
 .debug_macro   0x00000e0b      0x1c6 ./Core/Src/crc.o
 .debug_macro   0x00000fd1      0x1c6 ./Core/Src/dma.o
 .debug_macro   0x00001197      0x246 ./Core/Src/freertos.o
 .debug_macro   0x000013dd      0x130 ./Core/Src/freertos.o
 .debug_macro   0x0000150d      0x15a ./Core/Src/freertos.o
 .debug_macro   0x00001667       0xc9 ./Core/Src/freertos.o
 .debug_macro   0x00001730       0x1c ./Core/Src/freertos.o
 .debug_macro   0x0000174c       0x26 ./Core/Src/freertos.o
 .debug_macro   0x00001772      0x4da ./Core/Src/freertos.o
 .debug_macro   0x00001c4c       0xb5 ./Core/Src/freertos.o
 .debug_macro   0x00001d01       0xaa ./Core/Src/freertos.o
 .debug_macro   0x00001dab       0x6c ./Core/Src/freertos.o
 .debug_macro   0x00001e17       0xdd ./Core/Src/freertos.o
 .debug_macro   0x00001ef4      0x1c6 ./Core/Src/gpio.o
 .debug_macro   0x000020ba      0x28b ./Core/Src/main.o
 .debug_macro   0x00002345      0x130 ./Core/Src/main.o
 .debug_macro   0x00002475       0x66 ./Core/Src/main.o
 .debug_macro   0x000024db      0x1bc ./Core/Src/stm32f1xx_hal_msp.o
 .debug_macro   0x00002697      0x1ad ./Core/Src/stm32f1xx_hal_timebase_tim.o
 .debug_macro   0x00002844      0x1c6 ./Core/Src/stm32f1xx_it.o
 .debug_macro   0x00002a0a      0x1ad ./Core/Src/system_stm32f1xx.o
 .debug_macro   0x00002bb7      0x1c6 ./Core/Src/tim.o
 .debug_macro   0x00002d7d      0x1c6 ./Core/Src/usart.o
 .debug_macro   0x00002f43      0x1cf ./Core/Src/verification.o
 .debug_macro   0x00003112      0x1d1 ./Drivers/STM32F1xx_HAL_Driver/Src/stm32f1xx_hal.o
 .debug_macro   0x000032e3      0x1ad ./Drivers/STM32F1xx_HAL_Driver/Src/stm32f1xx_hal_cortex.o
 .debug_macro   0x00003490      0x1ad ./Drivers/STM32F1xx_HAL_Driver/Src/stm32f1xx_hal_crc.o
 .debug_macro   0x0000363d      0x1ad ./Drivers/STM32F1xx_HAL_Driver/Src/stm32f1xx_hal_dma.o
 .debug_macro   0x000037ea      0x218 ./Drivers/STM32F1xx_HAL_Driver/Src/stm32f1xx_hal_gpio.o
 .debug_macro   0x00003a02      0x1bf ./Drivers/STM32F1xx_HAL_Driver/Src/stm32f1xx_hal_rcc.o
 .debug_macro   0x00003bc1      0x1ae ./Drivers/STM32F1xx_HAL_Driver/Src/stm32f1xx_hal_tim.o
 .debug_macro   0x00003d6f      0x1ad ./Drivers/STM32F1xx_HAL_Driver/Src/stm32f1xx_hal_tim_ex.o
 .debug_macro   0x00003f1c      0x1ae ./Drivers/STM32F1xx_HAL_Driver/Src/stm32f1xx_hal_uart.o
 .debug_macro   0x000040ca      0x3a9 ./Middlewares/Third_Party/FreeRTOS/Source/CMSIS_RTOS_V2/cmsis_os2.o
 .debug_macro   0x00004473       0x10 ./Middlewares/Third_Party/FreeRTOS/Source/CMSIS_RTOS_V2/cmsis_os2.o
 .debug_macro   0x00004483       0xb7 ./Middlewares/Third_Party/FreeRTOS/Source/CMSIS_RTOS_V2/cmsis_os2.o
 .debug_macro   0x0000453a       0x91 ./Middlewares/Third_Party/FreeRTOS/Source/CMSIS_RTOS_V2/cmsis_os2.o
 .debug_macro   0x000045cb       0x8d ./Middlewares/Third_Party/FreeRTOS/Source/CMSIS_RTOS_V2/cmsis_os2.o
 .debug_macro   0x00004658       0x9a ./Middlewares/Third_Party/FreeRTOS/Source/CMSIS_RTOS_V2/cmsis_os2.o
 .debug_macro   0x000046f2       0x22 ./Middlewares/Third_Party/FreeRTOS/Source/CMSIS_RTOS_V2/cmsis_os2.o
 .debug_macro   0x00004714       0x56 ./Middlewares/Third_Party/FreeRTOS/Source/CMSIS_RTOS_V2/cmsis_os2.o
 .debug_macro   0x0000476a       0x28 ./Middlewares/Third_Party/FreeRTOS/Source/CMSIS_RTOS_V2/cmsis_os2.o
 .debug_macro   0x00004792      0x187 ./Middlewares/Third_Party/FreeRTOS/Source/list.o
 .debug_macro   0x00004919      0x216 ./Middlewares/Third_Party/FreeRTOS/Source/queue.o
 .debug_macro   0x00004b2f       0x16 ./Middlewares/Third_Party/FreeRTOS/Source/queue.o
 .debug_macro   0x00004b45       0x87 ./Middlewares/Third_Party/FreeRTOS/Source/queue.o
 .debug_macro   0x00004bcc      0x27f ./Middlewares/Third_Party/FreeRTOS/Source/tasks.o
 .debug_macro   0x00004e4b       0x10 ./Middlewares/Third_Party/FreeRTOS/Source/tasks.o
 .debug_macro   0x00004e5b      0x1dc ./Middlewares/Third_Party/FreeRTOS/Source/timers.o
 .debug_macro   0x00005037       0x97 ./Middlewares/Third_Party/FreeRTOS/Source/timers.o
 .debug_macro   0x000050ce      0x172 ./Middlewares/Third_Party/FreeRTOS/Source/portable/GCC/ARM_CM3/port.o
 .debug_macro   0x00005240      0x1ae ./Middlewares/Third_Party/FreeRTOS/Source/portable/MemMang/heap_4.o

.debug_line     0x00000000    0x1aa30
 .debug_line    0x00000000      0xa9b ./Core/Src/MG370.o
 .debug_line    0x00000a9b      0xa0a ./Core/Src/UARTComms.o
 .debug_line    0x000014a5      0x75f ./Core/Src/crc.o
 .debug_line    0x00001c04      0x71d ./Core/Src/dma.o
 .debug_line    0x00002321      0x89c ./Core/Src/freertos.o
 .debug_line    0x00002bbd      0x72e ./Core/Src/gpio.o
 .debug_line    0x000032eb      0x94c ./Core/Src/main.o
 .debug_line    0x00003c37      0x721 ./Core/Src/stm32f1xx_hal_msp.o
 .debug_line    0x00004358      0x79e ./Core/Src/stm32f1xx_hal_timebase_tim.o
 .debug_line    0x00004af6      0x7f0 ./Core/Src/stm32f1xx_it.o
 .debug_line    0x000052e6      0x79e ./Core/Src/system_stm32f1xx.o
 .debug_line    0x00005a84      0x92c ./Core/Src/tim.o
 .debug_line    0x000063b0      0x7e4 ./Core/Src/usart.o
 .debug_line    0x00006b94      0x837 ./Core/Src/verification.o
 .debug_line    0x000073cb       0x78 ./Core/Startup/startup_stm32f103c8tx.o
 .debug_line    0x00007443      0x9cf ./Drivers/STM32F1xx_HAL_Driver/Src/stm32f1xx_hal.o
 .debug_line    0x00007e12      0xb99 ./Drivers/STM32F1xx_HAL_Driver/Src/stm32f1xx_hal_cortex.o
 .debug_line    0x000089ab      0x846 ./Drivers/STM32F1xx_HAL_Driver/Src/stm32f1xx_hal_crc.o
 .debug_line    0x000091f1      0xdd9 ./Drivers/STM32F1xx_HAL_Driver/Src/stm32f1xx_hal_dma.o
 .debug_line    0x00009fca      0xa2c ./Drivers/STM32F1xx_HAL_Driver/Src/stm32f1xx_hal_gpio.o
 .debug_line    0x0000a9f6      0xe88 ./Drivers/STM32F1xx_HAL_Driver/Src/stm32f1xx_hal_rcc.o
 .debug_line    0x0000b87e     0x34bd ./Drivers/STM32F1xx_HAL_Driver/Src/stm32f1xx_hal_tim.o
 .debug_line    0x0000ed3b     0x1893 ./Drivers/STM32F1xx_HAL_Driver/Src/stm32f1xx_hal_tim_ex.o
 .debug_line    0x000105ce     0x24eb ./Drivers/STM32F1xx_HAL_Driver/Src/stm32f1xx_hal_uart.o
 .debug_line    0x00012ab9     0x24f4 ./Middlewares/Third_Party/FreeRTOS/Source/CMSIS_RTOS_V2/cmsis_os2.o
 .debug_line    0x00014fad      0x79a ./Middlewares/Third_Party/FreeRTOS/Source/list.o
 .debug_line    0x00015747     0x170b ./Middlewares/Third_Party/FreeRTOS/Source/queue.o
 .debug_line    0x00016e52     0x1c8e ./Middlewares/Third_Party/FreeRTOS/Source/tasks.o
 .debug_line    0x00018ae0      0xdda ./Middlewares/Third_Party/FreeRTOS/Source/timers.o
 .debug_line    0x000198ba      0x7c6 ./Middlewares/Third_Party/FreeRTOS/Source/portable/GCC/ARM_CM3/port.o
 .debug_line    0x0001a080      0x9b0 ./Middlewares/Third_Party/FreeRTOS/Source/portable/MemMang/heap_4.o

.debug_str      0x00000000    0x950d5
 .debug_str     0x00000000    0x950d5 ./Core/Src/MG370.o
                              0x847ba (size before relaxing)
 .debug_str     0x000950d5    0x87823 ./Core/Src/UARTComms.o
 .debug_str     0x000950d5    0x83bdc ./Core/Src/crc.o
 .debug_str     0x000950d5    0x83d51 ./Core/Src/dma.o
 .debug_str     0x000950d5    0x88806 ./Core/Src/freertos.o
 .debug_str     0x000950d5    0x83af3 ./Core/Src/gpio.o
 .debug_str     0x000950d5    0x88a9f ./Core/Src/main.o
 .debug_str     0x000950d5    0x83d6f ./Core/Src/stm32f1xx_hal_msp.o
 .debug_str     0x000950d5    0x841d8 ./Core/Src/stm32f1xx_hal_timebase_tim.o
 .debug_str     0x000950d5    0x841fd ./Core/Src/stm32f1xx_it.o
 .debug_str     0x000950d5    0x83910 ./Core/Src/system_stm32f1xx.o
 .debug_str     0x000950d5    0x842af ./Core/Src/tim.o
 .debug_str     0x000950d5    0x84290 ./Core/Src/usart.o
 .debug_str     0x000950d5    0x83b0f ./Core/Src/verification.o
 .debug_str     0x000950d5       0x79 ./Core/Startup/startup_stm32f103c8tx.o
 .debug_str     0x000950d5    0x84043 ./Drivers/STM32F1xx_HAL_Driver/Src/stm32f1xx_hal.o
 .debug_str     0x000950d5    0x83f8f ./Drivers/STM32F1xx_HAL_Driver/Src/stm32f1xx_hal_cortex.o
 .debug_str     0x000950d5    0x83a52 ./Drivers/STM32F1xx_HAL_Driver/Src/stm32f1xx_hal_crc.o
 .debug_str     0x000950d5    0x83cb9 ./Drivers/STM32F1xx_HAL_Driver/Src/stm32f1xx_hal_dma.o
 .debug_str     0x000950d5    0x83c96 ./Drivers/STM32F1xx_HAL_Driver/Src/stm32f1xx_hal_gpio.o
 .debug_str     0x000950d5    0x83d3f ./Drivers/STM32F1xx_HAL_Driver/Src/stm32f1xx_hal_rcc.o
 .debug_str     0x000950d5    0x84d41 ./Drivers/STM32F1xx_HAL_Driver/Src/stm32f1xx_hal_tim.o
 .debug_str     0x000950d5    0x8454d ./Drivers/STM32F1xx_HAL_Driver/Src/stm32f1xx_hal_tim_ex.o
 .debug_str     0x000950d5    0x843b0 ./Drivers/STM32F1xx_HAL_Driver/Src/stm32f1xx_hal_uart.o
 .debug_str     0x000950d5    0x8e4ee ./Middlewares/Third_Party/FreeRTOS/Source/CMSIS_RTOS_V2/cmsis_os2.o
 .debug_str     0x000950d5     0xaafe ./Middlewares/Third_Party/FreeRTOS/Source/list.o
 .debug_str     0x000950d5     0xc63e ./Middlewares/Third_Party/FreeRTOS/Source/queue.o
 .debug_str     0x000950d5     0xd0fb ./Middlewares/Third_Party/FreeRTOS/Source/tasks.o
 .debug_str     0x000950d5     0xcb70 ./Middlewares/Third_Party/FreeRTOS/Source/timers.o
 .debug_str     0x000950d5     0x85a4 ./Middlewares/Third_Party/FreeRTOS/Source/portable/GCC/ARM_CM3/port.o
 .debug_str     0x000950d5     0xb440 ./Middlewares/Third_Party/FreeRTOS/Source/portable/MemMang/heap_4.o

.comment        0x00000000       0x43
 .comment       0x00000000       0x43 ./Core/Src/MG370.o
                                 0x44 (size before relaxing)
 .comment       0x00000043       0x44 ./Core/Src/UARTComms.o
 .comment       0x00000043       0x44 ./Core/Src/crc.o
 .comment       0x00000043       0x44 ./Core/Src/dma.o
 .comment       0x00000043       0x44 ./Core/Src/freertos.o
 .comment       0x00000043       0x44 ./Core/Src/gpio.o
 .comment       0x00000043       0x44 ./Core/Src/main.o
 .comment       0x00000043       0x44 ./Core/Src/stm32f1xx_hal_msp.o
 .comment       0x00000043       0x44 ./Core/Src/stm32f1xx_hal_timebase_tim.o
 .comment       0x00000043       0x44 ./Core/Src/stm32f1xx_it.o
 .comment       0x00000043       0x44 ./Core/Src/system_stm32f1xx.o
 .comment       0x00000043       0x44 ./Core/Src/tim.o
 .comment       0x00000043       0x44 ./Core/Src/usart.o
 .comment       0x00000043       0x44 ./Core/Src/verification.o
 .comment       0x00000043       0x44 ./Drivers/STM32F1xx_HAL_Driver/Src/stm32f1xx_hal.o
 .comment       0x00000043       0x44 ./Drivers/STM32F1xx_HAL_Driver/Src/stm32f1xx_hal_cortex.o
 .comment       0x00000043       0x44 ./Drivers/STM32F1xx_HAL_Driver/Src/stm32f1xx_hal_crc.o
 .comment       0x00000043       0x44 ./Drivers/STM32F1xx_HAL_Driver/Src/stm32f1xx_hal_dma.o
 .comment       0x00000043       0x44 ./Drivers/STM32F1xx_HAL_Driver/Src/stm32f1xx_hal_gpio.o
 .comment       0x00000043       0x44 ./Drivers/STM32F1xx_HAL_Driver/Src/stm32f1xx_hal_rcc.o
 .comment       0x00000043       0x44 ./Drivers/STM32F1xx_HAL_Driver/Src/stm32f1xx_hal_tim.o
 .comment       0x00000043       0x44 ./Drivers/STM32F1xx_HAL_Driver/Src/stm32f1xx_hal_tim_ex.o
 .comment       0x00000043       0x44 ./Drivers/STM32F1xx_HAL_Driver/Src/stm32f1xx_hal_uart.o
 .comment       0x00000043       0x44 ./Middlewares/Third_Party/FreeRTOS/Source/CMSIS_RTOS_V2/cmsis_os2.o
 .comment       0x00000043       0x44 ./Middlewares/Third_Party/FreeRTOS/Source/list.o