../Core/Src/MG370.c:17:6:MG370_Init	8	static
../Core/Src/MG370.c:23:6:MG370_A_SetState	16	static
../Core/Src/MG370.c:46:6:MG370_B_SetState	16	static
../Core/Src/MG370.c:69:6:MG370_A_SetPWM	24	static
../Core/Src/MG370.c:78:6:MG370_B_SetPWM	24	static
../Core/Src/MG370.c:87:6:MG370_A_ENCODER_Init	8	static
../Core/Src/MG370.c:92:6:MG370_B_ENCODER_Init	8	static
../Core/Src/MG370.c:103:6:MG370_A_UpdateFeedback	24	static
../Core/Src/MG370.c:124:6:MG370_A_Drive	16	static
../Core/Src/MG370.c:148:6:MG370_A_CascadeControl	32	static
../Core/Src/MG370.c:173:6:MG370_B_UpdateFeedback	24	static
../Core/Src/MG370.c:186:6:MG370_B_Drive	16	static
../Core/Src/MG370.c:208:6:MG370_B_CascadeControl	32	static
../Core/Src/MG370.c:223:6:StartMotorControll	24	static
