../Core/Src/MG370.c:20:6:MG370_Init	8	static
../Core/Src/MG370.c:26:6:MG370_A_SetState	16	static
../Core/Src/MG370.c:49:6:MG370_B_SetState	16	static
../Core/Src/MG370.c:72:6:MG370_A_SetPWM	24	static
../Core/Src/MG370.c:81:6:MG370_B_SetPWM	24	static
../Core/Src/MG370.c:90:6:MG370_A_ENCODER_Init	8	static
../Core/Src/MG370.c:95:6:MG370_B_ENCODER_Init	8	static
../Core/Src/MG370.c:106:9:MG370_GetShortestPathTarget	40	static
../Core/Src/MG370.c:144:7:MG370_PID_Calc	40	static
../Core/Src/MG370.c:189:6:MG370_A_UpdateFeedback	24	static
../Core/Src/MG370.c:210:6:MG370_A_Drive	16	static
../Core/Src/MG370.c:234:6:MG370_A_CascadeControl	32	static
../Core/Src/MG370.c:259:6:MG370_B_UpdateFeedback	24	static
../Core/Src/MG370.c:272:6:MG370_B_Drive	16	static
../Core/Src/MG370.c:294:6:MG370_B_CascadeControl	32	static
../Core/Src/MG370.c:309:6:StartMotorControll	32	static
